Archive member included because of file (symbol)

C:\Users\moseichuk\AppData\Local\arduino15\packages\arduino\hardware\sam\1.6.11\variants\arduino_due_x/libsam_sam3x8e_gcc_rel.a(pio.o)
                              C:\Users\moseichuk\AppData\Local\Temp\VMBuilds\GPRS_Test_SIM800C\arduino_due_x_dbg\Debug\variant\variant.cpp.o (PIO_Configure)
C:\Users\moseichuk\AppData\Local\arduino15\packages\arduino\hardware\sam\1.6.11\variants\arduino_due_x/libsam_sam3x8e_gcc_rel.a(pmc.o)
                              C:\Users\moseichuk\AppData\Local\Temp\VMBuilds\GPRS_Test_SIM800C\arduino_due_x_dbg\Debug\DueTimer\DueTimer.cpp.o (pmc_enable_periph_clk)
C:\Users\moseichuk\AppData\Local\arduino15\packages\arduino\hardware\sam\1.6.11\variants\arduino_due_x/libsam_sam3x8e_gcc_rel.a(tc.o)
                              C:\Users\moseichuk\AppData\Local\Temp\VMBuilds\GPRS_Test_SIM800C\arduino_due_x_dbg\Debug\DueTimer\DueTimer.cpp.o (TC_Configure)
C:\Users\moseichuk\AppData\Local\arduino15\packages\arduino\hardware\sam\1.6.11\variants\arduino_due_x/libsam_sam3x8e_gcc_rel.a(system_sam3xa.o)
                              C:\Users\moseichuk\AppData\Local\Temp\VMBuilds\GPRS_Test_SIM800C\arduino_due_x_dbg\Debug\variant\variant.cpp.o (SystemInit)
C:\Users\moseichuk\AppData\Local\arduino15\packages\arduino\hardware\sam\1.6.11\variants\arduino_due_x/libsam_sam3x8e_gcc_rel.a(startup_sam3xa.o)
                              (Reset_Handler)
C:\Users\moseichuk\AppData\Local\arduino15\packages\arduino\hardware\sam\1.6.11\variants\arduino_due_x/libsam_sam3x8e_gcc_rel.a(adc.o)
                              C:\Users\moseichuk\AppData\Local\Temp\VMBuilds\GPRS_Test_SIM800C\arduino_due_x_dbg\Debug\variant\variant.cpp.o (adc_init)
C:\Users\moseichuk\AppData\Local\arduino15\packages\arduino\hardware\sam\1.6.11\variants\arduino_due_x/libsam_sam3x8e_gcc_rel.a(uotghs.o)
                              C:\Users\moseichuk\AppData\Local\arduino15\packages\arduino\hardware\sam\1.6.11\variants\arduino_due_x/libsam_sam3x8e_gcc_rel.a(startup_sam3xa.o) (UOTGHS_Handler)
C:\Users\moseichuk\AppData\Local\Temp\VMBuilds\GPRS_Test_SIM800C\arduino_due_x_dbg\Debug/core.a(cortex_handlers.c.o)
                              C:\Users\moseichuk\AppData\Local\arduino15\packages\arduino\hardware\sam\1.6.11\variants\arduino_due_x/libsam_sam3x8e_gcc_rel.a(startup_sam3xa.o) (NMI_Handler)
C:\Users\moseichuk\AppData\Local\Temp\VMBuilds\GPRS_Test_SIM800C\arduino_due_x_dbg\Debug/core.a(hooks.c.o)
                              C:\Users\moseichuk\AppData\Local\Temp\VMBuilds\GPRS_Test_SIM800C\arduino_due_x_dbg\Debug/core.a(cortex_handlers.c.o) (sysTickHook)
C:\Users\moseichuk\AppData\Local\Temp\VMBuilds\GPRS_Test_SIM800C\arduino_due_x_dbg\Debug/core.a(syscalls_sam3.c.o)
                              (_sbrk)
C:\Users\moseichuk\AppData\Local\Temp\VMBuilds\GPRS_Test_SIM800C\arduino_due_x_dbg\Debug/core.a(WInterrupts.c.o)
                              C:\Users\moseichuk\AppData\Local\Temp\VMBuilds\GPRS_Test_SIM800C\arduino_due_x_dbg\Debug\GPRS_Test_SIM800C.cpp.o (attachInterrupt)
C:\Users\moseichuk\AppData\Local\Temp\VMBuilds\GPRS_Test_SIM800C\arduino_due_x_dbg\Debug/core.a(wiring.c.o)
                              C:\Users\moseichuk\AppData\Local\Temp\VMBuilds\GPRS_Test_SIM800C\arduino_due_x_dbg\Debug\GPRS_Test_SIM800C.cpp.o (millis)
C:\Users\moseichuk\AppData\Local\Temp\VMBuilds\GPRS_Test_SIM800C\arduino_due_x_dbg\Debug/core.a(wiring_analog.c.o)
                              C:\Users\moseichuk\AppData\Local\Temp\VMBuilds\GPRS_Test_SIM800C\arduino_due_x_dbg\Debug\variant\variant.cpp.o (analogOutputInit)
C:\Users\moseichuk\AppData\Local\Temp\VMBuilds\GPRS_Test_SIM800C\arduino_due_x_dbg\Debug/core.a(wiring_digital.c.o)
                              C:\Users\moseichuk\AppData\Local\Temp\VMBuilds\GPRS_Test_SIM800C\arduino_due_x_dbg\Debug\GPRS_Test_SIM800C.cpp.o (pinMode)
C:\Users\moseichuk\AppData\Local\Temp\VMBuilds\GPRS_Test_SIM800C\arduino_due_x_dbg\Debug/core.a(main.cpp.o)
                              c:/users/moseichuk/appdata/local/arduino15/packages/arduino/tools/arm-none-eabi-gcc/4.8.3-2014q1/bin/../lib/gcc/arm-none-eabi/4.8.3/../../../../arm-none-eabi/lib/armv7-m/crt0.o (main)
C:\Users\moseichuk\AppData\Local\Temp\VMBuilds\GPRS_Test_SIM800C\arduino_due_x_dbg\Debug/core.a(Print.cpp.o)
                              C:\Users\moseichuk\AppData\Local\Temp\VMBuilds\GPRS_Test_SIM800C\arduino_due_x_dbg\Debug\SIM800C\SIM800C.cpp.o (Print::print(__FlashStringHelper const*))
C:\Users\moseichuk\AppData\Local\Temp\VMBuilds\GPRS_Test_SIM800C\arduino_due_x_dbg\Debug/core.a(Reset.cpp.o)
                              C:\Users\moseichuk\AppData\Local\Temp\VMBuilds\GPRS_Test_SIM800C\arduino_due_x_dbg\Debug/core.a(cortex_handlers.c.o) (tickReset)
C:\Users\moseichuk\AppData\Local\Temp\VMBuilds\GPRS_Test_SIM800C\arduino_due_x_dbg\Debug/core.a(RingBuffer.cpp.o)
[...]
Memory Configuration

Name             Origin             Length             Attributes
rom              0x00080000         0x00080000         xr
sram0            0x20000000         0x00010000         xrw
sram1            0x20080000         0x00008000         xrw
ram              0x20070000         0x00018000         xrw
*default*        0x00000000         0xffffffff

Linker script and memory map

LOAD c:/users/moseichuk/appdata/local/arduino15/packages/arduino/tools/arm-none-eabi-gcc/4.8.3-2014q1/bin/../lib/gcc/arm-none-eabi/4.8.3/armv7-m/crti.o
LOAD c:/users/moseichuk/appdata/local/arduino15/packages/arduino/tools/arm-none-eabi-gcc/4.8.3-2014q1/bin/../lib/gcc/arm-none-eabi/4.8.3/armv7-m/crtbegin.o
LOAD c:/users/moseichuk/appdata/local/arduino15/packages/arduino/tools/arm-none-eabi-gcc/4.8.3-2014q1/bin/../lib/gcc/arm-none-eabi/4.8.3/../../../../arm-none-eabi/lib/armv7-m/crt0.o
START GROUP
LOAD C:\Users\moseichuk\AppData\Local\Temp\VMBuilds\GPRS_Test_SIM800C\arduino_due_x_dbg\Debug\GPRS_Test_SIM800C.cpp.o
LOAD C:\Users\moseichuk\AppData\Local\Temp\VMBuilds\GPRS_Test_SIM800C\arduino_due_x_dbg\Debug\DueTimer\DueTimer.cpp.o
LOAD C:\Users\moseichuk\AppData\Local\Temp\VMBuilds\GPRS_Test_SIM800C\arduino_due_x_dbg\Debug\SIM800C\SIM800C.cpp.o
LOAD C:\Users\moseichuk\AppData\Local\Temp\VMBuilds\GPRS_Test_SIM800C\arduino_due_x_dbg\Debug\variant\variant.cpp.o
LOAD C:\Users\moseichuk\AppData\Local\arduino15\packages\arduino\hardware\sam\1.6.11\variants\arduino_due_x/libsam_sam3x8e_gcc_rel.a
LOAD C:\Users\moseichuk\AppData\Local\Temp\VMBuilds\GPRS_Test_SIM800C\arduino_due_x_dbg\Debug/core.a
END GROUP
LOAD c:/users/moseichuk/appdata/local/arduino15/packages/arduino/tools/arm-none-eabi-gcc/4.8.3-2014q1/bin/../lib/gcc/arm-none-eabi/4.8.3/../../../../arm-none-eabi/lib/armv7-m\libm.a
START GROUP
LOAD c:/users/moseichuk/appdata/local/arduino15/packages/arduino/tools/arm-none-eabi-gcc/4.8.3-2014q1/bin/../lib/gcc/arm-none-eabi/4.8.3/armv7-m\libgcc.a
LOAD c:/users/moseichuk/appdata/local/arduino15/packages/arduino/tools/arm-none-eabi-gcc/4.8.3-2014q1/bin/../lib/gcc/arm-none-eabi/4.8.3/../../../../arm-none-eabi/lib/armv7-m\libg.a
LOAD c:/users/moseichuk/appdata/local/arduino15/packages/arduino/tools/arm-none-eabi-gcc/4.8.3-2014q1/bin/../lib/gcc/arm-none-eabi/4.8.3/../../../../arm-none-eabi/lib/armv7-m\libc.a
END GROUP
LOAD c:/users/moseichuk/appdata/local/arduino15/packages/arduino/tools/arm-none-eabi-gcc/4.8.3-2014q1/bin/../lib/gcc/arm-none-eabi/4.8.3/armv7-m/crtend.o
LOAD c:/users/moseichuk/appdata/local/arduino15/packages/arduino/tools/arm-none-eabi-gcc/4.8.3-2014q1/bin/../lib/gcc/arm-none-eabi/4.8.3/armv7-m/crtn.o

.text           0x00080000     0xd9ec
                0x00080000                . = ALIGN (0x4)
                0x00080000                _sfixed = .
 *(.vectors .vectors.*)
 .vectors       0x00080000       0xf4 C:\Users\moseichuk\AppData\Local\arduino15\packages\arduino\hardware\sam\1.6.11\variants\arduino_due_x/libsam_sam3x8e_gcc_rel.a(startup_sam3xa.o)
                0x00080000                exception_table
 *(.text .text.* .gnu.linkonce.t.*)
 .text          0x000800f4       0x54 c:/users/moseichuk/appdata/local/arduino15/packages/arduino/tools/arm-none-eabi-gcc/4.8.3-2014q1/bin/../lib/gcc/arm-none-eabi/4.8.3/armv7-m/crtbegin.o
 .text._ZN13CGPRS_SIM800CD2Ev
                0x00080148       0x28 C:\Users\moseichuk\AppData\Local\Temp\VMBuilds\GPRS_Test_SIM800C\arduino_due_x_dbg\Debug\GPRS_Test_SIM800C.cpp.o
                0x00080148                CGPRS_SIM800C::~CGPRS_SIM800C()
                0x00080148                CGPRS_SIM800C::~CGPRS_SIM800C()
 .text._Z11check_blinkv
                0x00080170       0xa0 C:\Users\moseichuk\AppData\Local\Temp\VMBuilds\GPRS_Test_SIM800C\arduino_due_x_dbg\Debug\GPRS_Test_SIM800C.cpp.o
                0x00080170                check_blink()
 .text._Z8setColorbbb
                0x00080210       0x24 C:\Users\moseichuk\AppData\Local\Temp\VMBuilds\GPRS_Test_SIM800C\arduino_due_x_dbg\Debug\GPRS_Test_SIM800C.cpp.o
                0x00080210                setColor(bool, bool, bool)
 .text._Z10flash_timev
                0x00080234       0x94 C:\Users\moseichuk\AppData\Local\Temp\VMBuilds\GPRS_Test_SIM800C\arduino_due_x_dbg\Debug\GPRS_Test_SIM800C.cpp.o
                0x00080234                flash_time()
 .text.startup._GLOBAL__sub_I_gprs
                0x000802c8       0x98 C:\Users\moseichuk\AppData\Local\Temp\VMBuilds\GPRS_Test_SIM800C\arduino_due_x_dbg\Debug\GPRS_Test_SIM800C.cpp.o
 .text._Z10setup_GPRSv
                0x00080360      0x144 C:\Users\moseichuk\AppData\Local\Temp\VMBuilds\GPRS_Test_SIM800C\arduino_due_x_dbg\Debug\GPRS_Test_SIM800C.cpp.o
                0x00080360                setup_GPRS()
 .text.setup    0x000804a4       0xd0 C:\Users\moseichuk\AppData\Local\Temp\VMBuilds\GPRS_Test_SIM800C\arduino_due_x_dbg\Debug\GPRS_Test_SIM800C.cpp.o
                0x000804a4                setup
 .text.loop     0x00080574      0x1d0 C:\Users\moseichuk\AppData\Local\Temp\VMBuilds\GPRS_Test_SIM800C\arduino_due_x_dbg\Debug\GPRS_Test_SIM800C.cpp.o
                0x00080574                loop
 .text._ZN8DueTimer15attachInterruptEPFvvE
                0x00080744       0x10 C:\Users\moseichuk\AppData\Local\Temp\VMBuilds\GPRS_Test_SIM800C\arduino_due_x_dbg\Debug\DueTimer\DueTimer.cpp.o
                0x00080744                DueTimer::attachInterrupt(void (*)())
 .text._ZN8DueTimer4stopEv
                0x00080754       0x3c C:\Users\moseichuk\AppData\Local\Temp\VMBuilds\GPRS_Test_SIM800C\arduino_due_x_dbg\Debug\DueTimer\DueTimer.cpp.o
                0x00080754                DueTimer::stop()
 .text._ZN8DueTimer9bestClockEdRm
                0x00080790      0x1a8 C:\Users\moseichuk\AppData\Local\Temp\VMBuilds\GPRS_Test_SIM800C\arduino_due_x_dbg\Debug\DueTimer\DueTimer.cpp.o
                0x00080790                DueTimer::bestClock(double, unsigned long&)
 .text._ZN8DueTimer12setFrequencyEd
                0x00080938      0x120 C:\Users\moseichuk\AppData\Local\Temp\VMBuilds\GPRS_Test_SIM800C\arduino_due_x_dbg\Debug\DueTimer\DueTimer.cpp.o
                0x00080938                DueTimer::setFrequency(double)
 .text._ZN8DueTimer9setPeriodEm
                0x00080a58       0x30 C:\Users\moseichuk\AppData\Local\Temp\VMBuilds\GPRS_Test_SIM800C\arduino_due_x_dbg\Debug\DueTimer\DueTimer.cpp.o
                0x00080a58                DueTimer::setPeriod(unsigned long)
 .text._ZN8DueTimer5startEl
                0x00080a88      0x158 C:\Users\moseichuk\AppData\Local\Temp\VMBuilds\GPRS_Test_SIM800C\arduino_due_x_dbg\Debug\DueTimer\DueTimer.cpp.o
                0x00080a88                DueTimer::start(long)
 .text.TC0_Handler
                0x00080be0       0x1c C:\Users\moseichuk\AppData\Local\Temp\VMBuilds\GPRS_Test_SIM800C\arduino_due_x_dbg\Debug\DueTimer\DueTimer.cpp.o
                0x00080be0                TC0_Handler
 .text.TC1_Handler
                0x00080bfc       0x1c C:\Users\moseichuk\AppData\Local\Temp\VMBuilds\GPRS_Test_SIM800C\arduino_due_x_dbg\Debug\DueTimer\DueTimer.cpp.o
                0x00080bfc                TC1_Handler
 .text.TC2_Handler
                0x00080c18       0x1c C:\Users\moseichuk\AppData\Local\Temp\VMBuilds\GPRS_Test_SIM800C\arduino_due_x_dbg\Debug\DueTimer\DueTimer.cpp.o
                0x00080c18                TC2_Handler
 .text.TC3_Handler
                0x00080c34       0x1c C:\Users\moseichuk\AppData\Local\Temp\VMBuilds\GPRS_Test_SIM800C\arduino_due_x_dbg\Debug\DueTimer\DueTimer.cpp.o
                0x00080c34                TC3_Handler
 .text.TC4_Handler
                0x00080c50       0x1c C:\Users\moseichuk\AppData\Local\Temp\VMBuilds\GPRS_Test_SIM800C\arduino_due_x_dbg\Debug\DueTimer\DueTimer.cpp.o
                0x00080c50                TC4_Handler
 .text.TC5_Handler
                0x00080c6c       0x1c C:\Users\moseichuk\AppData\Local\Temp\VMBuilds\GPRS_Test_SIM800C\arduino_due_x_dbg\Debug\DueTimer\DueTimer.cpp.o
                0x00080c6c                TC5_Handler
 .text.TC6_Handler
                0x00080c88       0x1c C:\Users\moseichuk\AppData\Local\Temp\VMBuilds\GPRS_Test_SIM800C\arduino_due_x_dbg\Debug\DueTimer\DueTimer.cpp.o
                0x00080c88                TC6_Handler
 .text.TC7_Handler
                0x00080ca4       0x1c C:\Users\moseichuk\AppData\Local\Temp\VMBuilds\GPRS_Test_SIM800C\arduino_due_x_dbg\Debug\DueTimer\DueTimer.cpp.o
                0x00080ca4                TC7_Handler
 .text.TC8_Handler
                0x00080cc0       0x1c C:\Users\moseichuk\AppData\Local\Temp\VMBuilds\GPRS_Test_SIM800C\arduino_due_x_dbg\Debug\DueTimer\DueTimer.cpp.o
                0x00080cc0                TC8_Handler
 .text.startup._GLOBAL__sub_I__ZN8DueTimer6TimersE
                0x00080cdc       0x64 C:\Users\moseichuk\AppData\Local\Temp\VMBuilds\GPRS_Test_SIM800C\arduino_due_x_dbg\Debug\DueTimer\DueTimer.cpp.o
 .text._ZN13CGPRS_SIM800C8httpReadEv
                0x00080d40       0x2c C:\Users\moseichuk\AppData\Local\Temp\VMBuilds\GPRS_Test_SIM800C\arduino_due_x_dbg\Debug\SIM800C\SIM800C.cpp.o
                0x00080d40                CGPRS_SIM800C::httpRead()
 .text._ZN13CGPRS_SIM800C11checkbufferEPKcS1_j
                0x00080d6c       0x8c C:\Users\moseichuk\AppData\Local\Temp\VMBuilds\GPRS_Test_SIM800C\arduino_due_x_dbg\Debug\SIM800C\SIM800C.cpp.o
                0x00080d6c                CGPRS_SIM800C::checkbuffer(char const*, char const*, unsigned int)
 .text._ZN13CGPRS_SIM800C15httpIsConnectedEv
                0x00080df8       0x28 C:\Users\moseichuk\AppData\Local\Temp\VMBuilds\GPRS_Test_SIM800C\arduino_due_x_dbg\Debug\SIM800C\SIM800C.cpp.o
                0x00080df8                CGPRS_SIM800C::httpIsConnected()
 .text._ZN13CGPRS_SIM800C11purgeSerialEv
                0x00080e20       0x18 C:\Users\moseichuk\AppData\Local\Temp\VMBuilds\GPRS_Test_SIM800C\arduino_due_x_dbg\Debug\SIM800C\SIM800C.cpp.o
                0x00080e20                CGPRS_SIM800C::purgeSerial()
 .text._ZN13CGPRS_SIM800C11sendCommandEPKcjS1_
                0x00080e38       0xc0 C:\Users\moseichuk\AppData\Local\Temp\VMBuilds\GPRS_Test_SIM800C\arduino_due_x_dbg\Debug\SIM800C\SIM800C.cpp.o
                0x00080e38                CGPRS_SIM800C::sendCommand(char const*, unsigned int, char const*)
 .text._ZN13CGPRS_SIM800C5setupEPKc
                0x00080ef8       0xfc C:\Users\moseichuk\AppData\Local\Temp\VMBuilds\GPRS_Test_SIM800C\arduino_due_x_dbg\Debug\SIM800C\SIM800C.cpp.o
                0x00080ef8                CGPRS_SIM800C::setup(char const*)
 .text._ZN13CGPRS_SIM800C16getSignalQualityEv
                0x00080ff4       0x3c C:\Users\moseichuk\AppData\Local\Temp\VMBuilds\GPRS_Test_SIM800C\arduino_due_x_dbg\Debug\SIM800C\SIM800C.cpp.o
                0x00080ff4                CGPRS_SIM800C::getSignalQuality()
 .text._ZN13CGPRS_SIM800C11getLocationEP12GSM_LOCATION
                0x00081030       0xe4 C:\Users\moseichuk\AppData\Local\Temp\VMBuilds\GPRS_Test_SIM800C\arduino_due_x_dbg\Debug\SIM800C\SIM800C.cpp.o
                0x00081030                CGPRS_SIM800C::getLocation(GSM_LOCATION*)
 .text._ZN13CGPRS_SIM800C10httpUninitEv
                0x00081114       0x10 C:\Users\moseichuk\AppData\Local\Temp\VMBuilds\GPRS_Test_SIM800C\arduino_due_x_dbg\Debug\SIM800C\SIM800C.cpp.o
                0x00081114                CGPRS_SIM800C::httpUninit()
 .text._ZN13CGPRS_SIM800C8httpInitEv
                0x00081124       0x38 C:\Users\moseichuk\AppData\Local\Temp\VMBuilds\GPRS_Test_SIM800C\arduino_due_x_dbg\Debug\SIM800C\SIM800C.cpp.o
                0x00081124                CGPRS_SIM800C::httpInit()
 .text._ZN13CGPRS_SIM800C11httpConnectEPKcS1_
                0x0008115c       0x78 C:\Users\moseichuk\AppData\Local\Temp\VMBuilds\GPRS_Test_SIM800C\arduino_due_x_dbg\Debug\SIM800C\SIM800C.cpp.o
                0x0008115c                CGPRS_SIM800C::httpConnect(char const*, char const*)
 .text._ZN13CGPRS_SIM800C10httpIsReadEv
                0x000811d4       0x5c C:\Users\moseichuk\AppData\Local\Temp\VMBuilds\GPRS_Test_SIM800C\arduino_due_x_dbg\Debug\SIM800C\SIM800C.cpp.o
                0x000811d4                CGPRS_SIM800C::httpIsRead()
 .text._ZN13CGPRS_SIM800C4initEmii
                0x00081230      0x1a4 C:\Users\moseichuk\AppData\Local\Temp\VMBuilds\GPRS_Test_SIM800C\arduino_due_x_dbg\Debug\SIM800C\SIM800C.cpp.o
                0x00081230                CGPRS_SIM800C::init(unsigned long, int, int)
 .text._ZN13CGPRS_SIM800C11sendCommandEPKcS1_S1_j
                0x000813d4       0xcc C:\Users\moseichuk\AppData\Local\Temp\VMBuilds\GPRS_Test_SIM800C\arduino_due_x_dbg\Debug\SIM800C\SIM800C.cpp.o
                0x000813d4                CGPRS_SIM800C::sendCommand(char const*, char const*, char const*, unsigned int)
 .text._ZN13CGPRS_SIM800C15getOperatorNameEv
                0x000814a0      0x194 C:\Users\moseichuk\AppData\Local\Temp\VMBuilds\GPRS_Test_SIM800C\arduino_due_x_dbg\Debug\SIM800C\SIM800C.cpp.o
                0x000814a0                CGPRS_SIM800C::getOperatorName()
 .text._Z11serialEventv
                0x00081634        0x2 C:\Users\moseichuk\AppData\Local\Temp\VMBuilds\GPRS_Test_SIM800C\arduino_due_x_dbg\Debug\variant\variant.cpp.o
                0x00081634                serialEvent()
 *fill*         0x00081636        0x2 
 .text.UART_Handler
                0x00081638        0xc C:\Users\moseichuk\AppData\Local\Temp\VMBuilds\GPRS_Test_SIM800C\arduino_due_x_dbg\Debug\variant\variant.cpp.o
                0x00081638                UART_Handler
 .text._Z12serialEvent1v
                0x00081644        0x2 C:\Users\moseichuk\AppData\Local\Temp\VMBuilds\GPRS_Test_SIM800C\arduino_due_x_dbg\Debug\variant\variant.cpp.o
                0x00081644                serialEvent1()
 .text._Z12serialEvent2v
                0x00081646        0x2 C:\Users\moseichuk\AppData\Local\Temp\VMBuilds\GPRS_Test_SIM800C\arduino_due_x_dbg\Debug\variant\variant.cpp.o
                0x00081646                serialEvent2()
 .text._Z12serialEvent3v
                0x00081648        0x2 C:\Users\moseichuk\AppData\Local\Temp\VMBuilds\GPRS_Test_SIM800C\arduino_due_x_dbg\Debug\variant\variant.cpp.o
                0x00081648                serialEvent3()
 *fill*         0x0008164a        0x2 
 .text.USART0_Handler
                0x0008164c        0xc C:\Users\moseichuk\AppData\Local\Temp\VMBuilds\GPRS_Test_SIM800C\arduino_due_x_dbg\Debug\variant\variant.cpp.o
                0x0008164c                USART0_Handler
 .text.USART1_Handler
                0x00081658        0xc C:\Users\moseichuk\AppData\Local\Temp\VMBuilds\GPRS_Test_SIM800C\arduino_due_x_dbg\Debug\variant\variant.cpp.o
                0x00081658                USART1_Handler
 .text.USART3_Handler
                0x00081664        0xc C:\Users\moseichuk\AppData\Local\Temp\VMBuilds\GPRS_Test_SIM800C\arduino_due_x_dbg\Debug\variant\variant.cpp.o
                0x00081664                USART3_Handler
 .text.init     0x00081670      0x128 C:\Users\moseichuk\AppData\Local\Temp\VMBuilds\GPRS_Test_SIM800C\arduino_due_x_dbg\Debug\variant\variant.cpp.o
                0x00081670                init
 .text.startup._GLOBAL__sub_I_g_APinDescription
                0x00081798       0xd4 C:\Users\moseichuk\AppData\Local\Temp\VMBuilds\GPRS_Test_SIM800C\arduino_due_x_dbg\Debug\variant\variant.cpp.o
 .text._Z14serialEventRunv
                0x0008186c       0x44 C:\Users\moseichuk\AppData\Local\Temp\VMBuilds\GPRS_Test_SIM800C\arduino_due_x_dbg\Debug\variant\variant.cpp.o
                0x0008186c                serialEventRun()
 .text.PIO_PullUp
                0x000818b0        0xa C:\Users\moseichuk\AppData\Local\arduino15\packages\arduino\hardware\sam\1.6.11\variants\arduino_due_x/libsam_sam3x8e_gcc_rel.a(pio.o)
                0x000818b0                PIO_PullUp
 .text.PIO_SetPeripheral
                0x000818ba       0x26 C:\Users\moseichuk\AppData\Local\arduino15\packages\arduino\hardware\sam\1.6.11\variants\arduino_due_x/libsam_sam3x8e_gcc_rel.a(pio.o)
                0x000818ba                PIO_SetPeripheral
 .text.PIO_SetInput
                0x000818e0       0x26 C:\Users\moseichuk\AppData\Local\arduino15\packages\arduino\hardware\sam\1.6.11\variants\arduino_due_x/libsam_sam3x8e_gcc_rel.a(pio.o)
                0x000818e0                PIO_SetInput
 .text.PIO_SetOutput
                0x00081906       0x24 C:\Users\moseichuk\AppData\Local\arduino15\packages\arduino\hardware\sam\1.6.11\variants\arduino_due_x/libsam_sam3x8e_gcc_rel.a(pio.o)
                0x00081906                PIO_SetOutput
 *fill*         0x0008192a        0x2 
 .text.PIO_Configure
                0x0008192c       0x64 C:\Users\moseichuk\AppData\Local\arduino15\packages\arduino\hardware\sam\1.6.11\variants\arduino_due_x/libsam_sam3x8e_gcc_rel.a(pio.o)
                0x0008192c                PIO_Configure
 .text.PIO_GetOutputDataStatus
                0x00081990       0x14 C:\Users\moseichuk\AppData\Local\arduino15\packages\arduino\hardware\sam\1.6.11\variants\arduino_due_x/libsam_sam3x8e_gcc_rel.a(pio.o)
                0x00081990                PIO_GetOutputDataStatus
 .text.pmc_enable_upll_clock
                0x000819a4       0x14 C:\Users\moseichuk\AppData\Local\arduino15\packages\arduino\hardware\sam\1.6.11\variants\arduino_due_x/libsam_sam3x8e_gcc_rel.a(pmc.o)
                0x000819a4                pmc_enable_upll_clock
 .text.pmc_enable_periph_clk
                0x000819b8       0x44 C:\Users\moseichuk\AppData\Local\arduino15\packages\arduino\hardware\sam\1.6.11\variants\arduino_due_x/libsam_sam3x8e_gcc_rel.a(pmc.o)
                0x000819b8                pmc_enable_periph_clk
 .text.pmc_disable_periph_clk
                0x000819fc       0x40 C:\Users\moseichuk\AppData\Local\arduino15\packages\arduino\hardware\sam\1.6.11\variants\arduino_due_x/libsam_sam3x8e_gcc_rel.a(pmc.o)
                0x000819fc                pmc_disable_periph_clk
 .text.pmc_switch_udpck_to_upllck
                0x00081a3c       0x14 C:\Users\moseichuk\AppData\Local\arduino15\packages\arduino\hardware\sam\1.6.11\variants\arduino_due_x/libsam_sam3x8e_gcc_rel.a(pmc.o)
                0x00081a3c                pmc_switch_udpck_to_upllck
 .text.pmc_enable_udpck
                0x00081a50        0xc C:\Users\moseichuk\AppData\Local\arduino15\packages\arduino\hardware\sam\1.6.11\variants\arduino_due_x/libsam_sam3x8e_gcc_rel.a(pmc.o)
                0x00081a50                pmc_enable_udpck
 .text.pmc_set_writeprotect
                0x00081a5c       0x1c C:\Users\moseichuk\AppData\Local\arduino15\packages\arduino\hardware\sam\1.6.11\variants\arduino_due_x/libsam_sam3x8e_gcc_rel.a(pmc.o)
                0x00081a5c                pmc_set_writeprotect
 .text.TC_Configure
                0x00081a78       0x38 C:\Users\moseichuk\AppData\Local\arduino15\packages\arduino\hardware\sam\1.6.11\variants\arduino_due_x/libsam_sam3x8e_gcc_rel.a(tc.o)
                0x00081a78                TC_Configure
 .text.TC_Start
                0x00081ab0       0x2c C:\Users\moseichuk\AppData\Local\arduino15\packages\arduino\hardware\sam\1.6.11\variants\arduino_due_x/libsam_sam3x8e_gcc_rel.a(tc.o)
                0x00081ab0                TC_Start
 .text.TC_Stop  0x00081adc       0x2c C:\Users\moseichuk\AppData\Local\arduino15\packages\arduino\hardware\sam\1.6.11\variants\arduino_due_x/libsam_sam3x8e_gcc_rel.a(tc.o)
                0x00081adc                TC_Stop
 .text.TC_GetStatus
                0x00081b08        0x8 C:\Users\moseichuk\AppData\Local\arduino15\packages\arduino\hardware\sam\1.6.11\variants\arduino_due_x/libsam_sam3x8e_gcc_rel.a(tc.o)
                0x00081b08                TC_GetStatus
 .text.TC_SetRC
                0x00081b10        0x8 C:\Users\moseichuk\AppData\Local\arduino15\packages\arduino\hardware\sam\1.6.11\variants\arduino_due_x/libsam_sam3x8e_gcc_rel.a(tc.o)
                0x00081b10                TC_SetRC
 .text.SystemInit
                0x00081b18       0x88 C:\Users\moseichuk\AppData\Local\arduino15\packages\arduino\hardware\sam\1.6.11\variants\arduino_due_x/libsam_sam3x8e_gcc_rel.a(system_sam3xa.o)
                0x00081b18                SystemInit
 .text.Reset_Handler
                0x00081ba0       0x78 C:\Users\moseichuk\AppData\Local\arduino15\packages\arduino\hardware\sam\1.6.11\variants\arduino_due_x/libsam_sam3x8e_gcc_rel.a(startup_sam3xa.o)
                0x00081ba0                Reset_Handler
 .text.adc_init
                0x00081c18       0x98 C:\Users\moseichuk\AppData\Local\arduino15\packages\arduino\hardware\sam\1.6.11\variants\arduino_due_x/libsam_sam3x8e_gcc_rel.a(adc.o)
                0x00081c18                adc_init
 .text.adc_configure_trigger
                0x00081cb0        0xe C:\Users\moseichuk\AppData\Local\arduino15\packages\arduino\hardware\sam\1.6.11\variants\arduino_due_x/libsam_sam3x8e_gcc_rel.a(adc.o)
                0x00081cb0                adc_configure_trigger
 .text.adc_configure_timing
                0x00081cbe       0x1a C:\Users\moseichuk\AppData\Local\arduino15\packages\arduino\hardware\sam\1.6.11\variants\arduino_due_x/libsam_sam3x8e_gcc_rel.a(adc.o)
                0x00081cbe                adc_configure_timing
 .text.adc_disable_channel
                0x00081cd8        0xa C:\Users\moseichuk\AppData\Local\arduino15\packages\arduino\hardware\sam\1.6.11\variants\arduino_due_x/libsam_sam3x8e_gcc_rel.a(adc.o)
                0x00081cd8                adc_disable_channel
 .text.adc_disable_all_channel
                0x00081ce2        0x8 C:\Users\moseichuk\AppData\Local\arduino15\packages\arduino\hardware\sam\1.6.11\variants\arduino_due_x/libsam_sam3x8e_gcc_rel.a(adc.o)
                0x00081ce2                adc_disable_all_channel
 .text.adc_disable_interrupt
                0x00081cea        0x4 C:\Users\moseichuk\AppData\Local\arduino15\packages\arduino\hardware\sam\1.6.11\variants\arduino_due_x/libsam_sam3x8e_gcc_rel.a(adc.o)
                0x00081cea                adc_disable_interrupt
 *fill*         0x00081cee        0x2 
 .text.UOTGHS_Handler
                0x00081cf0       0x10 C:\Users\moseichuk\AppData\Local\arduino15\packages\arduino\hardware\sam\1.6.11\variants\arduino_due_x/libsam_sam3x8e_gcc_rel.a(uotghs.o)
                0x00081cf0                UOTGHS_Handler
 .text.__halt   0x00081d00        0x2 C:\Users\moseichuk\AppData\Local\Temp\VMBuilds\GPRS_Test_SIM800C\arduino_due_x_dbg\Debug/core.a(cortex_handlers.c.o)
                0x00081d00                DACC_Handler
                0x00081d00                DebugMon_Handler
                0x00081d00                DMAC_Handler
                0x00081d00                TRNG_Handler
                0x00081d00                HardFault_Handler
                0x00081d00                TWI1_Handler
                0x00081d00                NMI_Handler
                0x00081d00                ADC_Handler
                0x00081d00                SMC_Handler
                0x00081d00                RTT_Handler
                0x00081d00                EFC1_Handler
                0x00081d00                RTC_Handler
                0x00081d00                UsageFault_Handler
                0x00081d00                WDT_Handler
                0x00081d00                CAN0_Handler
                0x00081d00                HSMCI_Handler
                0x00081d00                TWI0_Handler
                0x00081d00                SSC_Handler
                0x00081d00                EFC0_Handler
                0x00081d00                PMC_Handler
                0x00081d00                PWM_Handler
                0x00081d00                CAN1_Handler
                0x00081d00                MemManage_Handler
                0x00081d00                SUPC_Handler
                0x00081d00                USART2_Handler
                0x00081d00                EMAC_Handler
                0x00081d00                BusFault_Handler
                0x00081d00                RSTC_Handler
                0x00081d00                SPI0_Handler
 .text.SVC_Handler
                0x00081d02        0x4 C:\Users\moseichuk\AppData\Local\Temp\VMBuilds\GPRS_Test_SIM800C\arduino_due_x_dbg\Debug/core.a(cortex_handlers.c.o)
                0x00081d02                SVC_Handler
 .text.PendSV_Handler
                0x00081d06        0x4 C:\Users\moseichuk\AppData\Local\Temp\VMBuilds\GPRS_Test_SIM800C\arduino_due_x_dbg\Debug/core.a(cortex_handlers.c.o)
                0x00081d06                PendSV_Handler
 .text.SysTick_Handler
                0x00081d0a       0x16 C:\Users\moseichuk\AppData\Local\Temp\VMBuilds\GPRS_Test_SIM800C\arduino_due_x_dbg\Debug/core.a(cortex_handlers.c.o)
                0x00081d0a                SysTick_Handler
 .text.__empty  0x00081d20        0x2 C:\Users\moseichuk\AppData\Local\Temp\VMBuilds\GPRS_Test_SIM800C\arduino_due_x_dbg\Debug/core.a(hooks.c.o)
                0x00081d20                yield
 .text.__false  0x00081d22        0x4 C:\Users\moseichuk\AppData\Local\Temp\VMBuilds\GPRS_Test_SIM800C\arduino_due_x_dbg\Debug/core.a(hooks.c.o)
                0x00081d22                sysTickHook
 .text.__halt   0x00081d26        0x2 C:\Users\moseichuk\AppData\Local\Temp\VMBuilds\GPRS_Test_SIM800C\arduino_due_x_dbg\Debug/core.a(hooks.c.o)
                0x00081d26                svcHook
                0x00081d26                pendSVHook
 .text._sbrk    0x00081d28       0x1c C:\Users\moseichuk\AppData\Local\Temp\VMBuilds\GPRS_Test_SIM800C\arduino_due_x_dbg\Debug/core.a(syscalls_sam3.c.o)
                0x00081d28                _sbrk
 .text.link     0x00081d44        0x6 C:\Users\moseichuk\AppData\Local\Temp\VMBuilds\GPRS_Test_SIM800C\arduino_due_x_dbg\Debug/core.a(syscalls_sam3.c.o)
                0x00081d44                link
 .text._close   0x00081d4a        0x6 C:\Users\moseichuk\AppData\Local\Temp\VMBuilds\GPRS_Test_SIM800C\arduino_due_x_dbg\Debug/core.a(syscalls_sam3.c.o)
                0x00081d4a                _close
 .text._fstat   0x00081d50        0xa C:\Users\moseichuk\AppData\Local\Temp\VMBuilds\GPRS_Test_SIM800C\arduino_due_x_dbg\Debug/core.a(syscalls_sam3.c.o)
                0x00081d50                _fstat
 .text._isatty  0x00081d5a        0x4 C:\Users\moseichuk\AppData\Local\Temp\VMBuilds\GPRS_Test_SIM800C\arduino_due_x_dbg\Debug/core.a(syscalls_sam3.c.o)
                0x00081d5a                _isatty
 .text._lseek   0x00081d5e        0x4 C:\Users\moseichuk\AppData\Local\Temp\VMBuilds\GPRS_Test_SIM800C\arduino_due_x_dbg\Debug/core.a(syscalls_sam3.c.o)
                0x00081d5e                _lseek
 .text._read    0x00081d62        0x4 C:\Users\moseichuk\AppData\Local\Temp\VMBuilds\GPRS_Test_SIM800C\arduino_due_x_dbg\Debug/core.a(syscalls_sam3.c.o)
                0x00081d62                _read
 *fill*         0x00081d66        0x2 
 .text._write   0x00081d68       0x24 C:\Users\moseichuk\AppData\Local\Temp\VMBuilds\GPRS_Test_SIM800C\arduino_due_x_dbg\Debug/core.a(syscalls_sam3.c.o)
                0x00081d68                _write
 .text._exit    0x00081d8c       0x10 C:\Users\moseichuk\AppData\Local\Temp\VMBuilds\GPRS_Test_SIM800C\arduino_due_x_dbg\Debug/core.a(syscalls_sam3.c.o)
                0x00081d8c                _exit
 .text._kill    0x00081d9c        0x2 C:\Users\moseichuk\AppData\Local\Temp\VMBuilds\GPRS_Test_SIM800C\arduino_due_x_dbg\Debug/core.a(syscalls_sam3.c.o)
                0x00081d9c                _kill
 .text._getpid  0x00081d9e        0x6 C:\Users\moseichuk\AppData\Local\Temp\VMBuilds\GPRS_Test_SIM800C\arduino_due_x_dbg\Debug/core.a(syscalls_sam3.c.o)
                0x00081d9e                _getpid
 .text.attachInterrupt
                0x00081da4      0x148 C:\Users\moseichuk\AppData\Local\Temp\VMBuilds\GPRS_Test_SIM800C\arduino_due_x_dbg\Debug/core.a(WInterrupts.c.o)
                0x00081da4                attachInterrupt
 .text.PIOA_Handler
                0x00081eec       0x38 C:\Users\moseichuk\AppData\Local\Temp\VMBuilds\GPRS_Test_SIM800C\arduino_due_x_dbg\Debug/core.a(WInterrupts.c.o)
                0x00081eec                PIOA_Handler
 .text.PIOB_Handler
                0x00081f24       0x38 C:\Users\moseichuk\AppData\Local\Temp\VMBuilds\GPRS_Test_SIM800C\arduino_due_x_dbg\Debug/core.a(WInterrupts.c.o)
                0x00081f24                PIOB_Handler
 .text.PIOC_Handler
                0x00081f5c       0x38 C:\Users\moseichuk\AppData\Local\Temp\VMBuilds\GPRS_Test_SIM800C\arduino_due_x_dbg\Debug/core.a(WInterrupts.c.o)
                0x00081f5c                PIOC_Handler
 .text.PIOD_Handler
                0x00081f94       0x38 C:\Users\moseichuk\AppData\Local\Temp\VMBuilds\GPRS_Test_SIM800C\arduino_due_x_dbg\Debug/core.a(WInterrupts.c.o)
                0x00081f94                PIOD_Handler
 .text.millis   0x00081fcc        0x4 C:\Users\moseichuk\AppData\Local\Temp\VMBuilds\GPRS_Test_SIM800C\arduino_due_x_dbg\Debug/core.a(wiring.c.o)
                0x00081fcc                millis
 .text.delay    0x00081fd0       0x1c C:\Users\moseichuk\AppData\Local\Temp\VMBuilds\GPRS_Test_SIM800C\arduino_due_x_dbg\Debug/core.a(wiring.c.o)
                0x00081fd0                delay
 .text.analogOutputInit
                0x00081fec        0x2 C:\Users\moseichuk\AppData\Local\Temp\VMBuilds\GPRS_Test_SIM800C\arduino_due_x_dbg\Debug/core.a(wiring_analog.c.o)
                0x00081fec                analogOutputInit
 *fill*         0x00081fee        0x2 
 .text.pinMode  0x00081ff0      0x108 C:\Users\moseichuk\AppData\Local\Temp\VMBuilds\GPRS_Test_SIM800C\arduino_due_x_dbg\Debug/core.a(wiring_digital.c.o)
                0x00081ff0                pinMode
 .text.digitalWrite
                0x000820f8       0x70 C:\Users\moseichuk\AppData\Local\Temp\VMBuilds\GPRS_Test_SIM800C\arduino_due_x_dbg\Debug/core.a(wiring_digital.c.o)
                0x000820f8                digitalWrite
 .text.initVariant
                0x00082168        0x2 C:\Users\moseichuk\AppData\Local\Temp\VMBuilds\GPRS_Test_SIM800C\arduino_due_x_dbg\Debug/core.a(main.cpp.o)
                0x00082168                initVariant
 *fill*         0x0008216a        0x2 
 .text.startup.main
                0x0008216c       0x38 C:\Users\moseichuk\AppData\Local\Temp\VMBuilds\GPRS_Test_SIM800C\arduino_due_x_dbg\Debug/core.a(main.cpp.o)
                0x0008216c                main
 .text._ZN5Print5writeEPKhj
                0x000821a4       0x22 C:\Users\moseichuk\AppData\Local\Temp\VMBuilds\GPRS_Test_SIM800C\arduino_due_x_dbg\Debug/core.a(Print.cpp.o)
                0x000821a4                Print::write(unsigned char const*, unsigned int)
 .text._ZN5Print5printEmi.part.3
                0x000821c6        0xc C:\Users\moseichuk\AppData\Local\Temp\VMBuilds\GPRS_Test_SIM800C\arduino_due_x_dbg\Debug/core.a(Print.cpp.o)
 .text._ZN5Print5writeEPKc
                0x000821d2       0x1e C:\Users\moseichuk\AppData\Local\Temp\VMBuilds\GPRS_Test_SIM800C\arduino_due_x_dbg\Debug/core.a(Print.cpp.o)
                0x000821d2                Print::write(char const*)
 .text._ZN5Print5printERK6String
                0x000821f0       0x10 C:\Users\moseichuk\AppData\Local\Temp\VMBuilds\GPRS_Test_SIM800C\arduino_due_x_dbg\Debug/core.a(Print.cpp.o)
                0x000821f0                Print::print(String const&)
 .text._ZN5Print5printEPKc
                0x00082200        0x8 C:\Users\moseichuk\AppData\Local\Temp\VMBuilds\GPRS_Test_SIM800C\arduino_due_x_dbg\Debug/core.a(Print.cpp.o)
                0x00082200                Print::print(char const*)
 .text._ZN5Print5printEc
                0x00082208        0xa C:\Users\moseichuk\AppData\Local\Temp\VMBuilds\GPRS_Test_SIM800C\arduino_due_x_dbg\Debug/core.a(Print.cpp.o)
                0x00082208                Print::print(char)
 *fill*         0x00082212        0x2 
 .text._ZN5Print7printlnEv
                0x00082214       0x10 C:\Users\moseichuk\AppData\Local\Temp\VMBuilds\GPRS_Test_SIM800C\arduino_due_x_dbg\Debug/core.a(Print.cpp.o)
                0x00082214                Print::println()
 .text._ZN5Print7printlnEPK19__FlashStringHelper
                0x00082224       0x14 C:\Users\moseichuk\AppData\Local\Temp\VMBuilds\GPRS_Test_SIM800C\arduino_due_x_dbg\Debug/core.a(Print.cpp.o)
                0x00082224                Print::println(__FlashStringHelper const*)
 .text._ZN5Print7printlnERK6String
                0x00082238       0x14 C:\Users\moseichuk\AppData\Local\Temp\VMBuilds\GPRS_Test_SIM800C\arduino_due_x_dbg\Debug/core.a(Print.cpp.o)
                0x00082238                Print::println(String const&)
 .text._ZN5Print7printlnEPKc
                0x0008224c       0x14 C:\Users\moseichuk\AppData\Local\Temp\VMBuilds\GPRS_Test_SIM800C\arduino_due_x_dbg\Debug/core.a(Print.cpp.o)
                0x0008224c                Print::println(char const*)
 .text._ZN5Print7printlnEc
                0x00082260       0x14 C:\Users\moseichuk\AppData\Local\Temp\VMBuilds\GPRS_Test_SIM800C\arduino_due_x_dbg\Debug/core.a(Print.cpp.o)
                0x00082260                Print::println(char)
 .text._ZN5Print11printNumberEmh
                0x00082274       0x3e C:\Users\moseichuk\AppData\Local\Temp\VMBuilds\GPRS_Test_SIM800C\arduino_due_x_dbg\Debug/core.a(Print.cpp.o)
                0x00082274                Print::printNumber(unsigned long, unsigned char)
 .text._ZN5Print5printEli
                0x000822b2       0x3c C:\Users\moseichuk\AppData\Local\Temp\VMBuilds\GPRS_Test_SIM800C\arduino_due_x_dbg\Debug/core.a(Print.cpp.o)
                0x000822b2                Print::print(long, int)
 .text._ZN5Print5printEii
                0x000822ee        0x4 C:\Users\moseichuk\AppData\Local\Temp\VMBuilds\GPRS_Test_SIM800C\arduino_due_x_dbg\Debug/core.a(Print.cpp.o)
                0x000822ee                Print::print(int, int)
 .text._ZN5Print5printEmi
                0x000822f2        0xc C:\Users\moseichuk\AppData\Local\Temp\VMBuilds\GPRS_Test_SIM800C\arduino_due_x_dbg\Debug/core.a(Print.cpp.o)
                0x000822f2                Print::print(unsigned long, int)
 .text._ZN5Print5printEhi
                0x000822fe        0x4 C:\Users\moseichuk\AppData\Local\Temp\VMBuilds\GPRS_Test_SIM800C\arduino_due_x_dbg\Debug/core.a(Print.cpp.o)
                0x000822fe                Print::print(unsigned char, int)
 .text._ZN5Print7printlnEhi
                0x00082302       0x14 C:\Users\moseichuk\AppData\Local\Temp\VMBuilds\GPRS_Test_SIM800C\arduino_due_x_dbg\Debug/core.a(Print.cpp.o)
                0x00082302                Print::println(unsigned char, int)
 *fill*         0x00082316        0x2 
 .text._ZN5Print10printFloatEdh
                0x00082318      0x148 C:\Users\moseichuk\AppData\Local\Temp\VMBuilds\GPRS_Test_SIM800C\arduino_due_x_dbg\Debug/core.a(Print.cpp.o)
                0x00082318                Print::printFloat(double, unsigned char)
 .text._ZN5Print5printEdi
                0x00082460        0xa C:\Users\moseichuk\AppData\Local\Temp\VMBuilds\GPRS_Test_SIM800C\arduino_due_x_dbg\Debug/core.a(Print.cpp.o)
                0x00082460                Print::print(double, int)
 *fill*         0x0008246a        0x2 
 .text.initiateReset
                0x0008246c        0xc C:\Users\moseichuk\AppData\Local\Temp\VMBuilds\GPRS_Test_SIM800C\arduino_due_x_dbg\Debug/core.a(Reset.cpp.o)
                0x0008246c                initiateReset
 .text.cancelReset
                0x00082478       0x10 C:\Users\moseichuk\AppData\Local\Temp\VMBuilds\GPRS_Test_SIM800C\arduino_due_x_dbg\Debug/core.a(Reset.cpp.o)
                0x00082478                cancelReset
 .text.tickReset
                0x00082488       0x20 C:\Users\moseichuk\AppData\Local\Temp\VMBuilds\GPRS_Test_SIM800C\arduino_due_x_dbg\Debug/core.a(Reset.cpp.o)
                0x00082488                tickReset
 .text._ZN10RingBufferC2Ev
                0x000824a8       0x1a C:\Users\moseichuk\AppData\Local\Temp\VMBuilds\GPRS_Test_SIM800C\arduino_due_x_dbg\Debug/core.a(RingBuffer.cpp.o)
                0x000824a8                RingBuffer::RingBuffer()
                0x000824a8                RingBuffer::RingBuffer()
 .text._ZN10RingBuffer10store_charEh
                0x000824c2       0x1e C:\Users\moseichuk\AppData\Local\Temp\VMBuilds\GPRS_Test_SIM800C\arduino_due_x_dbg\Debug/core.a(RingBuffer.cpp.o)
                0x000824c2                RingBuffer::store_char(unsigned char)
 .text._ZN9UARTClasscvbEv
                0x000824e0        0x4 C:\Users\moseichuk\AppData\Local\Temp\VMBuilds\GPRS_Test_SIM800C\arduino_due_x_dbg\Debug/core.a(UARTClass.cpp.o)
                0x000824e0                UARTClass::operator bool()
 .text._ZN9UARTClass9availableEv
                0x000824e4       0x12 C:\Users\moseichuk\AppData\Local\Temp\VMBuilds\GPRS_Test_SIM800C\arduino_due_x_dbg\Debug/core.a(UARTClass.cpp.o)
                0x000824e4                UARTClass::available()
 .text._ZN9UARTClass4peekEv
                0x000824f6       0x1c C:\Users\moseichuk\AppData\Local\Temp\VMBuilds\GPRS_Test_SIM800C\arduino_due_x_dbg\Debug/core.a(UARTClass.cpp.o)
                0x000824f6                UARTClass::peek()
 .text._ZN9UARTClass4readEv
                0x00082512       0x2a C:\Users\moseichuk\AppData\Local\Temp\VMBuilds\GPRS_Test_SIM800C\arduino_due_x_dbg\Debug/core.a(UARTClass.cpp.o)
                0x00082512                UARTClass::read()
 .text._ZN9UARTClass5flushEv
                0x0008253c       0x18 C:\Users\moseichuk\AppData\Local\Temp\VMBuilds\GPRS_Test_SIM800C\arduino_due_x_dbg\Debug/core.a(UARTClass.cpp.o)
                0x0008253c                UARTClass::flush()
 .text._ZN9UARTClass5writeEh
                0x00082554       0x54 C:\Users\moseichuk\AppData\Local\Temp\VMBuilds\GPRS_Test_SIM800C\arduino_due_x_dbg\Debug/core.a(UARTClass.cpp.o)
                0x00082554                UARTClass::write(unsigned char)
 .text._ZN9UARTClass3endEv
                0x000825a8       0x3c C:\Users\moseichuk\AppData\Local\Temp\VMBuilds\GPRS_Test_SIM800C\arduino_due_x_dbg\Debug/core.a(UARTClass.cpp.o)
                0x000825a8                UARTClass::end()
 .text._ZN9UARTClassC2EP4Uart4IRQnmP10RingBufferS4_
                0x000825e4       0x24 C:\Users\moseichuk\AppData\Local\Temp\VMBuilds\GPRS_Test_SIM800C\arduino_due_x_dbg\Debug/core.a(UARTClass.cpp.o)
                0x000825e4                UARTClass::UARTClass(Uart*, IRQn, unsigned long, RingBuffer*, RingBuffer*)
                0x000825e4                UARTClass::UARTClass(Uart*, IRQn, unsigned long, RingBuffer*, RingBuffer*)
 .text._ZN9UARTClass4initEmm
                0x00082608       0x70 C:\Users\moseichuk\AppData\Local\Temp\VMBuilds\GPRS_Test_SIM800C\arduino_due_x_dbg\Debug/core.a(UARTClass.cpp.o)
                0x00082608                UARTClass::init(unsigned long, unsigned long)
 .text._ZN9UARTClass5beginEm
                0x00082678        0x8 C:\Users\moseichuk\AppData\Local\Temp\VMBuilds\GPRS_Test_SIM800C\arduino_due_x_dbg\Debug/core.a(UARTClass.cpp.o)
                0x00082678                UARTClass::begin(unsigned long)
 .text._ZN9UARTClass10IrqHandlerEv
                0x00082680       0x5a C:\Users\moseichuk\AppData\Local\Temp\VMBuilds\GPRS_Test_SIM800C\arduino_due_x_dbg\Debug/core.a(UARTClass.cpp.o)
                0x00082680                UARTClass::IrqHandler()
 .text._ZN10USARTClass5beginEm
                0x000826da        0x8 C:\Users\moseichuk\AppData\Local\Temp\VMBuilds\GPRS_Test_SIM800C\arduino_due_x_dbg\Debug/core.a(USARTClass.cpp.o)
                0x000826da                USARTClass::begin(unsigned long)
 *fill*         0x000826e2        0x2 
 .text._ZN10USARTClassC2EP5Usart4IRQnmP10RingBufferS4_
                0x000826e4       0x24 C:\Users\moseichuk\AppData\Local\Temp\VMBuilds\GPRS_Test_SIM800C\arduino_due_x_dbg\Debug/core.a(USARTClass.cpp.o)
                0x000826e4                USARTClass::USARTClass(Usart*, IRQn, unsigned long, RingBuffer*, RingBuffer*)
                0x000826e4                USARTClass::USARTClass(Usart*, IRQn, unsigned long, RingBuffer*, RingBuffer*)
 .text._watchdogDefaultSetup
                0x00082708        0xc C:\Users\moseichuk\AppData\Local\Temp\VMBuilds\GPRS_Test_SIM800C\arduino_due_x_dbg\Debug/core.a(watchdog.cpp.o)
                0x00082708                _watchdogDefaultSetup
                0x00082708                watchdogSetup()
 .text._ZN6StringD2Ev
                0x00082714        0xe C:\Users\moseichuk\AppData\Local\Temp\VMBuilds\GPRS_Test_SIM800C\arduino_due_x_dbg\Debug/core.a(WString.cpp.o)
                0x00082714                String::~String()
                0x00082714                String::~String()
 .text._ZN6String10invalidateEv
                0x00082722       0x16 C:\Users\moseichuk\AppData\Local\Temp\VMBuilds\GPRS_Test_SIM800C\arduino_due_x_dbg\Debug/core.a(WString.cpp.o)
                0x00082722                String::invalidate()
 .text._ZN6String12changeBufferEj
                0x00082738       0x18 C:\Users\moseichuk\AppData\Local\Temp\VMBuilds\GPRS_Test_SIM800C\arduino_due_x_dbg\Debug/core.a(WString.cpp.o)
                0x00082738                String::changeBuffer(unsigned int)
 .text._ZN6String7reserveEj
                0x00082750       0x22 C:\Users\moseichuk\AppData\Local\Temp\VMBuilds\GPRS_Test_SIM800C\arduino_due_x_dbg\Debug/core.a(WString.cpp.o)
                0x00082750                String::reserve(unsigned int)
 .text._ZN6String4copyEPKcj
                0x00082772       0x26 C:\Users\moseichuk\AppData\Local\Temp\VMBuilds\GPRS_Test_SIM800C\arduino_due_x_dbg\Debug/core.a(WString.cpp.o)
                0x00082772                String::copy(char const*, unsigned int)
 .text._ZN6StringC2EPKc
                0x00082798       0x24 C:\Users\moseichuk\AppData\Local\Temp\VMBuilds\GPRS_Test_SIM800C\arduino_due_x_dbg\Debug/core.a(WString.cpp.o)
                0x00082798                String::String(char const*)
                0x00082798                String::String(char const*)
 .text._ZN6String4copyEPK19__FlashStringHelperj
                0x000827bc       0x26 C:\Users\moseichuk\AppData\Local\Temp\VMBuilds\GPRS_Test_SIM800C\arduino_due_x_dbg\Debug/core.a(WString.cpp.o)
                0x000827bc                String::copy(__FlashStringHelper const*, unsigned int)
 .text._ZN6StringaSEPKc
                0x000827e2       0x22 C:\Users\moseichuk\AppData\Local\Temp\VMBuilds\GPRS_Test_SIM800C\arduino_due_x_dbg\Debug/core.a(WString.cpp.o)
                0x000827e2                String::operator=(char const*)
 .text._ZN6StringaSEPK19__FlashStringHelper
                0x00082804       0x22 C:\Users\moseichuk\AppData\Local\Temp\VMBuilds\GPRS_Test_SIM800C\arduino_due_x_dbg\Debug/core.a(WString.cpp.o)
                0x00082804                String::operator=(__FlashStringHelper const*)
 .text._ZN6StringC2EPK19__FlashStringHelper
                0x00082826       0x14 C:\Users\moseichuk\AppData\Local\Temp\VMBuilds\GPRS_Test_SIM800C\arduino_due_x_dbg\Debug/core.a(WString.cpp.o)
                0x00082826                String::String(__FlashStringHelper const*)
                0x00082826                String::String(__FlashStringHelper const*)
 .text._ZNK6String7indexOfERKS_j
                0x0008283a       0x1e C:\Users\moseichuk\AppData\Local\Temp\VMBuilds\GPRS_Test_SIM800C\arduino_due_x_dbg\Debug/core.a(WString.cpp.o)
                0x0008283a                String::indexOf(String const&, unsigned int) const
 .text._ZNK6String7indexOfERKS_
                0x00082858        0x6 C:\Users\moseichuk\AppData\Local\Temp\VMBuilds\GPRS_Test_SIM800C\arduino_due_x_dbg\Debug/core.a(WString.cpp.o)
                0x00082858                String::indexOf(String const&) const
 *fill*         0x0008285e        0x2 
 .text.unlikely._ZL11USB_SendZlpv
                0x00082860       0x20 C:\Users\moseichuk\AppData\Local\Temp\VMBuilds\GPRS_Test_SIM800C\arduino_due_x_dbg\Debug/core.a(USBCore.cpp.o)
 .text._Z14USBD_Availablem
                0x00082880       0x2c C:\Users\moseichuk\AppData\Local\Temp\VMBuilds\GPRS_Test_SIM800C\arduino_due_x_dbg\Debug/core.a(USBCore.cpp.o)
                0x00082880                USBD_Available(unsigned long)
 .text._Z9USBD_RecvmPvm
                0x000828ac       0x7c C:\Users\moseichuk\AppData\Local\Temp\VMBuilds\GPRS_Test_SIM800C\arduino_due_x_dbg\Debug/core.a(USBCore.cpp.o)
                0x000828ac                USBD_Recv(unsigned long, void*, unsigned long)
 .text._Z9USBD_Recvm
                0x00082928       0x22 C:\Users\moseichuk\AppData\Local\Temp\VMBuilds\GPRS_Test_SIM800C\arduino_due_x_dbg\Debug/core.a(USBCore.cpp.o)
                0x00082928                USBD_Recv(unsigned long)
 *fill*         0x0008294a        0x2 
 .text._Z9USBD_SendmPKvm
                0x0008294c       0x4c C:\Users\moseichuk\AppData\Local\Temp\VMBuilds\GPRS_Test_SIM800C\arduino_due_x_dbg\Debug/core.a(USBCore.cpp.o)
                0x0008294c                USBD_Send(unsigned long, void const*, unsigned long)
 .text._Z16USBD_SendControlhPKvm
                0x00082998       0x40 C:\Users\moseichuk\AppData\Local\Temp\VMBuilds\GPRS_Test_SIM800C\arduino_due_x_dbg\Debug/core.a(USBCore.cpp.o)
                0x00082998                USBD_SendControl(unsigned char, void const*, unsigned long)
 .text.unlikely._ZL24USB_SendStringDescriptorPKhi
                0x000829d8       0x64 C:\Users\moseichuk\AppData\Local\Temp\VMBuilds\GPRS_Test_SIM800C\arduino_due_x_dbg\Debug/core.a(USBCore.cpp.o)
 .text._Z16USBD_RecvControlPvm
                0x00082a3c       0x1c C:\Users\moseichuk\AppData\Local\Temp\VMBuilds\GPRS_Test_SIM800C\arduino_due_x_dbg\Debug/core.a(USBCore.cpp.o)
                0x00082a3c                USBD_RecvControl(void*, unsigned long)
 .text._Z26USBD_ClassInterfaceRequestR8USBSetup
                0x00082a58       0x1e C:\Users\moseichuk\AppData\Local\Temp\VMBuilds\GPRS_Test_SIM800C\arduino_due_x_dbg\Debug/core.a(USBCore.cpp.o)
                0x00082a58                USBD_ClassInterfaceRequest(USBSetup&)
 .text._Z19USBD_SendInterfacesv
                0x00082a76       0x22 C:\Users\moseichuk\AppData\Local\Temp\VMBuilds\GPRS_Test_SIM800C\arduino_due_x_dbg\Debug/core.a(USBCore.cpp.o)
                0x00082a76                USBD_SendInterfaces()
 .text._Z24USBD_SendOtherInterfacesv
                0x00082a98       0x22 C:\Users\moseichuk\AppData\Local\Temp\VMBuilds\GPRS_Test_SIM800C\arduino_due_x_dbg\Debug/core.a(USBCore.cpp.o)
                0x00082a98                USBD_SendOtherInterfaces()
 .text._Z10USBD_Flushm
                0x00082aba       0x16 C:\Users\moseichuk\AppData\Local\Temp\VMBuilds\GPRS_Test_SIM800C\arduino_due_x_dbg\Debug/core.a(USBCore.cpp.o)
                0x00082aba                USBD_Flush(unsigned long)
 .text._ZN10USBDevice_C2Ev
                0x00082ad0       0x24 C:\Users\moseichuk\AppData\Local\Temp\VMBuilds\GPRS_Test_SIM800C\arduino_due_x_dbg\Debug/core.a(USBCore.cpp.o)
                0x00082ad0                USBDevice_::USBDevice_()
                0x00082ad0                USBDevice_::USBDevice_()
 .text._ZN10USBDevice_6attachEv
                0x00082af4       0x20 C:\Users\moseichuk\AppData\Local\Temp\VMBuilds\GPRS_Test_SIM800C\arduino_due_x_dbg\Debug/core.a(USBCore.cpp.o)
                0x00082af4                USBDevice_::attach()
 .text.startup._GLOBAL__sub_I_EndPoints
                0x00082b14        0xc C:\Users\moseichuk\AppData\Local\Temp\VMBuilds\GPRS_Test_SIM800C\arduino_due_x_dbg\Debug/core.a(USBCore.cpp.o)
 .text._ZL7USB_ISRv
                0x00082b20      0x454 C:\Users\moseichuk\AppData\Local\Temp\VMBuilds\GPRS_Test_SIM800C\arduino_due_x_dbg\Debug/core.a(USBCore.cpp.o)
 .text._ZN7Serial_9availableEv
                0x00082f74       0x18 C:\Users\moseichuk\AppData\Local\Temp\VMBuilds\GPRS_Test_SIM800C\arduino_due_x_dbg\Debug/core.a(CDC.cpp.o)
                0x00082f74                Serial_::available()
 .text._ZN7Serial_17availableForWriteEv
                0x00082f8c        0x6 C:\Users\moseichuk\AppData\Local\Temp\VMBuilds\GPRS_Test_SIM800C\arduino_due_x_dbg\Debug/core.a(CDC.cpp.o)
                0x00082f8c                Serial_::availableForWrite()
 *fill*         0x00082f92        0x2 
 .text._ZN7Serial_4peekEv
                0x00082f94       0x20 C:\Users\moseichuk\AppData\Local\Temp\VMBuilds\GPRS_Test_SIM800C\arduino_due_x_dbg\Debug/core.a(CDC.cpp.o)
                0x00082f94                Serial_::peek()
 .text._ZN7Serial_5writeEh
                0x00082fb4       0x16 C:\Users\moseichuk\AppData\Local\Temp\VMBuilds\GPRS_Test_SIM800C\arduino_due_x_dbg\Debug/core.a(CDC.cpp.o)
                0x00082fb4                Serial_::write(unsigned char)
 *fill*         0x00082fca        0x2 
 .text._ZN7Serial_4readEv
                0x00082fcc       0x44 C:\Users\moseichuk\AppData\Local\Temp\VMBuilds\GPRS_Test_SIM800C\arduino_due_x_dbg\Debug/core.a(CDC.cpp.o)
                0x00082fcc                Serial_::read()
 .text._ZN7Serial_5flushEv
                0x00083010        0x6 C:\Users\moseichuk\AppData\Local\Temp\VMBuilds\GPRS_Test_SIM800C\arduino_due_x_dbg\Debug/core.a(CDC.cpp.o)
                0x00083010                Serial_::flush()
 *fill*         0x00083016        0x2 
 .text._ZN7Serial_6acceptEv
                0x00083018       0x70 C:\Users\moseichuk\AppData\Local\Temp\VMBuilds\GPRS_Test_SIM800C\arduino_due_x_dbg\Debug/core.a(CDC.cpp.o)
                0x00083018                Serial_::accept()
 .text._ZN7Serial_5writeEPKhj
                0x00083088       0x2c C:\Users\moseichuk\AppData\Local\Temp\VMBuilds\GPRS_Test_SIM800C\arduino_due_x_dbg\Debug/core.a(CDC.cpp.o)
                0x00083088                Serial_::write(unsigned char const*, unsigned int)
 .text._Z16CDC_GetInterfacePh
                0x000830b4       0x14 C:\Users\moseichuk\AppData\Local\Temp\VMBuilds\GPRS_Test_SIM800C\arduino_due_x_dbg\Debug/core.a(CDC.cpp.o)
                0x000830b4                CDC_GetInterface(unsigned char*)
 .text._Z21CDC_GetOtherInterfacePh
                0x000830c8       0x14 C:\Users\moseichuk\AppData\Local\Temp\VMBuilds\GPRS_Test_SIM800C\arduino_due_x_dbg\Debug/core.a(CDC.cpp.o)
                0x000830c8                CDC_GetOtherInterface(unsigned char*)
 .text._Z9CDC_SetupR8USBSetup
                0x000830dc       0x78 C:\Users\moseichuk\AppData\Local\Temp\VMBuilds\GPRS_Test_SIM800C\arduino_due_x_dbg\Debug/core.a(CDC.cpp.o)
                0x000830dc                CDC_Setup(USBSetup&)
 .text.startup._GLOBAL__sub_I_cdc_rx_buffer
                0x00083154       0x1c C:\Users\moseichuk\AppData\Local\Temp\VMBuilds\GPRS_Test_SIM800C\arduino_due_x_dbg\Debug/core.a(CDC.cpp.o)
 .text._ZN13PluggableUSB_12getInterfaceEPh
                0x00083170       0x28 C:\Users\moseichuk\AppData\Local\Temp\VMBuilds\GPRS_Test_SIM800C\arduino_due_x_dbg\Debug/core.a(PluggableUSB.cpp.o)
                0x00083170                PluggableUSB_::getInterface(unsigned char*)
 .text._ZN13PluggableUSB_13getDescriptorER8USBSetup
                0x00083198       0x1c C:\Users\moseichuk\AppData\Local\Temp\VMBuilds\GPRS_Test_SIM800C\arduino_due_x_dbg\Debug/core.a(PluggableUSB.cpp.o)
                0x00083198                PluggableUSB_::getDescriptor(USBSetup&)
 .text._ZN13PluggableUSB_12getShortNameEPc
                0x000831b4       0x1c C:\Users\moseichuk\AppData\Local\Temp\VMBuilds\GPRS_Test_SIM800C\arduino_due_x_dbg\Debug/core.a(PluggableUSB.cpp.o)
                0x000831b4                PluggableUSB_::getShortName(char*)
 .text._ZN13PluggableUSB_5setupER8USBSetup
                0x000831d0       0x20 C:\Users\moseichuk\AppData\Local\Temp\VMBuilds\GPRS_Test_SIM800C\arduino_due_x_dbg\Debug/core.a(PluggableUSB.cpp.o)
                0x000831d0                PluggableUSB_::setup(USBSetup&)
 .text._Z12PluggableUSBv
                0x000831f0       0x28 C:\Users\moseichuk\AppData\Local\Temp\VMBuilds\GPRS_Test_SIM800C\arduino_due_x_dbg\Debug/core.a(PluggableUSB.cpp.o)
                0x000831f0                PluggableUSB()
 .text.TimeTick_Increment
                0x00083218       0x10 C:\Users\moseichuk\AppData\Local\arduino15\packages\arduino\hardware\sam\1.6.11\variants\arduino_due_x/libsam_sam3x8e_gcc_rel.a(timetick.o)
                0x00083218                TimeTick_Increment
 .text.GetTickCount
                0x00083228        0xc C:\Users\moseichuk\AppData\Local\arduino15\packages\arduino\hardware\sam\1.6.11\variants\arduino_due_x/libsam_sam3x8e_gcc_rel.a(timetick.o)
                0x00083228                GetTickCount
 .text.WDT_Disable
                0x00083234        0x8 C:\Users\moseichuk\AppData\Local\arduino15\packages\arduino\hardware\sam\1.6.11\variants\arduino_due_x/libsam_sam3x8e_gcc_rel.a(wdt.o)
                0x00083234                WDT_Disable
 .text.UDD_SetStack
                0x0008323c        0xc C:\Users\moseichuk\AppData\Local\arduino15\packages\arduino\hardware\sam\1.6.11\variants\arduino_due_x/libsam_sam3x8e_gcc_rel.a(uotghs_device.o)
                0x0008323c                UDD_SetStack
 .text.UDD_Init
                0x00083248       0xd0 C:\Users\moseichuk\AppData\Local\arduino15\packages\arduino\hardware\sam\1.6.11\variants\arduino_due_x/libsam_sam3x8e_gcc_rel.a(uotghs_device.o)
                0x00083248                UDD_Init
 .text.UDD_Attach
                0x00083318       0x50 C:\Users\moseichuk\AppData\Local\arduino15\packages\arduino\hardware\sam\1.6.11\variants\arduino_due_x/libsam_sam3x8e_gcc_rel.a(uotghs_device.o)
                0x00083318                UDD_Attach
 .text.UDD_InitEP
                0x00083368       0x2c C:\Users\moseichuk\AppData\Local\arduino15\packages\arduino\hardware\sam\1.6.11\variants\arduino_due_x/libsam_sam3x8e_gcc_rel.a(uotghs_device.o)
                0x00083368                UDD_InitEP
 .text.UDD_InitEndpoints
                0x00083394       0x3c C:\Users\moseichuk\AppData\Local\arduino15\packages\arduino\hardware\sam\1.6.11\variants\arduino_due_x/libsam_sam3x8e_gcc_rel.a(uotghs_device.o)
                0x00083394                UDD_InitEndpoints
 .text.UDD_WaitIN
                0x000833d0       0x10 C:\Users\moseichuk\AppData\Local\arduino15\packages\arduino\hardware\sam\1.6.11\variants\arduino_due_x/libsam_sam3x8e_gcc_rel.a(uotghs_device.o)
                0x000833d0                UDD_WaitIN
 .text.UDD_WaitOUT
                0x000833e0       0x10 C:\Users\moseichuk\AppData\Local\arduino15\packages\arduino\hardware\sam\1.6.11\variants\arduino_due_x/libsam_sam3x8e_gcc_rel.a(uotghs_device.o)
                0x000833e0                UDD_WaitOUT
 .text.UDD_ClearIN
                0x000833f0       0x18 C:\Users\moseichuk\AppData\Local\arduino15\packages\arduino\hardware\sam\1.6.11\variants\arduino_due_x/libsam_sam3x8e_gcc_rel.a(uotghs_device.o)
                0x000833f0                UDD_ClearIN
 .text.UDD_ClearOUT
                0x00083408       0x18 C:\Users\moseichuk\AppData\Local\arduino15\packages\arduino\hardware\sam\1.6.11\variants\arduino_due_x/libsam_sam3x8e_gcc_rel.a(uotghs_device.o)
                0x00083408                UDD_ClearOUT
 .text.UDD_ReceivedSetupInt
                0x00083420       0x10 C:\Users\moseichuk\AppData\Local\arduino15\packages\arduino\hardware\sam\1.6.11\variants\arduino_due_x/libsam_sam3x8e_gcc_rel.a(uotghs_device.o)
                0x00083420                UDD_ReceivedSetupInt
 .text.UDD_ClearSetupInt
                0x00083430       0x10 C:\Users\moseichuk\AppData\Local\arduino15\packages\arduino\hardware\sam\1.6.11\variants\arduino_due_x/libsam_sam3x8e_gcc_rel.a(uotghs_device.o)
                0x00083430                UDD_ClearSetupInt
 .text.UDD_Send
                0x00083440       0x88 C:\Users\moseichuk\AppData\Local\arduino15\packages\arduino\hardware\sam\1.6.11\variants\arduino_due_x/libsam_sam3x8e_gcc_rel.a(uotghs_device.o)
                0x00083440                UDD_Send
 .text.UDD_Send8
                0x000834c8       0x24 C:\Users\moseichuk\AppData\Local\arduino15\packages\arduino\hardware\sam\1.6.11\variants\arduino_due_x/libsam_sam3x8e_gcc_rel.a(uotghs_device.o)
                0x000834c8                UDD_Send8
 .text.UDD_Recv8
                0x000834ec       0x28 C:\Users\moseichuk\AppData\Local\arduino15\packages\arduino\hardware\sam\1.6.11\variants\arduino_due_x/libsam_sam3x8e_gcc_rel.a(uotghs_device.o)
                0x000834ec                UDD_Recv8
 .text.UDD_Recv
                0x00083514       0x34 C:\Users\moseichuk\AppData\Local\arduino15\packages\arduino\hardware\sam\1.6.11\variants\arduino_due_x/libsam_sam3x8e_gcc_rel.a(uotghs_device.o)
                0x00083514                UDD_Recv
 .text.UDD_Stall
                0x00083548       0x14 C:\Users\moseichuk\AppData\Local\arduino15\packages\arduino\hardware\sam\1.6.11\variants\arduino_due_x/libsam_sam3x8e_gcc_rel.a(uotghs_device.o)
                0x00083548                UDD_Stall
 .text.UDD_FifoByteCount
                0x0008355c       0x14 C:\Users\moseichuk\AppData\Local\arduino15\packages\arduino\hardware\sam\1.6.11\variants\arduino_due_x/libsam_sam3x8e_gcc_rel.a(uotghs_device.o)
                0x0008355c                UDD_FifoByteCount
 .text.UDD_ReleaseRX
                0x00083570       0x28 C:\Users\moseichuk\AppData\Local\arduino15\packages\arduino\hardware\sam\1.6.11\variants\arduino_due_x/libsam_sam3x8e_gcc_rel.a(uotghs_device.o)
                0x00083570                UDD_ReleaseRX
 .text.UDD_ReleaseTX
                0x00083598       0x28 C:\Users\moseichuk\AppData\Local\arduino15\packages\arduino\hardware\sam\1.6.11\variants\arduino_due_x/libsam_sam3x8e_gcc_rel.a(uotghs_device.o)
                0x00083598                UDD_ReleaseTX
 .text.UDD_SetAddress
                0x000835c0       0x20 C:\Users\moseichuk\AppData\Local\arduino15\packages\arduino\hardware\sam\1.6.11\variants\arduino_due_x/libsam_sam3x8e_gcc_rel.a(uotghs_device.o)
                0x000835c0                UDD_SetAddress
 .text.__fpclassifyd
                0x000835e0       0x50 c:/users/moseichuk/appdata/local/arduino15/packages/arduino/tools/arm-none-eabi-gcc/4.8.3-2014q1/bin/../lib/gcc/arm-none-eabi/4.8.3/../../../../arm-none-eabi/lib/armv7-m\libm.a(lib_a-s_fpclassify.o)
                0x000835e0                __fpclassifyd
 .text          0x00083630      0x370 c:/users/moseichuk/appdata/local/arduino15/packages/arduino/tools/arm-none-eabi-gcc/4.8.3-2014q1/bin/../lib/gcc/arm-none-eabi/4.8.3/armv7-m\libgcc.a(_arm_addsubdf3.o)
                0x00083630                __aeabi_drsub
                0x00083638                __aeabi_dsub
                0x00083638                __subdf3
                0x0008363c                __aeabi_dadd
                0x0008363c                __adddf3
                0x000838b4                __floatunsidf
                0x000838b4                __aeabi_ui2d
                0x000838d4                __floatsidf
                0x000838d4                __aeabi_i2d
                0x000838f8                __aeabi_f2d
                0x000838f8                __extendsfdf2
                0x00083934                __floatundidf
                0x00083934                __aeabi_ul2d
                0x00083944                __floatdidf
                0x00083944                __aeabi_l2d
 .text          0x000839a0      0x424 c:/users/moseichuk/appdata/local/arduino15/packages/arduino/tools/arm-none-eabi-gcc/4.8.3-2014q1/bin/../lib/gcc/arm-none-eabi/4.8.3/armv7-m\libgcc.a(_arm_muldivdf3.o)
                0x000839a0                __aeabi_dmul
                0x000839a0                __muldf3
                0x00083bf4                __divdf3
                0x00083bf4                __aeabi_ddiv
 .text          0x00083dc4      0x110 c:/users/moseichuk/appdata/local/arduino15/packages/arduino/tools/arm-none-eabi-gcc/4.8.3-2014q1/bin/../lib/gcc/arm-none-eabi/4.8.3/armv7-m\libgcc.a(_arm_cmpdf2.o)
                0x00083dc4                __gtdf2
                0x00083dc4                __gedf2
                0x00083dcc                __ltdf2
                0x00083dcc                __ledf2
                0x00083dd4                __nedf2
                0x00083dd4                __eqdf2
                0x00083dd4                __cmpdf2
                0x00083e50                __aeabi_cdrcmple
                0x00083e60                __aeabi_cdcmpeq
                0x00083e60                __aeabi_cdcmple
                0x00083e70                __aeabi_dcmpeq
                0x00083e84                __aeabi_dcmplt
                0x00083e98                __aeabi_dcmple
                0x00083eac                __aeabi_dcmpge
                0x00083ec0                __aeabi_dcmpgt
 .text          0x00083ed4       0x50 c:/users/moseichuk/appdata/local/arduino15/packages/arduino/tools/arm-none-eabi-gcc/4.8.3-2014q1/bin/../lib/gcc/arm-none-eabi/4.8.3/armv7-m\libgcc.a(_arm_fixdfsi.o)
                0x00083ed4                __aeabi_d2iz
                0x00083ed4                __fixdfsi
 .text          0x00083f24       0x40 c:/users/moseichuk/appdata/local/arduino15/packages/arduino/tools/arm-none-eabi-gcc/4.8.3-2014q1/bin/../lib/gcc/arm-none-eabi/4.8.3/armv7-m\libgcc.a(_arm_fixunsdfsi.o)
                0x00083f24                __aeabi_d2uiz
                0x00083f24                __fixunsdfsi
 .text          0x00083f64       0xa0 c:/users/moseichuk/appdata/local/arduino15/packages/arduino/tools/arm-none-eabi-gcc/4.8.3-2014q1/bin/../lib/gcc/arm-none-eabi/4.8.3/armv7-m\libgcc.a(_arm_truncdfsf2.o)
                0x00083f64                __truncdfsf2
                0x00083f64                __aeabi_d2f
 .text          0x00084004      0x21c c:/users/moseichuk/appdata/local/arduino15/packages/arduino/tools/arm-none-eabi-gcc/4.8.3-2014q1/bin/../lib/gcc/arm-none-eabi/4.8.3/armv7-m\libgcc.a(_arm_addsubsf3.o)
                0x00084004                __aeabi_frsub
                0x0008400c                __subsf3
                0x0008400c                __aeabi_fsub
                0x00084010                __aeabi_fadd
                0x00084010                __addsf3
                0x00084170                __aeabi_ui2f
                0x00084170                __floatunsisf
                0x00084178                __aeabi_i2f
                0x00084178                __floatsisf
                0x00084194                __aeabi_ul2f
                0x00084194                __floatundisf
                0x000841a4                __aeabi_l2f
                0x000841a4                __floatdisf
 .text          0x00084220      0x2a0 c:/users/moseichuk/appdata/local/arduino15/packages/arduino/tools/arm-none-eabi-gcc/4.8.3-2014q1/bin/../lib/gcc/arm-none-eabi/4.8.3/armv7-m\libgcc.a(_arm_muldivsf3.o)
                0x00084220                __mulsf3
                0x00084220                __aeabi_fmul
                0x00084388                __aeabi_fdiv
                0x00084388                __divsf3
 .text          0x000844c0       0xec c:/users/moseichuk/appdata/local/arduino15/packages/arduino/tools/arm-none-eabi-gcc/4.8.3-2014q1/bin/../lib/gcc/arm-none-eabi/4.8.3/armv7-m\libgcc.a(_arm_cmpsf2.o)
                0x000844c0                __gesf2
                0x000844c0                __gtsf2
                0x000844c8                __lesf2
                0x000844c8                __ltsf2
                0x000844d0                __nesf2
                0x000844d0                __eqsf2
                0x000844d0                __cmpsf2
                0x00084530                __aeabi_cfrcmple
                0x00084538                __aeabi_cfcmpeq
                0x00084538                __aeabi_cfcmple
                0x00084548                __aeabi_fcmpeq
                0x0008455c                __aeabi_fcmplt
                0x00084570                __aeabi_fcmple
                0x00084584                __aeabi_fcmpge
                0x00084598                __aeabi_fcmpgt
 .text.__aeabi_atexit
                0x000845ac        0xc c:/users/moseichuk/appdata/local/arduino15/packages/arduino/tools/arm-none-eabi-gcc/4.8.3-2014q1/bin/../lib/gcc/arm-none-eabi/4.8.3/../../../../arm-none-eabi/lib/armv7-m\libg.a(lib_a-aeabi_atexit.o)
                0x000845ac                __aeabi_atexit
 .text.__assert_func
                0x000845b8       0x3c c:/users/moseichuk/appdata/local/arduino15/packages/arduino/tools/arm-none-eabi-gcc/4.8.3-2014q1/bin/../lib/gcc/arm-none-eabi/4.8.3/../../../../arm-none-eabi/lib/armv7-m\libg.a(lib_a-assert.o)
                0x000845b8                __assert_func
 .text.atof     0x000845f4        0x8 c:/users/moseichuk/appdata/local/arduino15/packages/arduino/tools/arm-none-eabi-gcc/4.8.3-2014q1/bin/../lib/gcc/arm-none-eabi/4.8.3/../../../../arm-none-eabi/lib/armv7-m\libg.a(lib_a-atof.o)
                0x000845f4                atof
 .text.atoi     0x000845fc        0x8 c:/users/moseichuk/appdata/local/arduino15/packages/arduino/tools/arm-none-eabi-gcc/4.8.3-2014q1/bin/../lib/gcc/arm-none-eabi/4.8.3/../../../../arm-none-eabi/lib/armv7-m\libg.a(lib_a-atoi.o)
                0x000845fc                atoi
 .text.__cxa_atexit
                0x00084604       0x14 c:/users/moseichuk/appdata/local/arduino15/packages/arduino/tools/arm-none-eabi-gcc/4.8.3-2014q1/bin/../lib/gcc/arm-none-eabi/4.8.3/../../../../arm-none-eabi/lib/armv7-m\libg.a(lib_a-cxa_atexit.o)
                0x00084604                __cxa_atexit
 .text.fiprintf
                0x00084618       0x28 c:/users/moseichuk/appdata/local/arduino15/packages/arduino/tools/arm-none-eabi-gcc/4.8.3-2014q1/bin/../lib/gcc/arm-none-eabi/4.8.3/../../../../arm-none-eabi/lib/armv7-m\libg.a(lib_a-fiprintf.o)
                0x00084618                fiprintf
 .text.__libc_init_array
                0x00084640       0x50 c:/users/moseichuk/appdata/local/arduino15/packages/arduino/tools/arm-none-eabi-gcc/4.8.3-2014q1/bin/../lib/gcc/arm-none-eabi/4.8.3/../../../../arm-none-eabi/lib/armv7-m\libg.a(lib_a-init.o)
                0x00084640                __libc_init_array
 .text.iprintf  0x00084690       0x28 c:/users/moseichuk/appdata/local/arduino15/packages/arduino/tools/arm-none-eabi-gcc/4.8.3-2014q1/bin/../lib/gcc/arm-none-eabi/4.8.3/../../../../arm-none-eabi/lib/armv7-m\libg.a(lib_a-iprintf.o)
                0x00084690                iprintf
 .text.malloc   0x000846b8       0x10 c:/users/moseichuk/appdata/local/arduino15/packages/arduino/tools/arm-none-eabi-gcc/4.8.3-2014q1/bin/../lib/gcc/arm-none-eabi/4.8.3/../../../../arm-none-eabi/lib/armv7-m\libg.a(lib_a-malloc.o)
                0x000846b8                malloc
 .text.free     0x000846c8       0x10 c:/users/moseichuk/appdata/local/arduino15/packages/arduino/tools/arm-none-eabi-gcc/4.8.3-2014q1/bin/../lib/gcc/arm-none-eabi/4.8.3/../../../../arm-none-eabi/lib/armv7-m\libg.a(lib_a-malloc.o)
                0x000846c8                free
 .text._malloc_r
                0x000846d8      0x538 c:/users/moseichuk/appdata/local/arduino15/packages/arduino/tools/arm-none-eabi-gcc/4.8.3-2014q1/bin/../lib/gcc/arm-none-eabi/4.8.3/../../../../arm-none-eabi/lib/armv7-m\libg.a(lib_a-mallocr.o)
                0x000846d8                _malloc_r
 .text          0x00084c10       0xec c:/users/moseichuk/appdata/local/arduino15/packages/arduino/tools/arm-none-eabi-gcc/4.8.3-2014q1/bin/../lib/gcc/arm-none-eabi/4.8.3/../../../../arm-none-eabi/lib/armv7-m\libg.a(lib_a-memcpy.o)
                0x00084c10                memcpy
 .text.memmove  0x00084cfc       0xcc c:/users/moseichuk/appdata/local/arduino15/packages/arduino/tools/arm-none-eabi-gcc/4.8.3-2014q1/bin/../lib/gcc/arm-none-eabi/4.8.3/../../../../arm-none-eabi/lib/armv7-m\libg.a(lib_a-memmove.o)
                0x00084cfc                memmove
 .text.memset   0x00084dc8       0x94 c:/users/moseichuk/appdata/local/arduino15/packages/arduino/tools/arm-none-eabi-gcc/4.8.3-2014q1/bin/../lib/gcc/arm-none-eabi/4.8.3/../../../../arm-none-eabi/lib/armv7-m\libg.a(lib_a-memset.o)
                0x00084dc8                memset
 .text.__malloc_lock
                0x00084e5c        0x4 c:/users/moseichuk/appdata/local/arduino15/packages/arduino/tools/arm-none-eabi-gcc/4.8.3-2014q1/bin/../lib/gcc/arm-none-eabi/4.8.3/../../../../arm-none-eabi/lib/armv7-m\libg.a(lib_a-mlock.o)
                0x00084e5c                __malloc_lock
 .text.__malloc_unlock
                0x00084e60        0x4 c:/users/moseichuk/appdata/local/arduino15/packages/arduino/tools/arm-none-eabi-gcc/4.8.3-2014q1/bin/../lib/gcc/arm-none-eabi/4.8.3/../../../../arm-none-eabi/lib/armv7-m\libg.a(lib_a-mlock.o)
                0x00084e60                __malloc_unlock
 .text.realloc  0x00084e64       0x10 c:/users/moseichuk/appdata/local/arduino15/packages/arduino/tools/arm-none-eabi-gcc/4.8.3-2014q1/bin/../lib/gcc/arm-none-eabi/4.8.3/../../../../arm-none-eabi/lib/armv7-m\libg.a(lib_a-realloc.o)
                0x00084e64                realloc
 .text._realloc_r
                0x00084e74      0x3c0 c:/users/moseichuk/appdata/local/arduino15/packages/arduino/tools/arm-none-eabi-gcc/4.8.3-2014q1/bin/../lib/gcc/arm-none-eabi/4.8.3/../../../../arm-none-eabi/lib/armv7-m\libg.a(lib_a-reallocr.o)
                0x00084e74                _realloc_r
 .text._sbrk_r  0x00085234       0x24 c:/users/moseichuk/appdata/local/arduino15/packages/arduino/tools/arm-none-eabi-gcc/4.8.3-2014q1/bin/../lib/gcc/arm-none-eabi/4.8.3/../../../../arm-none-eabi/lib/armv7-m\libg.a(lib_a-sbrkr.o)
                0x00085234                _sbrk_r
 .text.sprintf  0x00085258       0x4c c:/users/moseichuk/appdata/local/arduino15/packages/arduino/tools/arm-none-eabi-gcc/4.8.3-2014q1/bin/../lib/gcc/arm-none-eabi/4.8.3/../../../../arm-none-eabi/lib/armv7-m\libg.a(lib_a-sprintf.o)
                0x00085258                sprintf
 .text.strchr   0x000852a4       0xf4 c:/users/moseichuk/appdata/local/arduino15/packages/arduino/tools/arm-none-eabi-gcc/4.8.3-2014q1/bin/../lib/gcc/arm-none-eabi/4.8.3/../../../../arm-none-eabi/lib/armv7-m\libg.a(lib_a-strchr.o)
                0x000852a4                strchr
 .text.strcpy   0x00085398       0xbc c:/users/moseichuk/appdata/local/arduino15/packages/arduino/tools/arm-none-eabi-gcc/4.8.3-2014q1/bin/../lib/gcc/arm-none-eabi/4.8.3/../../../../arm-none-eabi/lib/armv7-m\libg.a(lib_a-strcpy.o)
                0x00085398                strcpy
 .text.strlen   0x00085454       0x60 c:/users/moseichuk/appdata/local/arduino15/packages/arduino/tools/arm-none-eabi-gcc/4.8.3-2014q1/bin/../lib/gcc/arm-none-eabi/4.8.3/../../../../arm-none-eabi/lib/armv7-m\libg.a(lib_a-strlen.o)
                0x00085454                strlen
 .text.strncmp  0x000854b4       0xb4 c:/users/moseichuk/appdata/local/arduino15/packages/arduino/tools/arm-none-eabi-gcc/4.8.3-2014q1/bin/../lib/gcc/arm-none-eabi/4.8.3/../../../../arm-none-eabi/lib/armv7-m\libg.a(lib_a-strncmp.o)
                0x000854b4                strncmp
 .text.critical_factorization
                0x00085568       0xbc c:/users/moseichuk/appdata/local/arduino15/packages/arduino/tools/arm-none-eabi-gcc/4.8.3-2014q1/bin/../lib/gcc/arm-none-eabi/4.8.3/../../../../arm-none-eabi/lib/armv7-m\libg.a(lib_a-strstr.o)
 .text.two_way_long_needle
                0x00085624      0x1ec c:/users/moseichuk/appdata/local/arduino15/packages/arduino/tools/arm-none-eabi-gcc/4.8.3-2014q1/bin/../lib/gcc/arm-none-eabi/4.8.3/../../../../arm-none-eabi/lib/armv7-m\libg.a(lib_a-strstr.o)
 .text.strstr   0x00085810      0x200 c:/users/moseichuk/appdata/local/arduino15/packages/arduino/tools/arm-none-eabi-gcc/4.8.3-2014q1/bin/../lib/gcc/arm-none-eabi/4.8.3/../../../../arm-none-eabi/lib/armv7-m\libg.a(lib_a-strstr.o)
                0x00085810                strstr
 .text.sulp     0x00085a10       0x40 c:/users/moseichuk/appdata/local/arduino15/packages/arduino/tools/arm-none-eabi-gcc/4.8.3-2014q1/bin/../lib/gcc/arm-none-eabi/4.8.3/../../../../arm-none-eabi/lib/armv7-m\libg.a(lib_a-strtod.o)
 .text._strtod_r
                0x00085a50      0xf38 c:/users/moseichuk/appdata/local/arduino15/packages/arduino/tools/arm-none-eabi-gcc/4.8.3-2014q1/bin/../lib/gcc/arm-none-eabi/4.8.3/../../../../arm-none-eabi/lib/armv7-m\libg.a(lib_a-strtod.o)
                0x00085a50                _strtod_r
 .text.strtod   0x00086988       0x10 c:/users/moseichuk/appdata/local/arduino15/packages/arduino/tools/arm-none-eabi-gcc/4.8.3-2014q1/bin/../lib/gcc/arm-none-eabi/4.8.3/../../../../arm-none-eabi/lib/armv7-m\libg.a(lib_a-strtod.o)
                0x00086988                strtod
 .text._strtol_r
                0x00086998      0x114 c:/users/moseichuk/appdata/local/arduino15/packages/arduino/tools/arm-none-eabi-gcc/4.8.3-2014q1/bin/../lib/gcc/arm-none-eabi/4.8.3/../../../../arm-none-eabi/lib/armv7-m\libg.a(lib_a-strtol.o)
                0x00086998                _strtol_r
 .text.strtol   0x00086aac       0x18 c:/users/moseichuk/appdata/local/arduino15/packages/arduino/tools/arm-none-eabi-gcc/4.8.3-2014q1/bin/../lib/gcc/arm-none-eabi/4.8.3/../../../../arm-none-eabi/lib/armv7-m\libg.a(lib_a-strtol.o)
                0x00086aac                strtol
 .text._svfprintf_r
                0x00086ac4     0x14e0 c:/users/moseichuk/appdata/local/arduino15/packages/arduino/tools/arm-none-eabi-gcc/4.8.3-2014q1/bin/../lib/gcc/arm-none-eabi/4.8.3/../../../../arm-none-eabi/lib/armv7-m\libg.a(lib_a-svfprintf.o)
                0x00086ac4                _svfprintf_r
 .text.kill     0x00087fa4       0x10 c:/users/moseichuk/appdata/local/arduino15/packages/arduino/tools/arm-none-eabi-gcc/4.8.3-2014q1/bin/../lib/gcc/arm-none-eabi/4.8.3/../../../../arm-none-eabi/lib/armv7-m\libg.a(lib_a-syskill.o)
                0x00087fa4                kill
 .text.__sprint_r.part.0
                0x00087fb4       0x78 c:/users/moseichuk/appdata/local/arduino15/packages/arduino/tools/arm-none-eabi-gcc/4.8.3-2014q1/bin/../lib/gcc/arm-none-eabi/4.8.3/../../../../arm-none-eabi/lib/armv7-m\libg.a(lib_a-vfiprintf.o)
 .text._vfiprintf_r
                0x0008802c      0xc54 c:/users/moseichuk/appdata/local/arduino15/packages/arduino/tools/arm-none-eabi-gcc/4.8.3-2014q1/bin/../lib/gcc/arm-none-eabi/4.8.3/../../../../arm-none-eabi/lib/armv7-m\libg.a(lib_a-vfiprintf.o)
                0x0008802c                _vfiprintf_r
 .text.__sbprintf
                0x00088c80       0x7c c:/users/moseichuk/appdata/local/arduino15/packages/arduino/tools/arm-none-eabi-gcc/4.8.3-2014q1/bin/../lib/gcc/arm-none-eabi/4.8.3/../../../../arm-none-eabi/lib/armv7-m\libg.a(lib_a-vfiprintf.o)
 .text.__swsetup_r
                0x00088cfc       0xc4 c:/users/moseichuk/appdata/local/arduino15/packages/arduino/tools/arm-none-eabi-gcc/4.8.3-2014q1/bin/../lib/gcc/arm-none-eabi/4.8.3/../../../../arm-none-eabi/lib/armv7-m\libg.a(lib_a-wsetup.o)
                0x00088cfc                __swsetup_r
 .text.__register_exitproc
                0x00088dc0       0xa8 c:/users/moseichuk/appdata/local/arduino15/packages/arduino/tools/arm-none-eabi-gcc/4.8.3-2014q1/bin/../lib/gcc/arm-none-eabi/4.8.3/../../../../arm-none-eabi/lib/armv7-m\libg.a(lib_a-__atexit.o)
                0x00088dc0                __register_exitproc
 .text.startup.register_fini
                0x00088e68       0x14 c:/users/moseichuk/appdata/local/arduino15/packages/arduino/tools/arm-none-eabi-gcc/4.8.3-2014q1/bin/../lib/gcc/arm-none-eabi/4.8.3/../../../../arm-none-eabi/lib/armv7-m\libg.a(lib_a-__call_atexit.o)
 .text.abort    0x00088e7c       0x10 c:/users/moseichuk/appdata/local/arduino15/packages/arduino/tools/arm-none-eabi-gcc/4.8.3-2014q1/bin/../lib/gcc/arm-none-eabi/4.8.3/../../../../arm-none-eabi/lib/armv7-m\libg.a(lib_a-abort.o)
                0x00088e7c                abort
 .text.atexit   0x00088e8c        0xc c:/users/moseichuk/appdata/local/arduino15/packages/arduino/tools/arm-none-eabi-gcc/4.8.3-2014q1/bin/../lib/gcc/arm-none-eabi/4.8.3/../../../../arm-none-eabi/lib/armv7-m\libg.a(lib_a-atexit.o)
                0x00088e8c                atexit
 .text.quorem   0x00088e98      0x134 c:/users/moseichuk/appdata/local/arduino15/packages/arduino/tools/arm-none-eabi-gcc/4.8.3-2014q1/bin/../lib/gcc/arm-none-eabi/4.8.3/../../../../arm-none-eabi/lib/armv7-m\libg.a(lib_a-dtoa.o)
 *fill*         0x00088fcc        0x4 
 .text._dtoa_r  0x00088fd0      0xe38 c:/users/moseichuk/appdata/local/arduino15/packages/arduino/tools/arm-none-eabi-gcc/4.8.3-2014q1/bin/../lib/gcc/arm-none-eabi/4.8.3/../../../../arm-none-eabi/lib/armv7-m\libg.a(lib_a-dtoa.o)
                0x00088fd0                _dtoa_r
 .text.__sflush_r
                0x00089e08      0x148 c:/users/moseichuk/appdata/local/arduino15/packages/arduino/tools/arm-none-eabi-gcc/4.8.3-2014q1/bin/../lib/gcc/arm-none-eabi/4.8.3/../../../../arm-none-eabi/lib/armv7-m\libg.a(lib_a-fflush.o)
                0x00089e08                __sflush_r
 .text._fflush_r
                0x00089f50       0x2c c:/users/moseichuk/appdata/local/arduino15/packages/arduino/tools/arm-none-eabi-gcc/4.8.3-2014q1/bin/../lib/gcc/arm-none-eabi/4.8.3/../../../../arm-none-eabi/lib/armv7-m\libg.a(lib_a-fflush.o)
                0x00089f50                _fflush_r
 .text._cleanup_r
                0x00089f7c        0xc c:/users/moseichuk/appdata/local/arduino15/packages/arduino/tools/arm-none-eabi-gcc/4.8.3-2014q1/bin/../lib/gcc/arm-none-eabi/4.8.3/../../../../arm-none-eabi/lib/armv7-m\libg.a(lib_a-findfp.o)
                0x00089f7c                _cleanup_r
 .text.__sinit  0x00089f88       0xf4 c:/users/moseichuk/appdata/local/arduino15/packages/arduino/tools/arm-none-eabi-gcc/4.8.3-2014q1/bin/../lib/gcc/arm-none-eabi/4.8.3/../../../../arm-none-eabi/lib/armv7-m\libg.a(lib_a-findfp.o)
                0x00089f88                __sinit
 .text.__sfp_lock_acquire
                0x0008a07c        0x4 c:/users/moseichuk/appdata/local/arduino15/packages/arduino/tools/arm-none-eabi-gcc/4.8.3-2014q1/bin/../lib/gcc/arm-none-eabi/4.8.3/../../../../arm-none-eabi/lib/armv7-m\libg.a(lib_a-findfp.o)
                0x0008a07c                __sfp_lock_acquire
 .text.__sfp_lock_release
                0x0008a080        0x4 c:/users/moseichuk/appdata/local/arduino15/packages/arduino/tools/arm-none-eabi-gcc/4.8.3-2014q1/bin/../lib/gcc/arm-none-eabi/4.8.3/../../../../arm-none-eabi/lib/armv7-m\libg.a(lib_a-findfp.o)
                0x0008a080                __sfp_lock_release
 .text.__libc_fini_array
                0x0008a084       0x30 c:/users/moseichuk/appdata/local/arduino15/packages/arduino/tools/arm-none-eabi-gcc/4.8.3-2014q1/bin/../lib/gcc/arm-none-eabi/4.8.3/../../../../arm-none-eabi/lib/armv7-m\libg.a(lib_a-fini.o)
                0x0008a084                __libc_fini_array
 .text._fputwc_r
                0x0008a0b4       0xc0 c:/users/moseichuk/appdata/local/arduino15/packages/arduino/tools/arm-none-eabi-gcc/4.8.3-2014q1/bin/../lib/gcc/arm-none-eabi/4.8.3/../../../../arm-none-eabi/lib/armv7-m\libg.a(lib_a-fputwc.o)
                0x0008a0b4                _fputwc_r
 .text._malloc_trim_r
                0x0008a174       0x9c c:/users/moseichuk/appdata/local/arduino15/packages/arduino/tools/arm-none-eabi-gcc/4.8.3-2014q1/bin/../lib/gcc/arm-none-eabi/4.8.3/../../../../arm-none-eabi/lib/armv7-m\libg.a(lib_a-freer.o)
                0x0008a174                _malloc_trim_r
 .text._free_r  0x0008a210      0x198 c:/users/moseichuk/appdata/local/arduino15/packages/arduino/tools/arm-none-eabi-gcc/4.8.3-2014q1/bin/../lib/gcc/arm-none-eabi/4.8.3/../../../../arm-none-eabi/lib/armv7-m\libg.a(lib_a-freer.o)
                0x0008a210                _free_r
 .text.__sfvwrite_r
                0x0008a3a8      0x314 c:/users/moseichuk/appdata/local/arduino15/packages/arduino/tools/arm-none-eabi-gcc/4.8.3-2014q1/bin/../lib/gcc/arm-none-eabi/4.8.3/../../../../arm-none-eabi/lib/armv7-m\libg.a(lib_a-fvwrite.o)
                0x0008a3a8                __sfvwrite_r
 .text._fwalk   0x0008a6bc       0x48 c:/users/moseichuk/appdata/local/arduino15/packages/arduino/tools/arm-none-eabi-gcc/4.8.3-2014q1/bin/../lib/gcc/arm-none-eabi/4.8.3/../../../../arm-none-eabi/lib/armv7-m\libg.a(lib_a-fwalk.o)
                0x0008a6bc                _fwalk
 .text.rshift   0x0008a704       0xa0 c:/users/moseichuk/appdata/local/arduino15/packages/arduino/tools/arm-none-eabi-gcc/4.8.3-2014q1/bin/../lib/gcc/arm-none-eabi/4.8.3/../../../../arm-none-eabi/lib/armv7-m\libg.a(lib_a-gdtoa-gethex.o)
 .text.__gethex
                0x0008a7a4      0x52c c:/users/moseichuk/appdata/local/arduino15/packages/arduino/tools/arm-none-eabi-gcc/4.8.3-2014q1/bin/../lib/gcc/arm-none-eabi/4.8.3/../../../../arm-none-eabi/lib/armv7-m\libg.a(lib_a-gdtoa-gethex.o)
                0x0008a7a4                __gethex
 .text.__hexnan
                0x0008acd0      0x194 c:/users/moseichuk/appdata/local/arduino15/packages/arduino/tools/arm-none-eabi-gcc/4.8.3-2014q1/bin/../lib/gcc/arm-none-eabi/4.8.3/../../../../arm-none-eabi/lib/armv7-m\libg.a(lib_a-gdtoa-hexnan.o)
                0x0008acd0                __hexnan
 .text.__locale_charset
                0x0008ae64        0x8 c:/users/moseichuk/appdata/local/arduino15/packages/arduino/tools/arm-none-eabi-gcc/4.8.3-2014q1/bin/../lib/gcc/arm-none-eabi/4.8.3/../../../../arm-none-eabi/lib/armv7-m\libg.a(lib_a-locale.o)
                0x0008ae64                __locale_charset
 .text.__locale_mb_cur_max
                0x0008ae6c        0xc c:/users/moseichuk/appdata/local/arduino15/packages/arduino/tools/arm-none-eabi-gcc/4.8.3-2014q1/bin/../lib/gcc/arm-none-eabi/4.8.3/../../../../arm-none-eabi/lib/armv7-m\libg.a(lib_a-locale.o)
                0x0008ae6c                __locale_mb_cur_max
 .text._localeconv_r
                0x0008ae78        0x8 c:/users/moseichuk/appdata/local/arduino15/packages/arduino/tools/arm-none-eabi-gcc/4.8.3-2014q1/bin/../lib/gcc/arm-none-eabi/4.8.3/../../../../arm-none-eabi/lib/armv7-m\libg.a(lib_a-locale.o)
                0x0008ae78                _localeconv_r
 .text.__smakebuf_r
                0x0008ae80       0xe0 c:/users/moseichuk/appdata/local/arduino15/packages/arduino/tools/arm-none-eabi-gcc/4.8.3-2014q1/bin/../lib/gcc/arm-none-eabi/4.8.3/../../../../arm-none-eabi/lib/armv7-m\libg.a(lib_a-makebuf.o)
                0x0008ae80                __smakebuf_r
 .text.memchr   0x0008af60       0x94 c:/users/moseichuk/appdata/local/arduino15/packages/arduino/tools/arm-none-eabi-gcc/4.8.3-2014q1/bin/../lib/gcc/arm-none-eabi/4.8.3/../../../../arm-none-eabi/lib/armv7-m\libg.a(lib_a-memchr-stub.o)
                0x0008af60                memchr
 .text.memcmp   0x0008aff4       0x68 c:/users/moseichuk/appdata/local/arduino15/packages/arduino/tools/arm-none-eabi-gcc/4.8.3-2014q1/bin/../lib/gcc/arm-none-eabi/4.8.3/../../../../arm-none-eabi/lib/armv7-m\libg.a(lib_a-memcmp.o)
                0x0008aff4                memcmp
 .text._Balloc  0x0008b05c       0x4c c:/users/moseichuk/appdata/local/arduino15/packages/arduino/tools/arm-none-eabi-gcc/4.8.3-2014q1/bin/../lib/gcc/arm-none-eabi/4.8.3/../../../../arm-none-eabi/lib/armv7-m\libg.a(lib_a-mprec.o)
                0x0008b05c                _Balloc
 .text._Bfree   0x0008b0a8       0x14 c:/users/moseichuk/appdata/local/arduino15/packages/arduino/tools/arm-none-eabi-gcc/4.8.3-2014q1/bin/../lib/gcc/arm-none-eabi/4.8.3/../../../../arm-none-eabi/lib/armv7-m\libg.a(lib_a-mprec.o)
                0x0008b0a8                _Bfree
 .text.__multadd
                0x0008b0bc       0x94 c:/users/moseichuk/appdata/local/arduino15/packages/arduino/tools/arm-none-eabi-gcc/4.8.3-2014q1/bin/../lib/gcc/arm-none-eabi/4.8.3/../../../../arm-none-eabi/lib/armv7-m\libg.a(lib_a-mprec.o)
                0x0008b0bc                __multadd
 .text.__s2b    0x0008b150       0x98 c:/users/moseichuk/appdata/local/arduino15/packages/arduino/tools/arm-none-eabi-gcc/4.8.3-2014q1/bin/../lib/gcc/arm-none-eabi/4.8.3/../../../../arm-none-eabi/lib/armv7-m\libg.a(lib_a-mprec.o)
                0x0008b150                __s2b
 .text.__hi0bits
                0x0008b1e8       0x40 c:/users/moseichuk/appdata/local/arduino15/packages/arduino/tools/arm-none-eabi-gcc/4.8.3-2014q1/bin/../lib/gcc/arm-none-eabi/4.8.3/../../../../arm-none-eabi/lib/armv7-m\libg.a(lib_a-mprec.o)
                0x0008b1e8                __hi0bits
 .text.__lo0bits
                0x0008b228       0x5c c:/users/moseichuk/appdata/local/arduino15/packages/arduino/tools/arm-none-eabi-gcc/4.8.3-2014q1/bin/../lib/gcc/arm-none-eabi/4.8.3/../../../../arm-none-eabi/lib/armv7-m\libg.a(lib_a-mprec.o)
                0x0008b228                __lo0bits
 .text.__i2b    0x0008b284       0x14 c:/users/moseichuk/appdata/local/arduino15/packages/arduino/tools/arm-none-eabi-gcc/4.8.3-2014q1/bin/../lib/gcc/arm-none-eabi/4.8.3/../../../../arm-none-eabi/lib/armv7-m\libg.a(lib_a-mprec.o)
                0x0008b284                __i2b
 .text.__multiply
                0x0008b298      0x13c c:/users/moseichuk/appdata/local/arduino15/packages/arduino/tools/arm-none-eabi-gcc/4.8.3-2014q1/bin/../lib/gcc/arm-none-eabi/4.8.3/../../../../arm-none-eabi/lib/armv7-m\libg.a(lib_a-mprec.o)
                0x0008b298                __multiply
 .text.__pow5mult
                0x0008b3d4       0x9c c:/users/moseichuk/appdata/local/arduino15/packages/arduino/tools/arm-none-eabi-gcc/4.8.3-2014q1/bin/../lib/gcc/arm-none-eabi/4.8.3/../../../../arm-none-eabi/lib/armv7-m\libg.a(lib_a-mprec.o)
                0x0008b3d4                __pow5mult
 .text.__lshift
                0x0008b470       0xbc c:/users/moseichuk/appdata/local/arduino15/packages/arduino/tools/arm-none-eabi-gcc/4.8.3-2014q1/bin/../lib/gcc/arm-none-eabi/4.8.3/../../../../arm-none-eabi/lib/armv7-m\libg.a(lib_a-mprec.o)
                0x0008b470                __lshift
 .text.__mcmp   0x0008b52c       0x48 c:/users/moseichuk/appdata/local/arduino15/packages/arduino/tools/arm-none-eabi-gcc/4.8.3-2014q1/bin/../lib/gcc/arm-none-eabi/4.8.3/../../../../arm-none-eabi/lib/armv7-m\libg.a(lib_a-mprec.o)
                0x0008b52c                __mcmp
 .text.__mdiff  0x0008b574       0xd8 c:/users/moseichuk/appdata/local/arduino15/packages/arduino/tools/arm-none-eabi-gcc/4.8.3-2014q1/bin/../lib/gcc/arm-none-eabi/4.8.3/../../../../arm-none-eabi/lib/armv7-m\libg.a(lib_a-mprec.o)
                0x0008b574                __mdiff
 .text.__ulp    0x0008b64c       0x40 c:/users/moseichuk/appdata/local/arduino15/packages/arduino/tools/arm-none-eabi-gcc/4.8.3-2014q1/bin/../lib/gcc/arm-none-eabi/4.8.3/../../../../arm-none-eabi/lib/armv7-m\libg.a(lib_a-mprec.o)
                0x0008b64c                __ulp
 .text.__b2d    0x0008b68c       0xb8 c:/users/moseichuk/appdata/local/arduino15/packages/arduino/tools/arm-none-eabi-gcc/4.8.3-2014q1/bin/../lib/gcc/arm-none-eabi/4.8.3/../../../../arm-none-eabi/lib/armv7-m\libg.a(lib_a-mprec.o)
                0x0008b68c                __b2d
 .text.__d2b    0x0008b744       0xbc c:/users/moseichuk/appdata/local/arduino15/packages/arduino/tools/arm-none-eabi-gcc/4.8.3-2014q1/bin/../lib/gcc/arm-none-eabi/4.8.3/../../../../arm-none-eabi/lib/armv7-m\libg.a(lib_a-mprec.o)
                0x0008b744                __d2b
 .text.__ratio  0x0008b800       0x50 c:/users/moseichuk/appdata/local/arduino15/packages/arduino/tools/arm-none-eabi-gcc/4.8.3-2014q1/bin/../lib/gcc/arm-none-eabi/4.8.3/../../../../arm-none-eabi/lib/armv7-m\libg.a(lib_a-mprec.o)
                0x0008b800                __ratio
 .text.__copybits
                0x0008b850       0x48 c:/users/moseichuk/appdata/local/arduino15/packages/arduino/tools/arm-none-eabi-gcc/4.8.3-2014q1/bin/../lib/gcc/arm-none-eabi/4.8.3/../../../../arm-none-eabi/lib/armv7-m\libg.a(lib_a-mprec.o)
                0x0008b850                __copybits
 .text.__any_on
                0x0008b898       0x60 c:/users/moseichuk/appdata/local/arduino15/packages/arduino/tools/arm-none-eabi-gcc/4.8.3-2014q1/bin/../lib/gcc/arm-none-eabi/4.8.3/../../../../arm-none-eabi/lib/armv7-m\libg.a(lib_a-mprec.o)
                0x0008b898                __any_on
 .text._raise_r
                0x0008b8f8       0x58 c:/users/moseichuk/appdata/local/arduino15/packages/arduino/tools/arm-none-eabi-gcc/4.8.3-2014q1/bin/../lib/gcc/arm-none-eabi/4.8.3/../../../../arm-none-eabi/lib/armv7-m\libg.a(lib_a-signal.o)
                0x0008b8f8                _raise_r
 .text.raise    0x0008b950       0x10 c:/users/moseichuk/appdata/local/arduino15/packages/arduino/tools/arm-none-eabi-gcc/4.8.3-2014q1/bin/../lib/gcc/arm-none-eabi/4.8.3/../../../../arm-none-eabi/lib/armv7-m\libg.a(lib_a-signal.o)
                0x0008b950                raise
 .text._kill_r  0x0008b960       0x28 c:/users/moseichuk/appdata/local/arduino15/packages/arduino/tools/arm-none-eabi-gcc/4.8.3-2014q1/bin/../lib/gcc/arm-none-eabi/4.8.3/../../../../arm-none-eabi/lib/armv7-m\libg.a(lib_a-signalr.o)
                0x0008b960                _kill_r
 .text._getpid_r
                0x0008b988        0x4 c:/users/moseichuk/appdata/local/arduino15/packages/arduino/tools/arm-none-eabi-gcc/4.8.3-2014q1/bin/../lib/gcc/arm-none-eabi/4.8.3/../../../../arm-none-eabi/lib/armv7-m\libg.a(lib_a-signalr.o)
                0x0008b988                _getpid_r
 .text.__sread  0x0008b98c       0x24 c:/users/moseichuk/appdata/local/arduino15/packages/arduino/tools/arm-none-eabi-gcc/4.8.3-2014q1/bin/../lib/gcc/arm-none-eabi/4.8.3/../../../../arm-none-eabi/lib/armv7-m\libg.a(lib_a-stdio.o)
                0x0008b98c                __sread
 .text.__swrite
                0x0008b9b0       0x38 c:/users/moseichuk/appdata/local/arduino15/packages/arduino/tools/arm-none-eabi-gcc/4.8.3-2014q1/bin/../lib/gcc/arm-none-eabi/4.8.3/../../../../arm-none-eabi/lib/armv7-m\libg.a(lib_a-stdio.o)
                0x0008b9b0                __swrite
 .text.__sseek  0x0008b9e8       0x20 c:/users/moseichuk/appdata/local/arduino15/packages/arduino/tools/arm-none-eabi-gcc/4.8.3-2014q1/bin/../lib/gcc/arm-none-eabi/4.8.3/../../../../arm-none-eabi/lib/armv7-m\libg.a(lib_a-stdio.o)
                0x0008b9e8                __sseek
 .text.__sclose
                0x0008ba08        0x8 c:/users/moseichuk/appdata/local/arduino15/packages/arduino/tools/arm-none-eabi-gcc/4.8.3-2014q1/bin/../lib/gcc/arm-none-eabi/4.8.3/../../../../arm-none-eabi/lib/armv7-m\libg.a(lib_a-stdio.o)
                0x0008ba08                __sclose
 .text.__ssprint_r
                0x0008ba10      0x100 c:/users/moseichuk/appdata/local/arduino15/packages/arduino/tools/arm-none-eabi-gcc/4.8.3-2014q1/bin/../lib/gcc/arm-none-eabi/4.8.3/../../../../arm-none-eabi/lib/armv7-m\libg.a(lib_a-svfiprintf.o)
                0x0008ba10                __ssprint_r
 .text.__swbuf_r
                0x0008bb10       0xa8 c:/users/moseichuk/appdata/local/arduino15/packages/arduino/tools/arm-none-eabi-gcc/4.8.3-2014q1/bin/../lib/gcc/arm-none-eabi/4.8.3/../../../../arm-none-eabi/lib/armv7-m\libg.a(lib_a-wbuf.o)
                0x0008bb10                __swbuf_r
 .text._wcrtomb_r
                0x0008bbb8       0x50 c:/users/moseichuk/appdata/local/arduino15/packages/arduino/tools/arm-none-eabi-gcc/4.8.3-2014q1/bin/../lib/gcc/arm-none-eabi/4.8.3/../../../../arm-none-eabi/lib/armv7-m\libg.a(lib_a-wcrtomb.o)
                0x0008bbb8                _wcrtomb_r
 .text.__ascii_wctomb
                0x0008bc08       0x1c c:/users/moseichuk/appdata/local/arduino15/packages/arduino/tools/arm-none-eabi-gcc/4.8.3-2014q1/bin/../lib/gcc/arm-none-eabi/4.8.3/../../../../arm-none-eabi/lib/armv7-m\libg.a(lib_a-wctomb_r.o)
                0x0008bc08                __ascii_wctomb
 .text._write_r
                0x0008bc24       0x28 c:/users/moseichuk/appdata/local/arduino15/packages/arduino/tools/arm-none-eabi-gcc/4.8.3-2014q1/bin/../lib/gcc/arm-none-eabi/4.8.3/../../../../arm-none-eabi/lib/armv7-m\libg.a(lib_a-writer.o)
                0x0008bc24                _write_r
 .text._calloc_r
                0x0008bc4c       0x60 c:/users/moseichuk/appdata/local/arduino15/packages/arduino/tools/arm-none-eabi-gcc/4.8.3-2014q1/bin/../lib/gcc/arm-none-eabi/4.8.3/../../../../arm-none-eabi/lib/armv7-m\libg.a(lib_a-callocr.o)
                0x0008bc4c                _calloc_r
 .text._close_r
                0x0008bcac       0x24 c:/users/moseichuk/appdata/local/arduino15/packages/arduino/tools/arm-none-eabi-gcc/4.8.3-2014q1/bin/../lib/gcc/arm-none-eabi/4.8.3/../../../../arm-none-eabi/lib/armv7-m\libg.a(lib_a-closer.o)
                0x0008bcac                _close_r
 .text._fclose_r
                0x0008bcd0       0x80 c:/users/moseichuk/appdata/local/arduino15/packages/arduino/tools/arm-none-eabi-gcc/4.8.3-2014q1/bin/../lib/gcc/arm-none-eabi/4.8.3/../../../../arm-none-eabi/lib/armv7-m\libg.a(lib_a-fclose.o)
                0x0008bcd0                _fclose_r
 .text.fclose   0x0008bd50       0x10 c:/users/moseichuk/appdata/local/arduino15/packages/arduino/tools/arm-none-eabi-gcc/4.8.3-2014q1/bin/../lib/gcc/arm-none-eabi/4.8.3/../../../../arm-none-eabi/lib/armv7-m\libg.a(lib_a-fclose.o)
                0x0008bd50                fclose
 .text._fstat_r
                0x0008bd60       0x28 c:/users/moseichuk/appdata/local/arduino15/packages/arduino/tools/arm-none-eabi-gcc/4.8.3-2014q1/bin/../lib/gcc/arm-none-eabi/4.8.3/../../../../arm-none-eabi/lib/armv7-m\libg.a(lib_a-fstatr.o)
                0x0008bd60                _fstat_r
 .text._isatty_r
                0x0008bd88       0x24 c:/users/moseichuk/appdata/local/arduino15/packages/arduino/tools/arm-none-eabi-gcc/4.8.3-2014q1/bin/../lib/gcc/arm-none-eabi/4.8.3/../../../../arm-none-eabi/lib/armv7-m\libg.a(lib_a-isattyr.o)
                0x0008bd88                _isatty_r
 .text._lseek_r
                0x0008bdac       0x28 c:/users/moseichuk/appdata/local/arduino15/packages/arduino/tools/arm-none-eabi-gcc/4.8.3-2014q1/bin/../lib/gcc/arm-none-eabi/4.8.3/../../../../arm-none-eabi/lib/armv7-m\libg.a(lib_a-lseekr.o)
                0x0008bdac                _lseek_r