Archive member included because of file (symbol)

C:\Users\Alex\AppData\Local\arduino15\packages\arduino\hardware\sam\1.6.11\variants\arduino_due_x/libsam_sam3x8e_gcc_rel.a(pio.o)
                              C:\Users\Alex\AppData\Local\Temp\VMBuilds\UTFT_Analog_ClockTempDS3231_1\arduino_due_x_dbg\Release\DS3231\DS3231.cpp.o (PIO_Configure)
C:\Users\Alex\AppData\Local\arduino15\packages\arduino\hardware\sam\1.6.11\variants\arduino_due_x/libsam_sam3x8e_gcc_rel.a(pmc.o)
                              C:\Users\Alex\AppData\Local\Temp\VMBuilds\UTFT_Analog_ClockTempDS3231_1\arduino_due_x_dbg\Release\DS3231\DS3231.cpp.o (pmc_enable_periph_clk)
C:\Users\Alex\AppData\Local\arduino15\packages\arduino\hardware\sam\1.6.11\variants\arduino_due_x/libsam_sam3x8e_gcc_rel.a(spi.o)
                              C:\Users\Alex\AppData\Local\Temp\VMBuilds\UTFT_Analog_ClockTempDS3231_1\arduino_due_x_dbg\Release\SPI\SPI.cpp.o (SPI_Enable)
C:\Users\Alex\AppData\Local\arduino15\packages\arduino\hardware\sam\1.6.11\variants\arduino_due_x/libsam_sam3x8e_gcc_rel.a(system_sam3xa.o)
                              C:\Users\Alex\AppData\Local\Temp\VMBCore\arduino16x\dd9c0bcefc96f94e07e77e847a2347d2\variant\variant.cpp.o (SystemInit)
C:\Users\Alex\AppData\Local\arduino15\packages\arduino\hardware\sam\1.6.11\variants\arduino_due_x/libsam_sam3x8e_gcc_rel.a(startup_sam3xa.o)
                              (Reset_Handler)
C:\Users\Alex\AppData\Local\arduino15\packages\arduino\hardware\sam\1.6.11\variants\arduino_due_x/libsam_sam3x8e_gcc_rel.a(adc.o)
                              C:\Users\Alex\AppData\Local\Temp\VMBCore\arduino16x\dd9c0bcefc96f94e07e77e847a2347d2\variant\variant.cpp.o (adc_init)
C:\Users\Alex\AppData\Local\arduino15\packages\arduino\hardware\sam\1.6.11\variants\arduino_due_x/libsam_sam3x8e_gcc_rel.a(uotghs.o)
                              C:\Users\Alex\AppData\Local\arduino15\packages\arduino\hardware\sam\1.6.11\variants\arduino_due_x/libsam_sam3x8e_gcc_rel.a(startup_sam3xa.o) (UOTGHS_Handler)
C:\Users\Alex\AppData\Local\Temp\VMBuilds\UTFT_Analog_ClockTempDS3231_1\arduino_due_x_dbg\Release/core.a(cortex_handlers.c.o)
                              C:\Users\Alex\AppData\Local\arduino15\packages\arduino\hardware\sam\1.6.11\variants\arduino_due_x/libsam_sam3x8e_gcc_rel.a(startup_sam3xa.o) (NMI_Handler)
C:\Users\Alex\AppData\Local\Temp\VMBuilds\UTFT_Analog_ClockTempDS3231_1\arduino_due_x_dbg\Release/core.a(hooks.c.o)
                              C:\Users\Alex\AppData\Local\Temp\VMBuilds\UTFT_Analog_ClockTempDS3231_1\arduino_due_x_dbg\Release\UTFT\UTFT.cpp.o (yield)
C:\Users\Alex\AppData\Local\Temp\VMBuilds\UTFT_Analog_ClockTempDS3231_1\arduino_due_x_dbg\Release/core.a(syscalls_sam3.c.o)
                              (_sbrk)
C:\Users\Alex\AppData\Local\Temp\VMBuilds\UTFT_Analog_ClockTempDS3231_1\arduino_due_x_dbg\Release/core.a(wiring.c.o)
                              C:\Users\Alex\AppData\Local\Temp\VMBuilds\UTFT_Analog_ClockTempDS3231_1\arduino_due_x_dbg\Release\DHT\DHT.cpp.o (millis)
C:\Users\Alex\AppData\Local\Temp\VMBuilds\UTFT_Analog_ClockTempDS3231_1\arduino_due_x_dbg\Release/core.a(wiring_analog.c.o)
                              C:\Users\Alex\AppData\Local\Temp\VMBCore\arduino16x\dd9c0bcefc96f94e07e77e847a2347d2\variant\variant.cpp.o (analogOutputInit)
C:\Users\Alex\AppData\Local\Temp\VMBuilds\UTFT_Analog_ClockTempDS3231_1\arduino_due_x_dbg\Release/core.a(wiring_digital.c.o)
                              C:\Users\Alex\AppData\Local\Temp\VMBuilds\UTFT_Analog_ClockTempDS3231_1\arduino_due_x_dbg\Release\UTFT_Analog_ClockTempDS3231_1.cpp.o (pinMode)
C:\Users\Alex\AppData\Local\Temp\VMBuilds\UTFT_Analog_ClockTempDS3231_1\arduino_due_x_dbg\Release/core.a(wiring_shift.c.o)
                              C:\Users\Alex\AppData\Local\Temp\VMBuilds\UTFT_Analog_ClockTempDS3231_1\arduino_due_x_dbg\Release\DS3231\DS3231.cpp.o (shiftOut)
C:\Users\Alex\AppData\Local\Temp\VMBuilds\UTFT_Analog_ClockTempDS3231_1\arduino_due_x_dbg\Release/core.a(main.cpp.o)
                              c:/users/alex/appdata/local/arduino15/packages/arduino/tools/arm-none-eabi-gcc/4.8.3-2014q1/bin/../lib/gcc/arm-none-eabi/4.8.3/../../../../arm-none-eabi/lib/armv7-m/crt0.o (main)
C:\Users\Alex\AppData\Local\Temp\VMBuilds\UTFT_Analog_ClockTempDS3231_1\arduino_due_x_dbg\Release/core.a(Print.cpp.o)
                              C:\Users\Alex\AppData\Local\Temp\VMBuilds\UTFT_Analog_ClockTempDS3231_1\arduino_due_x_dbg\Release\UTFT_Analog_ClockTempDS3231_1.cpp.o (Print::print(char const*))
C:\Users\Alex\AppData\Local\Temp\VMBuilds\UTFT_Analog_ClockTempDS3231_1\arduino_due_x_dbg\Release/core.a(Reset.cpp.o)
                              C:\Users\Alex\AppData\Local\Temp\VMBuilds\UTFT_Analog_ClockTempDS3231_1\arduino_due_x_dbg\Release/core.a(cortex_handlers.c.o) (tickReset)
C:\Users\Alex\AppData\Local\Temp\VMBuilds\UTFT_Analog_ClockTempDS3231_1\arduino_due_x_dbg\Release/core.a(RingBuffer.cpp.o)
[...]
Memory Configuration

Name             Origin             Length             Attributes
rom              0x00080000         0x00080000         xr
sram0            0x20000000         0x00010000         xrw
sram1            0x20080000         0x00008000         xrw
ram              0x20070000         0x00018000         xrw
*default*        0x00000000         0xffffffff

Linker script and memory map

LOAD c:/users/alex/appdata/local/arduino15/packages/arduino/tools/arm-none-eabi-gcc/4.8.3-2014q1/bin/../lib/gcc/arm-none-eabi/4.8.3/armv7-m/crti.o
LOAD c:/users/alex/appdata/local/arduino15/packages/arduino/tools/arm-none-eabi-gcc/4.8.3-2014q1/bin/../lib/gcc/arm-none-eabi/4.8.3/armv7-m/crtbegin.o
LOAD c:/users/alex/appdata/local/arduino15/packages/arduino/tools/arm-none-eabi-gcc/4.8.3-2014q1/bin/../lib/gcc/arm-none-eabi/4.8.3/../../../../arm-none-eabi/lib/armv7-m/crt0.o
START GROUP
LOAD C:\Users\Alex\AppData\Local\Temp\VMBuilds\UTFT_Analog_ClockTempDS3231_1\arduino_due_x_dbg\Release\UTFT_Analog_ClockTempDS3231_1.cpp.o
LOAD C:\Users\Alex\AppData\Local\Temp\VMBuilds\UTFT_Analog_ClockTempDS3231_1\arduino_due_x_dbg\Release\UTFT\DefaultFonts.c.o
LOAD C:\Users\Alex\AppData\Local\Temp\VMBuilds\UTFT_Analog_ClockTempDS3231_1\arduino_due_x_dbg\Release\UTFT\UTFT.cpp.o
LOAD C:\Users\Alex\AppData\Local\Temp\VMBuilds\UTFT_Analog_ClockTempDS3231_1\arduino_due_x_dbg\Release\DS3231\DS3231.cpp.o
LOAD C:\Users\Alex\AppData\Local\Temp\VMBuilds\UTFT_Analog_ClockTempDS3231_1\arduino_due_x_dbg\Release\UTouch\UTouch.cpp.o
LOAD C:\Users\Alex\AppData\Local\Temp\VMBuilds\UTFT_Analog_ClockTempDS3231_1\arduino_due_x_dbg\Release\OneWire\OneWire.cpp.o
LOAD C:\Users\Alex\AppData\Local\Temp\VMBuilds\UTFT_Analog_ClockTempDS3231_1\arduino_due_x_dbg\Release\DHT\DHT.cpp.o
LOAD C:\Users\Alex\AppData\Local\Temp\VMBuilds\UTFT_Analog_ClockTempDS3231_1\arduino_due_x_dbg\Release\MCP23S17\MCP23S17.cpp.o
LOAD C:\Users\Alex\AppData\Local\Temp\VMBuilds\UTFT_Analog_ClockTempDS3231_1\arduino_due_x_dbg\Release\SPI\SPI.cpp.o
LOAD C:\Users\Alex\AppData\Local\Temp\VMBCore\arduino16x\dd9c0bcefc96f94e07e77e847a2347d2\variant\variant.cpp.o
LOAD C:\Users\Alex\AppData\Local\arduino15\packages\arduino\hardware\sam\1.6.11\variants\arduino_due_x/libsam_sam3x8e_gcc_rel.a
LOAD C:\Users\Alex\AppData\Local\Temp\VMBuilds\UTFT_Analog_ClockTempDS3231_1\arduino_due_x_dbg\Release/core.a
END GROUP
LOAD c:/users/alex/appdata/local/arduino15/packages/arduino/tools/arm-none-eabi-gcc/4.8.3-2014q1/bin/../lib/gcc/arm-none-eabi/4.8.3/../../../../arm-none-eabi/lib/armv7-m\libm.a
START GROUP
LOAD c:/users/alex/appdata/local/arduino15/packages/arduino/tools/arm-none-eabi-gcc/4.8.3-2014q1/bin/../lib/gcc/arm-none-eabi/4.8.3/armv7-m\libgcc.a
LOAD c:/users/alex/appdata/local/arduino15/packages/arduino/tools/arm-none-eabi-gcc/4.8.3-2014q1/bin/../lib/gcc/arm-none-eabi/4.8.3/../../../../arm-none-eabi/lib/armv7-m\libg.a
LOAD c:/users/alex/appdata/local/arduino15/packages/arduino/tools/arm-none-eabi-gcc/4.8.3-2014q1/bin/../lib/gcc/arm-none-eabi/4.8.3/../../../../arm-none-eabi/lib/armv7-m\libc.a
END GROUP
LOAD c:/users/alex/appdata/local/arduino15/packages/arduino/tools/arm-none-eabi-gcc/4.8.3-2014q1/bin/../lib/gcc/arm-none-eabi/4.8.3/armv7-m/crtend.o
LOAD c:/users/alex/appdata/local/arduino15/packages/arduino/tools/arm-none-eabi-gcc/4.8.3-2014q1/bin/../lib/gcc/arm-none-eabi/4.8.3/armv7-m/crtn.o

.text           0x00080000    0x10a7c
                0x00080000                . = ALIGN (0x4)
                0x00080000                _sfixed = .
 *(.vectors .vectors.*)
 .vectors       0x00080000       0xf4 C:\Users\Alex\AppData\Local\arduino15\packages\arduino\hardware\sam\1.6.11\variants\arduino_due_x/libsam_sam3x8e_gcc_rel.a(startup_sam3xa.o)
                0x00080000                exception_table
 *(.text .text.* .gnu.linkonce.t.*)
 .text          0x000800f4       0x54 c:/users/alex/appdata/local/arduino15/packages/arduino/tools/arm-none-eabi-gcc/4.8.3-2014q1/bin/../lib/gcc/arm-none-eabi/4.8.3/armv7-m/crtbegin.o
 .text._Z8drawMarki
                0x00080148       0xe8 C:\Users\Alex\AppData\Local\Temp\VMBuilds\UTFT_Analog_ClockTempDS3231_1\arduino_due_x_dbg\Release\UTFT_Analog_ClockTempDS3231_1.cpp.o
                0x00080148                drawMark(int)
 .text._Z7drawSeci
                0x00080230      0x1e0 C:\Users\Alex\AppData\Local\Temp\VMBuilds\UTFT_Analog_ClockTempDS3231_1\arduino_due_x_dbg\Release\UTFT_Analog_ClockTempDS3231_1.cpp.o
                0x00080230                drawSec(int)
 .text._Z7drawMini
                0x00080410      0x528 C:\Users\Alex\AppData\Local\Temp\VMBuilds\UTFT_Analog_ClockTempDS3231_1\arduino_due_x_dbg\Release\UTFT_Analog_ClockTempDS3231_1.cpp.o
                0x00080410                drawMin(int)
 .text._Z8drawHourii
                0x00080938      0x530 C:\Users\Alex\AppData\Local\Temp\VMBuilds\UTFT_Analog_ClockTempDS3231_1\arduino_due_x_dbg\Release\UTFT_Analog_ClockTempDS3231_1.cpp.o
                0x00080938                drawHour(int, int)
 .text._Z11drawDisplayv
                0x00080e68      0x1f4 C:\Users\Alex\AppData\Local\Temp\VMBuilds\UTFT_Analog_ClockTempDS3231_1\arduino_due_x_dbg\Release\UTFT_Analog_ClockTempDS3231_1.cpp.o
                0x00080e68                drawDisplay()
 .text._Z9printDatev
                0x0008105c       0xb4 C:\Users\Alex\AppData\Local\Temp\VMBuilds\UTFT_Analog_ClockTempDS3231_1\arduino_due_x_dbg\Release\UTFT_Analog_ClockTempDS3231_1.cpp.o
                0x0008105c                printDate()
 .text._Z9clearDatev
                0x00081110       0x2c C:\Users\Alex\AppData\Local\Temp\VMBuilds\UTFT_Analog_ClockTempDS3231_1\arduino_due_x_dbg\Release\UTFT_Analog_ClockTempDS3231_1.cpp.o
                0x00081110                clearDate()
 *fill*         0x0008113c        0x4 
 .text._Z7ds18s20v
                0x00081140      0x130 C:\Users\Alex\AppData\Local\Temp\VMBuilds\UTFT_Analog_ClockTempDS3231_1\arduino_due_x_dbg\Release\UTFT_Analog_ClockTempDS3231_1.cpp.o
                0x00081140                ds18s20()
 .text._Z12drawUpButtonii
                0x00081270       0xb8 C:\Users\Alex\AppData\Local\Temp\VMBuilds\UTFT_Analog_ClockTempDS3231_1\arduino_due_x_dbg\Release\UTFT_Analog_ClockTempDS3231_1.cpp.o
                0x00081270                drawUpButton(int, int)
 .text._Z14drawDownButtonii
                0x00081328       0xb8 C:\Users\Alex\AppData\Local\Temp\VMBuilds\UTFT_Analog_ClockTempDS3231_1\arduino_due_x_dbg\Release\UTFT_Analog_ClockTempDS3231_1.cpp.o
                0x00081328                drawDownButton(int, int)
 .text._Z7showDOWh
                0x000813e0       0x54 C:\Users\Alex\AppData\Local\Temp\VMBuilds\UTFT_Analog_ClockTempDS3231_1\arduino_due_x_dbg\Release\UTFT_Analog_ClockTempDS3231_1.cpp.o
                0x000813e0                showDOW(unsigned char)
 .text._Z12validateDatehhj
                0x00081434       0x5c C:\Users\Alex\AppData\Local\Temp\VMBuilds\UTFT_Analog_ClockTempDS3231_1\arduino_due_x_dbg\Release\UTFT_Analog_ClockTempDS3231_1.cpp.o
                0x00081434                validateDate(unsigned char, unsigned char, unsigned int)
 .text._Z20validateDateForMonthhhj
                0x00081490       0x88 C:\Users\Alex\AppData\Local\Temp\VMBuilds\UTFT_Analog_ClockTempDS3231_1\arduino_due_x_dbg\Release\UTFT_Analog_ClockTempDS3231_1.cpp.o
                0x00081490                validateDateForMonth(unsigned char, unsigned char, unsigned int)
 .text._Z7calcDOWhhi
                0x00081518       0x5c C:\Users\Alex\AppData\Local\Temp\VMBuilds\UTFT_Analog_ClockTempDS3231_1\arduino_due_x_dbg\Release\UTFT_Analog_ClockTempDS3231_1.cpp.o
                0x00081518                calcDOW(unsigned char, unsigned char, int)
 .text._Z19waitForTouchReleasev
                0x00081574       0x18 C:\Users\Alex\AppData\Local\Temp\VMBuilds\UTFT_Analog_ClockTempDS3231_1\arduino_due_x_dbg\Release\UTFT_Analog_ClockTempDS3231_1.cpp.o
                0x00081574                waitForTouchRelease()
 .text._Z10buttonWaitii
                0x0008158c       0x58 C:\Users\Alex\AppData\Local\Temp\VMBuilds\UTFT_Analog_ClockTempDS3231_1\arduino_due_x_dbg\Release\UTFT_Analog_ClockTempDS3231_1.cpp.o
                0x0008158c                buttonWait(int, int)
 .text._Z8setClockv
                0x000815e4      0x79c C:\Users\Alex\AppData\Local\Temp\VMBuilds\UTFT_Analog_ClockTempDS3231_1\arduino_due_x_dbg\Release\UTFT_Analog_ClockTempDS3231_1.cpp.o
                0x000815e4                setClock()
 .text.loop     0x00081d80       0xe8 C:\Users\Alex\AppData\Local\Temp\VMBuilds\UTFT_Analog_ClockTempDS3231_1\arduino_due_x_dbg\Release\UTFT_Analog_ClockTempDS3231_1.cpp.o
                0x00081d80                loop
 .text.startup._GLOBAL__sub_I_rtc
                0x00081e68       0x84 C:\Users\Alex\AppData\Local\Temp\VMBuilds\UTFT_Analog_ClockTempDS3231_1\arduino_due_x_dbg\Release\UTFT_Analog_ClockTempDS3231_1.cpp.o
 .text._Z13setup_ds18s20v
                0x00081eec       0xc0 C:\Users\Alex\AppData\Local\Temp\VMBuilds\UTFT_Analog_ClockTempDS3231_1\arduino_due_x_dbg\Release\UTFT_Analog_ClockTempDS3231_1.cpp.o
                0x00081eec                setup_ds18s20()
 .text.setup    0x00081fac       0xa0 C:\Users\Alex\AppData\Local\Temp\VMBuilds\UTFT_Analog_ClockTempDS3231_1\arduino_due_x_dbg\Release\UTFT_Analog_ClockTempDS3231_1.cpp.o
                0x00081fac                setup
 .text._ZN4UTFT14_convert_floatEPcdih
                0x0008204c       0x2c C:\Users\Alex\AppData\Local\Temp\VMBuilds\UTFT_Analog_ClockTempDS3231_1\arduino_due_x_dbg\Release\UTFT\UTFT.cpp.o
                0x0008204c                UTFT::_convert_float(char*, double, int, unsigned char)
 .text._ZN4UTFT12LCD_Writ_BusEcch
                0x00082078      0x2dc C:\Users\Alex\AppData\Local\Temp\VMBuilds\UTFT_Analog_ClockTempDS3231_1\arduino_due_x_dbg\Release\UTFT\UTFT.cpp.o
                0x00082078                UTFT::LCD_Writ_Bus(char, char, unsigned char)
 .text._ZN4UTFT24_set_direction_registersEh
                0x00082354       0x38 C:\Users\Alex\AppData\Local\Temp\VMBuilds\UTFT_Analog_ClockTempDS3231_1\arduino_due_x_dbg\Release\UTFT\UTFT.cpp.o
                0x00082354                UTFT::_set_direction_registers(unsigned char)
 .text._ZN4UTFT13_fast_fill_16Eiil
                0x0008238c      0x220 C:\Users\Alex\AppData\Local\Temp\VMBuilds\UTFT_Analog_ClockTempDS3231_1\arduino_due_x_dbg\Release\UTFT\UTFT.cpp.o
                0x0008238c                UTFT::_fast_fill_16(int, int, long)
 .text._ZN4UTFT12_fast_fill_8Eil
                0x000825ac      0x304 C:\Users\Alex\AppData\Local\Temp\VMBuilds\UTFT_Analog_ClockTempDS3231_1\arduino_due_x_dbg\Release\UTFT\UTFT.cpp.o
                0x000825ac                UTFT::_fast_fill_8(int, long)
 .text._ZN4UTFTC2Ehiiiii
                0x000828b0      0x198 C:\Users\Alex\AppData\Local\Temp\VMBuilds\UTFT_Analog_ClockTempDS3231_1\arduino_due_x_dbg\Release\UTFT\UTFT.cpp.o
                0x000828b0                UTFT::UTFT(unsigned char, int, int, int, int, int)
                0x000828b0                UTFT::UTFT(unsigned char, int, int, int, int, int)
 .text._ZN4UTFT13LCD_Write_COMEc
                0x00082a48       0x26 C:\Users\Alex\AppData\Local\Temp\VMBuilds\UTFT_Analog_ClockTempDS3231_1\arduino_due_x_dbg\Release\UTFT\UTFT.cpp.o
                0x00082a48                UTFT::LCD_Write_COM(char)
 .text._ZN4UTFT14LCD_Write_DATAEcc
                0x00082a6e       0x36 C:\Users\Alex\AppData\Local\Temp\VMBuilds\UTFT_Analog_ClockTempDS3231_1\arduino_due_x_dbg\Release\UTFT\UTFT.cpp.o
                0x00082a6e                UTFT::LCD_Write_DATA(char, char)
 .text._ZN4UTFT14LCD_Write_DATAEc
                0x00082aa4       0x24 C:\Users\Alex\AppData\Local\Temp\VMBuilds\UTFT_Analog_ClockTempDS3231_1\arduino_due_x_dbg\Release\UTFT\UTFT.cpp.o
                0x00082aa4                UTFT::LCD_Write_DATA(char)
 .text._ZN4UTFT5setXYEjjjj
                0x00082ac8       0x94 C:\Users\Alex\AppData\Local\Temp\VMBuilds\UTFT_Analog_ClockTempDS3231_1\arduino_due_x_dbg\Release\UTFT\UTFT.cpp.o
                0x00082ac8                UTFT::setXY(unsigned int, unsigned int, unsigned int, unsigned int)
 .text._ZN4UTFT7InitLCDEh
                0x00082b5c      0x4bc C:\Users\Alex\AppData\Local\Temp\VMBuilds\UTFT_Analog_ClockTempDS3231_1\arduino_due_x_dbg\Release\UTFT\UTFT.cpp.o
                0x00082b5c                UTFT::InitLCD(unsigned char)
 .text._ZN4UTFT5clrXYEv
                0x00083018       0x24 C:\Users\Alex\AppData\Local\Temp\VMBuilds\UTFT_Analog_ClockTempDS3231_1\arduino_due_x_dbg\Release\UTFT\UTFT.cpp.o
                0x00083018                UTFT::clrXY()
 .text._ZN4UTFT10drawCircleEiii
                0x0008303c      0x1d0 C:\Users\Alex\AppData\Local\Temp\VMBuilds\UTFT_Analog_ClockTempDS3231_1\arduino_due_x_dbg\Release\UTFT\UTFT.cpp.o
                0x0008303c                UTFT::drawCircle(int, int, int)
 .text._ZN4UTFT6clrScrEv
                0x0008320c       0x9c C:\Users\Alex\AppData\Local\Temp\VMBuilds\UTFT_Analog_ClockTempDS3231_1\arduino_due_x_dbg\Release\UTFT\UTFT.cpp.o
                0x0008320c                UTFT::clrScr()
 .text._ZN4UTFT8setColorEhhh
                0x000832a8       0x18 C:\Users\Alex\AppData\Local\Temp\VMBuilds\UTFT_Analog_ClockTempDS3231_1\arduino_due_x_dbg\Release\UTFT\UTFT.cpp.o
                0x000832a8                UTFT::setColor(unsigned char, unsigned char, unsigned char)
 .text._ZN4UTFT12setBackColorEhhh
                0x000832c0       0x1e C:\Users\Alex\AppData\Local\Temp\VMBuilds\UTFT_Analog_ClockTempDS3231_1\arduino_due_x_dbg\Release\UTFT\UTFT.cpp.o
                0x000832c0                UTFT::setBackColor(unsigned char, unsigned char, unsigned char)
 .text._ZN4UTFT8setPixelEj
                0x000832de        0xc C:\Users\Alex\AppData\Local\Temp\VMBuilds\UTFT_Analog_ClockTempDS3231_1\arduino_due_x_dbg\Release\UTFT\UTFT.cpp.o
                0x000832de                UTFT::setPixel(unsigned int)
 .text._ZN4UTFT9drawPixelEii
                0x000832ea       0x3c C:\Users\Alex\AppData\Local\Temp\VMBuilds\UTFT_Analog_ClockTempDS3231_1\arduino_due_x_dbg\Release\UTFT\UTFT.cpp.o
                0x000832ea                UTFT::drawPixel(int, int)
 .text._ZN4UTFT9drawHLineEiii
                0x00083326       0x92 C:\Users\Alex\AppData\Local\Temp\VMBuilds\UTFT_Analog_ClockTempDS3231_1\arduino_due_x_dbg\Release\UTFT\UTFT.cpp.o
                0x00083326                UTFT::drawHLine(int, int, int)
 .text._ZN4UTFT13fillRoundRectEiiii
                0x000833b8       0xb0 C:\Users\Alex\AppData\Local\Temp\VMBuilds\UTFT_Analog_ClockTempDS3231_1\arduino_due_x_dbg\Release\UTFT\UTFT.cpp.o
                0x000833b8                UTFT::fillRoundRect(int, int, int, int)
 .text._ZN4UTFT9drawVLineEiii
                0x00083468       0x94 C:\Users\Alex\AppData\Local\Temp\VMBuilds\UTFT_Analog_ClockTempDS3231_1\arduino_due_x_dbg\Release\UTFT\UTFT.cpp.o
                0x00083468                UTFT::drawVLine(int, int, int)
 .text._ZN4UTFT13drawRoundRectEiiii
                0x000834fc       0xce C:\Users\Alex\AppData\Local\Temp\VMBuilds\UTFT_Analog_ClockTempDS3231_1\arduino_due_x_dbg\Release\UTFT\UTFT.cpp.o
                0x000834fc                UTFT::drawRoundRect(int, int, int, int)
 .text._ZN4UTFT8fillRectEiiii
                0x000835ca      0x132 C:\Users\Alex\AppData\Local\Temp\VMBuilds\UTFT_Analog_ClockTempDS3231_1\arduino_due_x_dbg\Release\UTFT\UTFT.cpp.o
                0x000835ca                UTFT::fillRect(int, int, int, int)
 .text._ZN4UTFT8drawLineEiiii
                0x000836fc      0x106 C:\Users\Alex\AppData\Local\Temp\VMBuilds\UTFT_Analog_ClockTempDS3231_1\arduino_due_x_dbg\Release\UTFT\UTFT.cpp.o
                0x000836fc                UTFT::drawLine(int, int, int, int)
 .text._ZN4UTFT9printCharEhii
                0x00083802      0x1d0 C:\Users\Alex\AppData\Local\Temp\VMBuilds\UTFT_Analog_ClockTempDS3231_1\arduino_due_x_dbg\Release\UTFT\UTFT.cpp.o
                0x00083802                UTFT::printChar(unsigned char, int, int)
 *fill*         0x000839d2        0x6 
 .text._ZN4UTFT10rotateCharEhiiii
                0x000839d8      0x1b0 C:\Users\Alex\AppData\Local\Temp\VMBuilds\UTFT_Analog_ClockTempDS3231_1\arduino_due_x_dbg\Release\UTFT\UTFT.cpp.o
                0x000839d8                UTFT::rotateChar(unsigned char, int, int, int, int)
 .text._ZN4UTFT5printEPciii
                0x00083b88       0xac C:\Users\Alex\AppData\Local\Temp\VMBuilds\UTFT_Analog_ClockTempDS3231_1\arduino_due_x_dbg\Release\UTFT\UTFT.cpp.o
                0x00083b88                UTFT::print(char*, int, int, int)
 .text._ZN4UTFT9printNumIEliiic
                0x00083c34       0xe8 C:\Users\Alex\AppData\Local\Temp\VMBuilds\UTFT_Analog_ClockTempDS3231_1\arduino_due_x_dbg\Release\UTFT\UTFT.cpp.o
                0x00083c34                UTFT::printNumI(long, int, int, int, char)
 .text._ZN4UTFT9printNumFEdhiicic
                0x00083d1c       0xaa C:\Users\Alex\AppData\Local\Temp\VMBuilds\UTFT_Analog_ClockTempDS3231_1\arduino_due_x_dbg\Release\UTFT\UTFT.cpp.o
                0x00083d1c                UTFT::printNumF(double, unsigned char, int, int, char, int, char)
 .text._ZN4UTFT7setFontEPh
                0x00083dc6       0x1c C:\Users\Alex\AppData\Local\Temp\VMBuilds\UTFT_Analog_ClockTempDS3231_1\arduino_due_x_dbg\Release\UTFT\UTFT.cpp.o
                0x00083dc6                UTFT::setFont(unsigned char*)
 *fill*         0x00083de2        0x2 
 .text._ZN6DS32315beginEv
                0x00083de4       0xfc C:\Users\Alex\AppData\Local\Temp\VMBuilds\UTFT_Analog_ClockTempDS3231_1\arduino_due_x_dbg\Release\DS3231\DS3231.cpp.o
                0x00083de4                DS3231::begin()
 .text._ZN4TimeC2Ev
                0x00083ee0       0x1a C:\Users\Alex\AppData\Local\Temp\VMBuilds\UTFT_Analog_ClockTempDS3231_1\arduino_due_x_dbg\Release\DS3231\DS3231.cpp.o
                0x00083ee0                Time::Time()
                0x00083ee0                Time::Time()
 .text._ZN6DS3231C2Ehh
                0x00083efa        0x6 C:\Users\Alex\AppData\Local\Temp\VMBuilds\UTFT_Analog_ClockTempDS3231_1\arduino_due_x_dbg\Release\DS3231\DS3231.cpp.o
                0x00083efa                DS3231::DS3231(unsigned char, unsigned char)
                0x00083efa                DS3231::DS3231(unsigned char, unsigned char)
 .text._ZN6DS323110_sendStartEh
                0x00083f00       0x3e C:\Users\Alex\AppData\Local\Temp\VMBuilds\UTFT_Analog_ClockTempDS3231_1\arduino_due_x_dbg\Release\DS3231\DS3231.cpp.o
                0x00083f00                DS3231::_sendStart(unsigned char)
 .text._ZN6DS32319_sendStopEv
                0x00083f3e       0x30 C:\Users\Alex\AppData\Local\Temp\VMBuilds\UTFT_Analog_ClockTempDS3231_1\arduino_due_x_dbg\Release\DS3231\DS3231.cpp.o
                0x00083f3e                DS3231::_sendStop()
 .text._ZN6DS32319_sendNackEv
                0x00083f6e       0x38 C:\Users\Alex\AppData\Local\Temp\VMBuilds\UTFT_Analog_ClockTempDS3231_1\arduino_due_x_dbg\Release\DS3231\DS3231.cpp.o
                0x00083f6e                DS3231::_sendNack()
 .text._ZN6DS32318_sendAckEv
                0x00083fa6       0x38 C:\Users\Alex\AppData\Local\Temp\VMBuilds\UTFT_Analog_ClockTempDS3231_1\arduino_due_x_dbg\Release\DS3231\DS3231.cpp.o
                0x00083fa6                DS3231::_sendAck()
 .text._ZN6DS323111_waitForAckEv
                0x00083fde       0x2a C:\Users\Alex\AppData\Local\Temp\VMBuilds\UTFT_Analog_ClockTempDS3231_1\arduino_due_x_dbg\Release\DS3231\DS3231.cpp.o
                0x00083fde                DS3231::_waitForAck()
 .text._ZN6DS32319_readByteEv
                0x00084008       0x40 C:\Users\Alex\AppData\Local\Temp\VMBuilds\UTFT_Analog_ClockTempDS3231_1\arduino_due_x_dbg\Release\DS3231\DS3231.cpp.o
                0x00084008                DS3231::_readByte()
 .text._ZN6DS323110_writeByteEh
                0x00084048       0x1e C:\Users\Alex\AppData\Local\Temp\VMBuilds\UTFT_Analog_ClockTempDS3231_1\arduino_due_x_dbg\Release\DS3231\DS3231.cpp.o
                0x00084048                DS3231::_writeByte(unsigned char)
 *fill*         0x00084066        0x2 
 .text._ZN6DS323110_burstReadEv
                0x00084068       0x94 C:\Users\Alex\AppData\Local\Temp\VMBuilds\UTFT_Analog_ClockTempDS3231_1\arduino_due_x_dbg\Release\DS3231\DS3231.cpp.o
                0x00084068                DS3231::_burstRead()
 .text._ZN6DS323114_writeRegisterEhh
                0x000840fc       0x60 C:\Users\Alex\AppData\Local\Temp\VMBuilds\UTFT_Analog_ClockTempDS3231_1\arduino_due_x_dbg\Release\DS3231\DS3231.cpp.o
                0x000840fc                DS3231::_writeRegister(unsigned char, unsigned char)
 .text._ZN6DS32316setDOWEh
                0x0008415c       0x10 C:\Users\Alex\AppData\Local\Temp\VMBuilds\UTFT_Analog_ClockTempDS3231_1\arduino_due_x_dbg\Release\DS3231\DS3231.cpp.o
                0x0008415c                DS3231::setDOW(unsigned char)
 .text._ZN6DS32317setTimeEhhh
                0x0008416c       0x5c C:\Users\Alex\AppData\Local\Temp\VMBuilds\UTFT_Analog_ClockTempDS3231_1\arduino_due_x_dbg\Release\DS3231\DS3231.cpp.o
                0x0008416c                DS3231::setTime(unsigned char, unsigned char, unsigned char)
 .text._ZN6DS32317setDateEhht
                0x000841c8       0x6a C:\Users\Alex\AppData\Local\Temp\VMBuilds\UTFT_Analog_ClockTempDS3231_1\arduino_due_x_dbg\Release\DS3231\DS3231.cpp.o
                0x000841c8                DS3231::setDate(unsigned char, unsigned char, unsigned short)
 .text._ZN6DS32317_decodeEh
                0x00084232       0x12 C:\Users\Alex\AppData\Local\Temp\VMBuilds\UTFT_Analog_ClockTempDS3231_1\arduino_due_x_dbg\Release\DS3231\DS3231.cpp.o
                0x00084232                DS3231::_decode(unsigned char)
 .text._ZN6DS32318_decodeHEh
                0x00084244       0x26 C:\Users\Alex\AppData\Local\Temp\VMBuilds\UTFT_Analog_ClockTempDS3231_1\arduino_due_x_dbg\Release\DS3231\DS3231.cpp.o
                0x00084244                DS3231::_decodeH(unsigned char)
 .text._ZN6DS32317getTimeEv
                0x0008426a       0x62 C:\Users\Alex\AppData\Local\Temp\VMBuilds\UTFT_Analog_ClockTempDS3231_1\arduino_due_x_dbg\Release\DS3231\DS3231.cpp.o
                0x0008426a                DS3231::getTime()
 .text._ZN6DS32319getDOWStrEh
                0x000842cc       0x60 C:\Users\Alex\AppData\Local\Temp\VMBuilds\UTFT_Analog_ClockTempDS3231_1\arduino_due_x_dbg\Release\DS3231\DS3231.cpp.o
                0x000842cc                DS3231::getDOWStr(unsigned char)
 .text._ZN6DS323111getMonthStrEh
                0x0008432c       0x68 C:\Users\Alex\AppData\Local\Temp\VMBuilds\UTFT_Analog_ClockTempDS3231_1\arduino_due_x_dbg\Release\DS3231\DS3231.cpp.o
                0x0008432c                DS3231::getMonthStr(unsigned char)
 .text._ZN6UTouchC2Ehhhhh
                0x00084394       0x16 C:\Users\Alex\AppData\Local\Temp\VMBuilds\UTFT_Analog_ClockTempDS3231_1\arduino_due_x_dbg\Release\UTouch\UTouch.cpp.o
                0x00084394                UTouch::UTouch(unsigned char, unsigned char, unsigned char, unsigned char, unsigned char)
                0x00084394                UTouch::UTouch(unsigned char, unsigned char, unsigned char, unsigned char, unsigned char)
 .text._ZN6UTouch9InitTouchEh
                0x000843aa       0x7a C:\Users\Alex\AppData\Local\Temp\VMBuilds\UTFT_Analog_ClockTempDS3231_1\arduino_due_x_dbg\Release\UTouch\UTouch.cpp.o
                0x000843aa                UTouch::InitTouch(unsigned char)
 .text._ZN6UTouch15touch_WriteDataEh
                0x00084424       0x3e C:\Users\Alex\AppData\Local\Temp\VMBuilds\UTFT_Analog_ClockTempDS3231_1\arduino_due_x_dbg\Release\UTouch\UTouch.cpp.o
                0x00084424                UTouch::touch_WriteData(unsigned char)
 .text._ZN6UTouch14touch_ReadDataEv
                0x00084462       0x30 C:\Users\Alex\AppData\Local\Temp\VMBuilds\UTFT_Analog_ClockTempDS3231_1\arduino_due_x_dbg\Release\UTouch\UTouch.cpp.o
                0x00084462                UTouch::touch_ReadData()
 .text._ZN6UTouch4readEv
                0x00084492       0xba C:\Users\Alex\AppData\Local\Temp\VMBuilds\UTFT_Analog_ClockTempDS3231_1\arduino_due_x_dbg\Release\UTouch\UTouch.cpp.o
                0x00084492                UTouch::read()
 .text._ZN6UTouch13dataAvailableEv
                0x0008454c       0x26 C:\Users\Alex\AppData\Local\Temp\VMBuilds\UTFT_Analog_ClockTempDS3231_1\arduino_due_x_dbg\Release\UTouch\UTouch.cpp.o
                0x0008454c                UTouch::dataAvailable()
 .text._ZN6UTouch4getXEv
                0x00084572       0x56 C:\Users\Alex\AppData\Local\Temp\VMBuilds\UTFT_Analog_ClockTempDS3231_1\arduino_due_x_dbg\Release\UTouch\UTouch.cpp.o
                0x00084572                UTouch::getX()
 .text._ZN6UTouch4getYEv
                0x000845c8       0x56 C:\Users\Alex\AppData\Local\Temp\VMBuilds\UTFT_Analog_ClockTempDS3231_1\arduino_due_x_dbg\Release\UTouch\UTouch.cpp.o
                0x000845c8                UTouch::getY()
 .text._ZN6UTouch12setPrecisionEh
                0x0008461e       0x20 C:\Users\Alex\AppData\Local\Temp\VMBuilds\UTFT_Analog_ClockTempDS3231_1\arduino_due_x_dbg\Release\UTouch\UTouch.cpp.o
                0x0008461e                UTouch::setPrecision(unsigned char)
 .text._ZN7OneWire5resetEv
                0x0008463e       0x5a C:\Users\Alex\AppData\Local\Temp\VMBuilds\UTFT_Analog_ClockTempDS3231_1\arduino_due_x_dbg\Release\OneWire\OneWire.cpp.o
                0x0008463e                OneWire::reset()
 .text._ZN7OneWire9write_bitEh
                0x00084698       0x40 C:\Users\Alex\AppData\Local\Temp\VMBuilds\UTFT_Analog_ClockTempDS3231_1\arduino_due_x_dbg\Release\OneWire\OneWire.cpp.o
                0x00084698                OneWire::write_bit(unsigned char)
 .text._ZN7OneWire8read_bitEv
                0x000846d8       0x36 C:\Users\Alex\AppData\Local\Temp\VMBuilds\UTFT_Analog_ClockTempDS3231_1\arduino_due_x_dbg\Release\OneWire\OneWire.cpp.o
                0x000846d8                OneWire::read_bit()
 .text._ZN7OneWire5writeEhh
                0x0008470e       0x3a C:\Users\Alex\AppData\Local\Temp\VMBuilds\UTFT_Analog_ClockTempDS3231_1\arduino_due_x_dbg\Release\OneWire\OneWire.cpp.o
                0x0008470e                OneWire::write(unsigned char, unsigned char)
 .text._ZN7OneWire6selectEPKh
                0x00084748       0x22 C:\Users\Alex\AppData\Local\Temp\VMBuilds\UTFT_Analog_ClockTempDS3231_1\arduino_due_x_dbg\Release\OneWire\OneWire.cpp.o
                0x00084748                OneWire::select(unsigned char const*)
 .text._ZN7OneWire12reset_searchEv
                0x0008476a       0x18 C:\Users\Alex\AppData\Local\Temp\VMBuilds\UTFT_Analog_ClockTempDS3231_1\arduino_due_x_dbg\Release\OneWire\OneWire.cpp.o
                0x0008476a                OneWire::reset_search()
 *fill*         0x00084782        0x2 
 .text._ZN7OneWireC2Eh
                0x00084784       0x2c C:\Users\Alex\AppData\Local\Temp\VMBuilds\UTFT_Analog_ClockTempDS3231_1\arduino_due_x_dbg\Release\OneWire\OneWire.cpp.o
                0x00084784                OneWire::OneWire(unsigned char)
                0x00084784                OneWire::OneWire(unsigned char)
 .text._ZN7OneWire6searchEPh
                0x000847b0       0xe8 C:\Users\Alex\AppData\Local\Temp\VMBuilds\UTFT_Analog_ClockTempDS3231_1\arduino_due_x_dbg\Release\OneWire\OneWire.cpp.o
                0x000847b0                OneWire::search(unsigned char*)
 .text._ZN7OneWire4crc8EPKhh
                0x00084898       0x20 C:\Users\Alex\AppData\Local\Temp\VMBuilds\UTFT_Analog_ClockTempDS3231_1\arduino_due_x_dbg\Release\OneWire\OneWire.cpp.o
                0x00084898                OneWire::crc8(unsigned char const*, unsigned char)
 .text._ZN3DHTC2Ehhh
                0x000848b8       0x20 C:\Users\Alex\AppData\Local\Temp\VMBuilds\UTFT_Analog_ClockTempDS3231_1\arduino_due_x_dbg\Release\DHT\DHT.cpp.o
                0x000848b8                DHT::DHT(unsigned char, unsigned char, unsigned char)
                0x000848b8                DHT::DHT(unsigned char, unsigned char, unsigned char)
 .text._ZN3DHT5beginEv
                0x000848d8       0x18 C:\Users\Alex\AppData\Local\Temp\VMBuilds\UTFT_Analog_ClockTempDS3231_1\arduino_due_x_dbg\Release\DHT\DHT.cpp.o
                0x000848d8                DHT::begin()
 .text._ZN8SPIClass8transferEh15SPITransferMode
                0x000848f0       0x12 C:\Users\Alex\AppData\Local\Temp\VMBuilds\UTFT_Analog_ClockTempDS3231_1\arduino_due_x_dbg\Release\MCP23S17\MCP23S17.cpp.o
                0x000848f0                SPIClass::transfer(unsigned char, SPITransferMode)
 .text._ZN8MCP23S1713writeRegisterEh.part.1
                0x00084902       0x46 C:\Users\Alex\AppData\Local\Temp\VMBuilds\UTFT_Analog_ClockTempDS3231_1\arduino_due_x_dbg\Release\MCP23S17\MCP23S17.cpp.o
 .text._ZN8MCP23S17C2EP8SPIClasshh
                0x00084948       0x3c C:\Users\Alex\AppData\Local\Temp\VMBuilds\UTFT_Analog_ClockTempDS3231_1\arduino_due_x_dbg\Release\MCP23S17\MCP23S17.cpp.o
                0x00084948                MCP23S17::MCP23S17(SPIClass*, unsigned char, unsigned char)
                0x00084948                MCP23S17::MCP23S17(SPIClass*, unsigned char, unsigned char)
 .text._ZN8MCP23S1713writeRegisterEh
                0x00084984        0xa C:\Users\Alex\AppData\Local\Temp\VMBuilds\UTFT_Analog_ClockTempDS3231_1\arduino_due_x_dbg\Release\MCP23S17\MCP23S17.cpp.o
                0x00084984                MCP23S17::writeRegister(unsigned char)
 .text._ZN8MCP23S178writeAllEv
                0x0008498e       0x4c C:\Users\Alex\AppData\Local\Temp\VMBuilds\UTFT_Analog_ClockTempDS3231_1\arduino_due_x_dbg\Release\MCP23S17\MCP23S17.cpp.o
                0x0008498e                MCP23S17::writeAll()
 .text._ZN8MCP23S175beginEv
                0x000849da       0x52 C:\Users\Alex\AppData\Local\Temp\VMBuilds\UTFT_Analog_ClockTempDS3231_1\arduino_due_x_dbg\Release\MCP23S17\MCP23S17.cpp.o
                0x000849da                MCP23S17::begin()
 .text._ZN8MCP23S177pinModeEhh
                0x00084a2c       0x7e C:\Users\Alex\AppData\Local\Temp\VMBuilds\UTFT_Analog_ClockTempDS3231_1\arduino_due_x_dbg\Release\MCP23S17\MCP23S17.cpp.o
                0x00084a2c                MCP23S17::pinMode(unsigned char, unsigned char)
 .text._ZN8MCP23S1712digitalWriteEhh
                0x00084aaa       0x72 C:\Users\Alex\AppData\Local\Temp\VMBuilds\UTFT_Analog_ClockTempDS3231_1\arduino_due_x_dbg\Release\MCP23S17\MCP23S17.cpp.o
                0x00084aaa                MCP23S17::digitalWrite(unsigned char, unsigned char)
 .text._ZL10SPI_0_Initv
                0x00084b1c       0x48 C:\Users\Alex\AppData\Local\Temp\VMBuilds\UTFT_Analog_ClockTempDS3231_1\arduino_due_x_dbg\Release\SPI\SPI.cpp.o
 .text._ZN8SPIClass4initEv
                0x00084b64       0x36 C:\Users\Alex\AppData\Local\Temp\VMBuilds\UTFT_Analog_ClockTempDS3231_1\arduino_due_x_dbg\Release\SPI\SPI.cpp.o
                0x00084b64                SPIClass::init()
 .text._ZN8SPIClass11setDataModeEhh
                0x00084b9a       0x34 C:\Users\Alex\AppData\Local\Temp\VMBuilds\UTFT_Analog_ClockTempDS3231_1\arduino_due_x_dbg\Release\SPI\SPI.cpp.o
                0x00084b9a                SPIClass::setDataMode(unsigned char, unsigned char)
 .text._ZN8SPIClass15setClockDividerEhh
                0x00084bce       0x2e C:\Users\Alex\AppData\Local\Temp\VMBuilds\UTFT_Analog_ClockTempDS3231_1\arduino_due_x_dbg\Release\SPI\SPI.cpp.o
                0x00084bce                SPIClass::setClockDivider(unsigned char, unsigned char)
 .text._ZN8SPIClass5beginEv
                0x00084bfc       0x22 C:\Users\Alex\AppData\Local\Temp\VMBuilds\UTFT_Analog_ClockTempDS3231_1\arduino_due_x_dbg\Release\SPI\SPI.cpp.o
                0x00084bfc                SPIClass::begin()
 .text._ZN8SPIClass8transferEhh15SPITransferMode
                0x00084c1e       0x5e C:\Users\Alex\AppData\Local\Temp\VMBuilds\UTFT_Analog_ClockTempDS3231_1\arduino_due_x_dbg\Release\SPI\SPI.cpp.o
                0x00084c1e                SPIClass::transfer(unsigned char, unsigned char, SPITransferMode)
 .text.startup._GLOBAL__sub_I__ZN8SPIClassC2EP3SpimPFvvE
                0x00084c7c       0x24 C:\Users\Alex\AppData\Local\Temp\VMBuilds\UTFT_Analog_ClockTempDS3231_1\arduino_due_x_dbg\Release\SPI\SPI.cpp.o
 .text._Z11serialEventv
                0x00084ca0        0x2 C:\Users\Alex\AppData\Local\Temp\VMBCore\arduino16x\dd9c0bcefc96f94e07e77e847a2347d2\variant\variant.cpp.o
                0x00084ca0                serialEvent()
 *fill*         0x00084ca2        0x2 
 .text.UART_Handler
                0x00084ca4        0xc C:\Users\Alex\AppData\Local\Temp\VMBCore\arduino16x\dd9c0bcefc96f94e07e77e847a2347d2\variant\variant.cpp.o
                0x00084ca4                UART_Handler
 .text._Z12serialEvent1v
                0x00084cb0        0x2 C:\Users\Alex\AppData\Local\Temp\VMBCore\arduino16x\dd9c0bcefc96f94e07e77e847a2347d2\variant\variant.cpp.o
                0x00084cb0                serialEvent1()
 .text._Z12serialEvent2v
                0x00084cb2        0x2 C:\Users\Alex\AppData\Local\Temp\VMBCore\arduino16x\dd9c0bcefc96f94e07e77e847a2347d2\variant\variant.cpp.o
                0x00084cb2                serialEvent2()
 .text._Z12serialEvent3v
                0x00084cb4        0x2 C:\Users\Alex\AppData\Local\Temp\VMBCore\arduino16x\dd9c0bcefc96f94e07e77e847a2347d2\variant\variant.cpp.o
                0x00084cb4                serialEvent3()
 *fill*         0x00084cb6        0x2 
 .text.USART0_Handler
                0x00084cb8        0xc C:\Users\Alex\AppData\Local\Temp\VMBCore\arduino16x\dd9c0bcefc96f94e07e77e847a2347d2\variant\variant.cpp.o
                0x00084cb8                USART0_Handler
 .text.USART1_Handler
                0x00084cc4        0xc C:\Users\Alex\AppData\Local\Temp\VMBCore\arduino16x\dd9c0bcefc96f94e07e77e847a2347d2\variant\variant.cpp.o
                0x00084cc4                USART1_Handler
 .text.USART3_Handler
                0x00084cd0        0xc C:\Users\Alex\AppData\Local\Temp\VMBCore\arduino16x\dd9c0bcefc96f94e07e77e847a2347d2\variant\variant.cpp.o
                0x00084cd0                USART3_Handler
 .text.init     0x00084cdc      0x128 C:\Users\Alex\AppData\Local\Temp\VMBCore\arduino16x\dd9c0bcefc96f94e07e77e847a2347d2\variant\variant.cpp.o
                0x00084cdc                init
 .text.startup._GLOBAL__sub_I_g_APinDescription
                0x00084e04       0xd4 C:\Users\Alex\AppData\Local\Temp\VMBCore\arduino16x\dd9c0bcefc96f94e07e77e847a2347d2\variant\variant.cpp.o
 .text._Z14serialEventRunv
                0x00084ed8       0x44 C:\Users\Alex\AppData\Local\Temp\VMBCore\arduino16x\dd9c0bcefc96f94e07e77e847a2347d2\variant\variant.cpp.o
                0x00084ed8                serialEventRun()
 .text.PIO_PullUp
                0x00084f1c        0xa C:\Users\Alex\AppData\Local\arduino15\packages\arduino\hardware\sam\1.6.11\variants\arduino_due_x/libsam_sam3x8e_gcc_rel.a(pio.o)
                0x00084f1c                PIO_PullUp
 .text.PIO_Get  0x00084f26       0x14 C:\Users\Alex\AppData\Local\arduino15\packages\arduino\hardware\sam\1.6.11\variants\arduino_due_x/libsam_sam3x8e_gcc_rel.a(pio.o)
                0x00084f26                PIO_Get
 .text.PIO_SetPeripheral
                0x00084f3a       0x26 C:\Users\Alex\AppData\Local\arduino15\packages\arduino\hardware\sam\1.6.11\variants\arduino_due_x/libsam_sam3x8e_gcc_rel.a(pio.o)
                0x00084f3a                PIO_SetPeripheral
 .text.PIO_SetInput
                0x00084f60       0x26 C:\Users\Alex\AppData\Local\arduino15\packages\arduino\hardware\sam\1.6.11\variants\arduino_due_x/libsam_sam3x8e_gcc_rel.a(pio.o)
                0x00084f60                PIO_SetInput
 .text.PIO_SetOutput
                0x00084f86       0x24 C:\Users\Alex\AppData\Local\arduino15\packages\arduino\hardware\sam\1.6.11\variants\arduino_due_x/libsam_sam3x8e_gcc_rel.a(pio.o)
                0x00084f86                PIO_SetOutput
 *fill*         0x00084faa        0x2 
 .text.PIO_Configure
                0x00084fac       0x64 C:\Users\Alex\AppData\Local\arduino15\packages\arduino\hardware\sam\1.6.11\variants\arduino_due_x/libsam_sam3x8e_gcc_rel.a(pio.o)
                0x00084fac                PIO_Configure
 .text.PIO_GetOutputDataStatus
                0x00085010       0x14 C:\Users\Alex\AppData\Local\arduino15\packages\arduino\hardware\sam\1.6.11\variants\arduino_due_x/libsam_sam3x8e_gcc_rel.a(pio.o)
                0x00085010                PIO_GetOutputDataStatus
 .text.pmc_enable_upll_clock
                0x00085024       0x14 C:\Users\Alex\AppData\Local\arduino15\packages\arduino\hardware\sam\1.6.11\variants\arduino_due_x/libsam_sam3x8e_gcc_rel.a(pmc.o)
                0x00085024                pmc_enable_upll_clock
 .text.pmc_enable_periph_clk
                0x00085038       0x44 C:\Users\Alex\AppData\Local\arduino15\packages\arduino\hardware\sam\1.6.11\variants\arduino_due_x/libsam_sam3x8e_gcc_rel.a(pmc.o)
                0x00085038                pmc_enable_periph_clk
 .text.pmc_disable_periph_clk
                0x0008507c       0x40 C:\Users\Alex\AppData\Local\arduino15\packages\arduino\hardware\sam\1.6.11\variants\arduino_due_x/libsam_sam3x8e_gcc_rel.a(pmc.o)
                0x0008507c                pmc_disable_periph_clk
 .text.pmc_switch_udpck_to_upllck
                0x000850bc       0x14 C:\Users\Alex\AppData\Local\arduino15\packages\arduino\hardware\sam\1.6.11\variants\arduino_due_x/libsam_sam3x8e_gcc_rel.a(pmc.o)
                0x000850bc                pmc_switch_udpck_to_upllck
 .text.pmc_enable_udpck
                0x000850d0        0xc C:\Users\Alex\AppData\Local\arduino15\packages\arduino\hardware\sam\1.6.11\variants\arduino_due_x/libsam_sam3x8e_gcc_rel.a(pmc.o)
                0x000850d0                pmc_enable_udpck
 .text.SPI_Enable
                0x000850dc        0x6 C:\Users\Alex\AppData\Local\arduino15\packages\arduino\hardware\sam\1.6.11\variants\arduino_due_x/libsam_sam3x8e_gcc_rel.a(spi.o)
                0x000850dc                SPI_Enable
 *fill*         0x000850e2        0x2 
 .text.SPI_Configure
                0x000850e4       0x20 C:\Users\Alex\AppData\Local\arduino15\packages\arduino\hardware\sam\1.6.11\variants\arduino_due_x/libsam_sam3x8e_gcc_rel.a(spi.o)
                0x000850e4                SPI_Configure
 .text.SPI_ConfigureNPCS
                0x00085104        0x8 C:\Users\Alex\AppData\Local\arduino15\packages\arduino\hardware\sam\1.6.11\variants\arduino_due_x/libsam_sam3x8e_gcc_rel.a(spi.o)
                0x00085104                SPI_ConfigureNPCS
 .text.SystemInit
                0x0008510c       0x88 C:\Users\Alex\AppData\Local\arduino15\packages\arduino\hardware\sam\1.6.11\variants\arduino_due_x/libsam_sam3x8e_gcc_rel.a(system_sam3xa.o)
                0x0008510c                SystemInit
 .text.Reset_Handler
                0x00085194       0x78 C:\Users\Alex\AppData\Local\arduino15\packages\arduino\hardware\sam\1.6.11\variants\arduino_due_x/libsam_sam3x8e_gcc_rel.a(startup_sam3xa.o)
                0x00085194                Reset_Handler
 .text.adc_init
                0x0008520c       0x98 C:\Users\Alex\AppData\Local\arduino15\packages\arduino\hardware\sam\1.6.11\variants\arduino_due_x/libsam_sam3x8e_gcc_rel.a(adc.o)
                0x0008520c                adc_init
 .text.adc_configure_trigger
                0x000852a4        0xe C:\Users\Alex\AppData\Local\arduino15\packages\arduino\hardware\sam\1.6.11\variants\arduino_due_x/libsam_sam3x8e_gcc_rel.a(adc.o)
                0x000852a4                adc_configure_trigger
 .text.adc_configure_timing
                0x000852b2       0x1a C:\Users\Alex\AppData\Local\arduino15\packages\arduino\hardware\sam\1.6.11\variants\arduino_due_x/libsam_sam3x8e_gcc_rel.a(adc.o)
                0x000852b2                adc_configure_timing
 .text.adc_disable_channel
                0x000852cc        0xa C:\Users\Alex\AppData\Local\arduino15\packages\arduino\hardware\sam\1.6.11\variants\arduino_due_x/libsam_sam3x8e_gcc_rel.a(adc.o)
                0x000852cc                adc_disable_channel
 .text.adc_disable_all_channel
                0x000852d6        0x8 C:\Users\Alex\AppData\Local\arduino15\packages\arduino\hardware\sam\1.6.11\variants\arduino_due_x/libsam_sam3x8e_gcc_rel.a(adc.o)
                0x000852d6                adc_disable_all_channel
 .text.adc_disable_interrupt
                0x000852de        0x4 C:\Users\Alex\AppData\Local\arduino15\packages\arduino\hardware\sam\1.6.11\variants\arduino_due_x/libsam_sam3x8e_gcc_rel.a(adc.o)
                0x000852de                adc_disable_interrupt
 *fill*         0x000852e2        0x2 
 .text.UOTGHS_Handler
                0x000852e4       0x10 C:\Users\Alex\AppData\Local\arduino15\packages\arduino\hardware\sam\1.6.11\variants\arduino_due_x/libsam_sam3x8e_gcc_rel.a(uotghs.o)
                0x000852e4                UOTGHS_Handler
 .text.__halt   0x000852f4        0x2 C:\Users\Alex\AppData\Local\Temp\VMBuilds\UTFT_Analog_ClockTempDS3231_1\arduino_due_x_dbg\Release/core.a(cortex_handlers.c.o)
                0x000852f4                DACC_Handler
                0x000852f4                DebugMon_Handler
                0x000852f4                DMAC_Handler
                0x000852f4                TRNG_Handler
                0x000852f4                HardFault_Handler
                0x000852f4                TC2_Handler
                0x000852f4                TWI1_Handler
                0x000852f4                NMI_Handler
                0x000852f4                TC7_Handler
                0x000852f4                ADC_Handler
                0x000852f4                SMC_Handler
                0x000852f4                RTT_Handler
                0x000852f4                EFC1_Handler
                0x000852f4                PIOB_Handler
                0x000852f4                RTC_Handler
                0x000852f4                UsageFault_Handler
                0x000852f4                TC6_Handler
                0x000852f4                WDT_Handler
                0x000852f4                CAN0_Handler
                0x000852f4                TC4_Handler
                0x000852f4                TC1_Handler
                0x000852f4                HSMCI_Handler
                0x000852f4                TC3_Handler
                0x000852f4                TWI0_Handler
                0x000852f4                PIOA_Handler
                0x000852f4                SSC_Handler
                0x000852f4                EFC0_Handler
                0x000852f4                PMC_Handler
                0x000852f4                PWM_Handler
                0x000852f4                CAN1_Handler
                0x000852f4                MemManage_Handler
                0x000852f4                SUPC_Handler
                0x000852f4                TC8_Handler
                0x000852f4                USART2_Handler
                0x000852f4                PIOD_Handler
                0x000852f4                EMAC_Handler
                0x000852f4                PIOC_Handler
                0x000852f4                BusFault_Handler
                0x000852f4                RSTC_Handler
                0x000852f4                TC0_Handler
                0x000852f4                TC5_Handler
                0x000852f4                SPI0_Handler
 .text.SVC_Handler
                0x000852f6        0x4 C:\Users\Alex\AppData\Local\Temp\VMBuilds\UTFT_Analog_ClockTempDS3231_1\arduino_due_x_dbg\Release/core.a(cortex_handlers.c.o)
                0x000852f6                SVC_Handler
 .text.PendSV_Handler
                0x000852fa        0x4 C:\Users\Alex\AppData\Local\Temp\VMBuilds\UTFT_Analog_ClockTempDS3231_1\arduino_due_x_dbg\Release/core.a(cortex_handlers.c.o)
                0x000852fa                PendSV_Handler
 .text.SysTick_Handler
                0x000852fe       0x16 C:\Users\Alex\AppData\Local\Temp\VMBuilds\UTFT_Analog_ClockTempDS3231_1\arduino_due_x_dbg\Release/core.a(cortex_handlers.c.o)
                0x000852fe                SysTick_Handler
 .text.__empty  0x00085314        0x2 C:\Users\Alex\AppData\Local\Temp\VMBuilds\UTFT_Analog_ClockTempDS3231_1\arduino_due_x_dbg\Release/core.a(hooks.c.o)
                0x00085314                yield
 .text.__false  0x00085316        0x4 C:\Users\Alex\AppData\Local\Temp\VMBuilds\UTFT_Analog_ClockTempDS3231_1\arduino_due_x_dbg\Release/core.a(hooks.c.o)
                0x00085316                sysTickHook
 .text.__halt   0x0008531a        0x2 C:\Users\Alex\AppData\Local\Temp\VMBuilds\UTFT_Analog_ClockTempDS3231_1\arduino_due_x_dbg\Release/core.a(hooks.c.o)
                0x0008531a                svcHook
                0x0008531a                pendSVHook
 .text._sbrk    0x0008531c       0x1c C:\Users\Alex\AppData\Local\Temp\VMBuilds\UTFT_Analog_ClockTempDS3231_1\arduino_due_x_dbg\Release/core.a(syscalls_sam3.c.o)
                0x0008531c                _sbrk
 .text.link     0x00085338        0x6 C:\Users\Alex\AppData\Local\Temp\VMBuilds\UTFT_Analog_ClockTempDS3231_1\arduino_due_x_dbg\Release/core.a(syscalls_sam3.c.o)
                0x00085338                link
 .text._close   0x0008533e        0x6 C:\Users\Alex\AppData\Local\Temp\VMBuilds\UTFT_Analog_ClockTempDS3231_1\arduino_due_x_dbg\Release/core.a(syscalls_sam3.c.o)
                0x0008533e                _close
 .text._fstat   0x00085344        0xa C:\Users\Alex\AppData\Local\Temp\VMBuilds\UTFT_Analog_ClockTempDS3231_1\arduino_due_x_dbg\Release/core.a(syscalls_sam3.c.o)
                0x00085344                _fstat
 .text._isatty  0x0008534e        0x4 C:\Users\Alex\AppData\Local\Temp\VMBuilds\UTFT_Analog_ClockTempDS3231_1\arduino_due_x_dbg\Release/core.a(syscalls_sam3.c.o)
                0x0008534e                _isatty
 .text._lseek   0x00085352        0x4 C:\Users\Alex\AppData\Local\Temp\VMBuilds\UTFT_Analog_ClockTempDS3231_1\arduino_due_x_dbg\Release/core.a(syscalls_sam3.c.o)
                0x00085352                _lseek
 .text._read    0x00085356        0x4 C:\Users\Alex\AppData\Local\Temp\VMBuilds\UTFT_Analog_ClockTempDS3231_1\arduino_due_x_dbg\Release/core.a(syscalls_sam3.c.o)
                0x00085356                _read
 *fill*         0x0008535a        0x2 
 .text._write   0x0008535c       0x24 C:\Users\Alex\AppData\Local\Temp\VMBuilds\UTFT_Analog_ClockTempDS3231_1\arduino_due_x_dbg\Release/core.a(syscalls_sam3.c.o)
                0x0008535c                _write
 .text._exit    0x00085380       0x10 C:\Users\Alex\AppData\Local\Temp\VMBuilds\UTFT_Analog_ClockTempDS3231_1\arduino_due_x_dbg\Release/core.a(syscalls_sam3.c.o)
                0x00085380                _exit
 .text._kill    0x00085390        0x2 C:\Users\Alex\AppData\Local\Temp\VMBuilds\UTFT_Analog_ClockTempDS3231_1\arduino_due_x_dbg\Release/core.a(syscalls_sam3.c.o)
                0x00085390                _kill
 .text._getpid  0x00085392        0x6 C:\Users\Alex\AppData\Local\Temp\VMBuilds\UTFT_Analog_ClockTempDS3231_1\arduino_due_x_dbg\Release/core.a(syscalls_sam3.c.o)
                0x00085392                _getpid
 .text.delay    0x00085398       0x1c C:\Users\Alex\AppData\Local\Temp\VMBuilds\UTFT_Analog_ClockTempDS3231_1\arduino_due_x_dbg\Release/core.a(wiring.c.o)
                0x00085398                delay
 .text.analogOutputInit
                0x000853b4        0x2 C:\Users\Alex\AppData\Local\Temp\VMBuilds\UTFT_Analog_ClockTempDS3231_1\arduino_due_x_dbg\Release/core.a(wiring_analog.c.o)
                0x000853b4                analogOutputInit
 *fill*         0x000853b6        0x2 
 .text.pinMode  0x000853b8      0x108 C:\Users\Alex\AppData\Local\Temp\VMBuilds\UTFT_Analog_ClockTempDS3231_1\arduino_due_x_dbg\Release/core.a(wiring_digital.c.o)
                0x000853b8                pinMode
 .text.digitalWrite
                0x000854c0       0x70 C:\Users\Alex\AppData\Local\Temp\VMBuilds\UTFT_Analog_ClockTempDS3231_1\arduino_due_x_dbg\Release/core.a(wiring_digital.c.o)
                0x000854c0                digitalWrite
 .text.digitalRead
                0x00085530       0x44 C:\Users\Alex\AppData\Local\Temp\VMBuilds\UTFT_Analog_ClockTempDS3231_1\arduino_due_x_dbg\Release/core.a(wiring_digital.c.o)
                0x00085530                digitalRead
 .text.shiftOut
                0x00085574       0x48 C:\Users\Alex\AppData\Local\Temp\VMBuilds\UTFT_Analog_ClockTempDS3231_1\arduino_due_x_dbg\Release/core.a(wiring_shift.c.o)
                0x00085574                shiftOut
 .text.initVariant
                0x000855bc        0x2 C:\Users\Alex\AppData\Local\Temp\VMBuilds\UTFT_Analog_ClockTempDS3231_1\arduino_due_x_dbg\Release/core.a(main.cpp.o)
                0x000855bc                initVariant
 *fill*         0x000855be        0x2 
 .text.startup.main
                0x000855c0       0x38 C:\Users\Alex\AppData\Local\Temp\VMBuilds\UTFT_Analog_ClockTempDS3231_1\arduino_due_x_dbg\Release/core.a(main.cpp.o)
                0x000855c0                main
 .text._ZN5Print5writeEPKhj
                0x000855f8       0x22 C:\Users\Alex\AppData\Local\Temp\VMBuilds\UTFT_Analog_ClockTempDS3231_1\arduino_due_x_dbg\Release/core.a(Print.cpp.o)
                0x000855f8                Print::write(unsigned char const*, unsigned int)
 .text._ZN5Print5printEmi.part.3
                0x0008561a        0xc C:\Users\Alex\AppData\Local\Temp\VMBuilds\UTFT_Analog_ClockTempDS3231_1\arduino_due_x_dbg\Release/core.a(Print.cpp.o)
 .text._ZN5Print5writeEPKc
                0x00085626       0x1e C:\Users\Alex\AppData\Local\Temp\VMBuilds\UTFT_Analog_ClockTempDS3231_1\arduino_due_x_dbg\Release/core.a(Print.cpp.o)
                0x00085626                Print::write(char const*)
 .text._ZN5Print5printEPKc
                0x00085644        0x8 C:\Users\Alex\AppData\Local\Temp\VMBuilds\UTFT_Analog_ClockTempDS3231_1\arduino_due_x_dbg\Release/core.a(Print.cpp.o)
                0x00085644                Print::print(char const*)
 .text._ZN5Print7printlnEv
                0x0008564c       0x10 C:\Users\Alex\AppData\Local\Temp\VMBuilds\UTFT_Analog_ClockTempDS3231_1\arduino_due_x_dbg\Release/core.a(Print.cpp.o)
                0x0008564c                Print::println()
 .text._ZN5Print7printlnEPKc
                0x0008565c       0x14 C:\Users\Alex\AppData\Local\Temp\VMBuilds\UTFT_Analog_ClockTempDS3231_1\arduino_due_x_dbg\Release/core.a(Print.cpp.o)
                0x0008565c                Print::println(char const*)
 .text._ZN5Print11printNumberEmh
                0x00085670       0x3e C:\Users\Alex\AppData\Local\Temp\VMBuilds\UTFT_Analog_ClockTempDS3231_1\arduino_due_x_dbg\Release/core.a(Print.cpp.o)
                0x00085670                Print::printNumber(unsigned long, unsigned char)
 .text._ZN5Print5printEmi
                0x000856ae        0xc C:\Users\Alex\AppData\Local\Temp\VMBuilds\UTFT_Analog_ClockTempDS3231_1\arduino_due_x_dbg\Release/core.a(Print.cpp.o)
                0x000856ae                Print::print(unsigned long, int)
 .text._ZN5Print5printEhi
                0x000856ba        0x4 C:\Users\Alex\AppData\Local\Temp\VMBuilds\UTFT_Analog_ClockTempDS3231_1\arduino_due_x_dbg\Release/core.a(Print.cpp.o)
                0x000856ba                Print::print(unsigned char, int)
 *fill*         0x000856be        0x2 
 .text.initiateReset
                0x000856c0        0xc C:\Users\Alex\AppData\Local\Temp\VMBuilds\UTFT_Analog_ClockTempDS3231_1\arduino_due_x_dbg\Release/core.a(Reset.cpp.o)
                0x000856c0                initiateReset
 .text.cancelReset
                0x000856cc       0x10 C:\Users\Alex\AppData\Local\Temp\VMBuilds\UTFT_Analog_ClockTempDS3231_1\arduino_due_x_dbg\Release/core.a(Reset.cpp.o)
                0x000856cc                cancelReset
 .text.tickReset
                0x000856dc       0x20 C:\Users\Alex\AppData\Local\Temp\VMBuilds\UTFT_Analog_ClockTempDS3231_1\arduino_due_x_dbg\Release/core.a(Reset.cpp.o)
                0x000856dc                tickReset
 .text._ZN10RingBufferC2Ev
                0x000856fc       0x1c C:\Users\Alex\AppData\Local\Temp\VMBuilds\UTFT_Analog_ClockTempDS3231_1\arduino_due_x_dbg\Release/core.a(RingBuffer.cpp.o)
                0x000856fc                RingBuffer::RingBuffer()
                0x000856fc                RingBuffer::RingBuffer()
 .text._ZN10RingBuffer10store_charEh
                0x00085718       0x1e C:\Users\Alex\AppData\Local\Temp\VMBuilds\UTFT_Analog_ClockTempDS3231_1\arduino_due_x_dbg\Release/core.a(RingBuffer.cpp.o)
                0x00085718                RingBuffer::store_char(unsigned char)
 .text._ZN9UARTClasscvbEv
                0x00085736        0x4 C:\Users\Alex\AppData\Local\Temp\VMBuilds\UTFT_Analog_ClockTempDS3231_1\arduino_due_x_dbg\Release/core.a(UARTClass.cpp.o)
                0x00085736                UARTClass::operator bool()
 .text._ZN9UARTClass9availableEv
                0x0008573a       0x12 C:\Users\Alex\AppData\Local\Temp\VMBuilds\UTFT_Analog_ClockTempDS3231_1\arduino_due_x_dbg\Release/core.a(UARTClass.cpp.o)
                0x0008573a                UARTClass::available()
 .text._ZN9UARTClass4peekEv
                0x0008574c       0x1c C:\Users\Alex\AppData\Local\Temp\VMBuilds\UTFT_Analog_ClockTempDS3231_1\arduino_due_x_dbg\Release/core.a(UARTClass.cpp.o)
                0x0008574c                UARTClass::peek()
 .text._ZN9UARTClass4readEv
                0x00085768       0x2a C:\Users\Alex\AppData\Local\Temp\VMBuilds\UTFT_Analog_ClockTempDS3231_1\arduino_due_x_dbg\Release/core.a(UARTClass.cpp.o)
                0x00085768                UARTClass::read()
 .text._ZN9UARTClass5flushEv
                0x00085792       0x18 C:\Users\Alex\AppData\Local\Temp\VMBuilds\UTFT_Analog_ClockTempDS3231_1\arduino_due_x_dbg\Release/core.a(UARTClass.cpp.o)
                0x00085792                UARTClass::flush()
 *fill*         0x000857aa        0x2 
 .text._ZN9UARTClass5writeEh
                0x000857ac       0x58 C:\Users\Alex\AppData\Local\Temp\VMBuilds\UTFT_Analog_ClockTempDS3231_1\arduino_due_x_dbg\Release/core.a(UARTClass.cpp.o)
                0x000857ac                UARTClass::write(unsigned char)
 .text._ZN9UARTClass3endEv
                0x00085804       0x3c C:\Users\Alex\AppData\Local\Temp\VMBuilds\UTFT_Analog_ClockTempDS3231_1\arduino_due_x_dbg\Release/core.a(UARTClass.cpp.o)
                0x00085804                UARTClass::end()
 .text._ZN9UARTClassC2EP4Uart4IRQnmP10RingBufferS4_
                0x00085840       0x24 C:\Users\Alex\AppData\Local\Temp\VMBuilds\UTFT_Analog_ClockTempDS3231_1\arduino_due_x_dbg\Release/core.a(UARTClass.cpp.o)
                0x00085840                UARTClass::UARTClass(Uart*, IRQn, unsigned long, RingBuffer*, RingBuffer*)
                0x00085840                UARTClass::UARTClass(Uart*, IRQn, unsigned long, RingBuffer*, RingBuffer*)
 .text._ZN9UARTClass4initEmm
                0x00085864       0x70 C:\Users\Alex\AppData\Local\Temp\VMBuilds\UTFT_Analog_ClockTempDS3231_1\arduino_due_x_dbg\Release/core.a(UARTClass.cpp.o)
                0x00085864                UARTClass::init(unsigned long, unsigned long)
 .text._ZN9UARTClass5beginEm
                0x000858d4        0x8 C:\Users\Alex\AppData\Local\Temp\VMBuilds\UTFT_Analog_ClockTempDS3231_1\arduino_due_x_dbg\Release/core.a(UARTClass.cpp.o)
                0x000858d4                UARTClass::begin(unsigned long)
 .text._ZN9UARTClass10IrqHandlerEv
                0x000858dc       0x5a C:\Users\Alex\AppData\Local\Temp\VMBuilds\UTFT_Analog_ClockTempDS3231_1\arduino_due_x_dbg\Release/core.a(UARTClass.cpp.o)
                0x000858dc                UARTClass::IrqHandler()
 .text._ZN10USARTClass5beginEm
                0x00085936        0x8 C:\Users\Alex\AppData\Local\Temp\VMBuilds\UTFT_Analog_ClockTempDS3231_1\arduino_due_x_dbg\Release/core.a(USARTClass.cpp.o)
                0x00085936                USARTClass::begin(unsigned long)
 *fill*         0x0008593e        0x2 
 .text._ZN10USARTClassC2EP5Usart4IRQnmP10RingBufferS4_
                0x00085940       0x24 C:\Users\Alex\AppData\Local\Temp\VMBuilds\UTFT_Analog_ClockTempDS3231_1\arduino_due_x_dbg\Release/core.a(USARTClass.cpp.o)
                0x00085940                USARTClass::USARTClass(Usart*, IRQn, unsigned long, RingBuffer*, RingBuffer*)
                0x00085940                USARTClass::USARTClass(Usart*, IRQn, unsigned long, RingBuffer*, RingBuffer*)
 .text._watchdogDefaultSetup
                0x00085964        0xc C:\Users\Alex\AppData\Local\Temp\VMBuilds\UTFT_Analog_ClockTempDS3231_1\arduino_due_x_dbg\Release/core.a(watchdog.cpp.o)
                0x00085964                _watchdogDefaultSetup
                0x00085964                watchdogSetup()
 .text.unlikely._ZL11USB_SendZlpv
                0x00085970       0x20 C:\Users\Alex\AppData\Local\Temp\VMBuilds\UTFT_Analog_ClockTempDS3231_1\arduino_due_x_dbg\Release/core.a(USBCore.cpp.o)
 .text._Z14USBD_Availablem
                0x00085990       0x2c C:\Users\Alex\AppData\Local\Temp\VMBuilds\UTFT_Analog_ClockTempDS3231_1\arduino_due_x_dbg\Release/core.a(USBCore.cpp.o)
                0x00085990                USBD_Available(unsigned long)
 .text._Z9USBD_RecvmPvm
                0x000859bc       0x7c C:\Users\Alex\AppData\Local\Temp\VMBuilds\UTFT_Analog_ClockTempDS3231_1\arduino_due_x_dbg\Release/core.a(USBCore.cpp.o)
                0x000859bc                USBD_Recv(unsigned long, void*, unsigned long)
 .text._Z9USBD_Recvm
                0x00085a38       0x22 C:\Users\Alex\AppData\Local\Temp\VMBuilds\UTFT_Analog_ClockTempDS3231_1\arduino_due_x_dbg\Release/core.a(USBCore.cpp.o)
                0x00085a38                USBD_Recv(unsigned long)
 *fill*         0x00085a5a        0x2 
 .text._Z9USBD_SendmPKvm
                0x00085a5c       0x4c C:\Users\Alex\AppData\Local\Temp\VMBuilds\UTFT_Analog_ClockTempDS3231_1\arduino_due_x_dbg\Release/core.a(USBCore.cpp.o)
                0x00085a5c                USBD_Send(unsigned long, void const*, unsigned long)
 .text._Z16USBD_SendControlhPKvm
                0x00085aa8       0x40 C:\Users\Alex\AppData\Local\Temp\VMBuilds\UTFT_Analog_ClockTempDS3231_1\arduino_due_x_dbg\Release/core.a(USBCore.cpp.o)
                0x00085aa8                USBD_SendControl(unsigned char, void const*, unsigned long)
 .text.unlikely._ZL24USB_SendStringDescriptorPKhi
                0x00085ae8       0x64 C:\Users\Alex\AppData\Local\Temp\VMBuilds\UTFT_Analog_ClockTempDS3231_1\arduino_due_x_dbg\Release/core.a(USBCore.cpp.o)
 .text._Z16USBD_RecvControlPvm
                0x00085b4c       0x1c C:\Users\Alex\AppData\Local\Temp\VMBuilds\UTFT_Analog_ClockTempDS3231_1\arduino_due_x_dbg\Release/core.a(USBCore.cpp.o)
                0x00085b4c                USBD_RecvControl(void*, unsigned long)
 .text._Z26USBD_ClassInterfaceRequestR8USBSetup
                0x00085b68       0x1e C:\Users\Alex\AppData\Local\Temp\VMBuilds\UTFT_Analog_ClockTempDS3231_1\arduino_due_x_dbg\Release/core.a(USBCore.cpp.o)
                0x00085b68                USBD_ClassInterfaceRequest(USBSetup&)
 .text._Z19USBD_SendInterfacesv
                0x00085b86       0x22 C:\Users\Alex\AppData\Local\Temp\VMBuilds\UTFT_Analog_ClockTempDS3231_1\arduino_due_x_dbg\Release/core.a(USBCore.cpp.o)
                0x00085b86                USBD_SendInterfaces()
 .text._Z24USBD_SendOtherInterfacesv
                0x00085ba8       0x22 C:\Users\Alex\AppData\Local\Temp\VMBuilds\UTFT_Analog_ClockTempDS3231_1\arduino_due_x_dbg\Release/core.a(USBCore.cpp.o)
                0x00085ba8                USBD_SendOtherInterfaces()
 .text._Z10USBD_Flushm
                0x00085bca       0x16 C:\Users\Alex\AppData\Local\Temp\VMBuilds\UTFT_Analog_ClockTempDS3231_1\arduino_due_x_dbg\Release/core.a(USBCore.cpp.o)
                0x00085bca                USBD_Flush(unsigned long)
 .text._ZN10USBDevice_C2Ev
                0x00085be0       0x24 C:\Users\Alex\AppData\Local\Temp\VMBuilds\UTFT_Analog_ClockTempDS3231_1\arduino_due_x_dbg\Release/core.a(USBCore.cpp.o)
                0x00085be0                USBDevice_::USBDevice_()
                0x00085be0                USBDevice_::USBDevice_()
 .text._ZN10USBDevice_6attachEv
                0x00085c04       0x20 C:\Users\Alex\AppData\Local\Temp\VMBuilds\UTFT_Analog_ClockTempDS3231_1\arduino_due_x_dbg\Release/core.a(USBCore.cpp.o)
                0x00085c04                USBDevice_::attach()
 .text.startup._GLOBAL__sub_I_EndPoints
                0x00085c24        0xc C:\Users\Alex\AppData\Local\Temp\VMBuilds\UTFT_Analog_ClockTempDS3231_1\arduino_due_x_dbg\Release/core.a(USBCore.cpp.o)
 .text._ZL7USB_ISRv
                0x00085c30      0x454 C:\Users\Alex\AppData\Local\Temp\VMBuilds\UTFT_Analog_ClockTempDS3231_1\arduino_due_x_dbg\Release/core.a(USBCore.cpp.o)
 .text._ZN7Serial_9availableEv
                0x00086084       0x18 C:\Users\Alex\AppData\Local\Temp\VMBuilds\UTFT_Analog_ClockTempDS3231_1\arduino_due_x_dbg\Release/core.a(CDC.cpp.o)
                0x00086084                Serial_::available()
 .text._ZN7Serial_17availableForWriteEv
                0x0008609c        0x6 C:\Users\Alex\AppData\Local\Temp\VMBuilds\UTFT_Analog_ClockTempDS3231_1\arduino_due_x_dbg\Release/core.a(CDC.cpp.o)
                0x0008609c                Serial_::availableForWrite()
 *fill*         0x000860a2        0x2 
 .text._ZN7Serial_4peekEv
                0x000860a4       0x20 C:\Users\Alex\AppData\Local\Temp\VMBuilds\UTFT_Analog_ClockTempDS3231_1\arduino_due_x_dbg\Release/core.a(CDC.cpp.o)
                0x000860a4                Serial_::peek()
 .text._ZN7Serial_5writeEh
                0x000860c4       0x16 C:\Users\Alex\AppData\Local\Temp\VMBuilds\UTFT_Analog_ClockTempDS3231_1\arduino_due_x_dbg\Release/core.a(CDC.cpp.o)
                0x000860c4                Serial_::write(unsigned char)
 *fill*         0x000860da        0x2 
 .text._ZN7Serial_4readEv
                0x000860dc       0x44 C:\Users\Alex\AppData\Local\Temp\VMBuilds\UTFT_Analog_ClockTempDS3231_1\arduino_due_x_dbg\Release/core.a(CDC.cpp.o)
                0x000860dc                Serial_::read()
 .text._ZN7Serial_5flushEv
                0x00086120        0x6 C:\Users\Alex\AppData\Local\Temp\VMBuilds\UTFT_Analog_ClockTempDS3231_1\arduino_due_x_dbg\Release/core.a(CDC.cpp.o)
                0x00086120                Serial_::flush()
 *fill*         0x00086126        0x2 
 .text._ZN7Serial_6acceptEv
                0x00086128       0x70 C:\Users\Alex\AppData\Local\Temp\VMBuilds\UTFT_Analog_ClockTempDS3231_1\arduino_due_x_dbg\Release/core.a(CDC.cpp.o)
                0x00086128                Serial_::accept()
 .text._ZN7Serial_5writeEPKhj
                0x00086198       0x2c C:\Users\Alex\AppData\Local\Temp\VMBuilds\UTFT_Analog_ClockTempDS3231_1\arduino_due_x_dbg\Release/core.a(CDC.cpp.o)
                0x00086198                Serial_::write(unsigned char const*, unsigned int)
 .text._Z16CDC_GetInterfacePh
                0x000861c4       0x14 C:\Users\Alex\AppData\Local\Temp\VMBuilds\UTFT_Analog_ClockTempDS3231_1\arduino_due_x_dbg\Release/core.a(CDC.cpp.o)
                0x000861c4                CDC_GetInterface(unsigned char*)
 .text._Z21CDC_GetOtherInterfacePh
                0x000861d8       0x14 C:\Users\Alex\AppData\Local\Temp\VMBuilds\UTFT_Analog_ClockTempDS3231_1\arduino_due_x_dbg\Release/core.a(CDC.cpp.o)
                0x000861d8                CDC_GetOtherInterface(unsigned char*)
 .text._Z9CDC_SetupR8USBSetup
                0x000861ec       0x78 C:\Users\Alex\AppData\Local\Temp\VMBuilds\UTFT_Analog_ClockTempDS3231_1\arduino_due_x_dbg\Release/core.a(CDC.cpp.o)
                0x000861ec                CDC_Setup(USBSetup&)
 .text.startup._GLOBAL__sub_I_cdc_rx_buffer
                0x00086264       0x1c C:\Users\Alex\AppData\Local\Temp\VMBuilds\UTFT_Analog_ClockTempDS3231_1\arduino_due_x_dbg\Release/core.a(CDC.cpp.o)
 .text._ZN13PluggableUSB_12getInterfaceEPh
                0x00086280       0x28 C:\Users\Alex\AppData\Local\Temp\VMBuilds\UTFT_Analog_ClockTempDS3231_1\arduino_due_x_dbg\Release/core.a(PluggableUSB.cpp.o)
                0x00086280                PluggableUSB_::getInterface(unsigned char*)
 .text._ZN13PluggableUSB_13getDescriptorER8USBSetup
                0x000862a8       0x1c C:\Users\Alex\AppData\Local\Temp\VMBuilds\UTFT_Analog_ClockTempDS3231_1\arduino_due_x_dbg\Release/core.a(PluggableUSB.cpp.o)
                0x000862a8                PluggableUSB_::getDescriptor(USBSetup&)
 .text._ZN13PluggableUSB_12getShortNameEPc
                0x000862c4       0x1c C:\Users\Alex\AppData\Local\Temp\VMBuilds\UTFT_Analog_ClockTempDS3231_1\arduino_due_x_dbg\Release/core.a(PluggableUSB.cpp.o)
                0x000862c4                PluggableUSB_::getShortName(char*)
 .text._ZN13PluggableUSB_5setupER8USBSetup
                0x000862e0       0x20 C:\Users\Alex\AppData\Local\Temp\VMBuilds\UTFT_Analog_ClockTempDS3231_1\arduino_due_x_dbg\Release/core.a(PluggableUSB.cpp.o)
                0x000862e0                PluggableUSB_::setup(USBSetup&)
 .text._Z12PluggableUSBv
                0x00086300       0x28 C:\Users\Alex\AppData\Local\Temp\VMBuilds\UTFT_Analog_ClockTempDS3231_1\arduino_due_x_dbg\Release/core.a(PluggableUSB.cpp.o)
                0x00086300                PluggableUSB()
 .text.TimeTick_Increment
                0x00086328       0x10 C:\Users\Alex\AppData\Local\arduino15\packages\arduino\hardware\sam\1.6.11\variants\arduino_due_x/libsam_sam3x8e_gcc_rel.a(timetick.o)
                0x00086328                TimeTick_Increment
 .text.GetTickCount
                0x00086338        0xc C:\Users\Alex\AppData\Local\arduino15\packages\arduino\hardware\sam\1.6.11\variants\arduino_due_x/libsam_sam3x8e_gcc_rel.a(timetick.o)
                0x00086338                GetTickCount
 .text.WDT_Disable
                0x00086344        0x8 C:\Users\Alex\AppData\Local\arduino15\packages\arduino\hardware\sam\1.6.11\variants\arduino_due_x/libsam_sam3x8e_gcc_rel.a(wdt.o)
                0x00086344                WDT_Disable
 .text.UDD_SetStack
                0x0008634c        0xc C:\Users\Alex\AppData\Local\arduino15\packages\arduino\hardware\sam\1.6.11\variants\arduino_due_x/libsam_sam3x8e_gcc_rel.a(uotghs_device.o)
                0x0008634c                UDD_SetStack
 .text.UDD_Init
                0x00086358       0xd0 C:\Users\Alex\AppData\Local\arduino15\packages\arduino\hardware\sam\1.6.11\variants\arduino_due_x/libsam_sam3x8e_gcc_rel.a(uotghs_device.o)
                0x00086358                UDD_Init
 .text.UDD_Attach
                0x00086428       0x50 C:\Users\Alex\AppData\Local\arduino15\packages\arduino\hardware\sam\1.6.11\variants\arduino_due_x/libsam_sam3x8e_gcc_rel.a(uotghs_device.o)
                0x00086428                UDD_Attach
 .text.UDD_InitEP
                0x00086478       0x2c C:\Users\Alex\AppData\Local\arduino15\packages\arduino\hardware\sam\1.6.11\variants\arduino_due_x/libsam_sam3x8e_gcc_rel.a(uotghs_device.o)
                0x00086478                UDD_InitEP
 .text.UDD_InitEndpoints
                0x000864a4       0x3c C:\Users\Alex\AppData\Local\arduino15\packages\arduino\hardware\sam\1.6.11\variants\arduino_due_x/libsam_sam3x8e_gcc_rel.a(uotghs_device.o)
                0x000864a4                UDD_InitEndpoints
 .text.UDD_WaitIN
                0x000864e0       0x10 C:\Users\Alex\AppData\Local\arduino15\packages\arduino\hardware\sam\1.6.11\variants\arduino_due_x/libsam_sam3x8e_gcc_rel.a(uotghs_device.o)
                0x000864e0                UDD_WaitIN
 .text.UDD_WaitOUT
                0x000864f0       0x10 C:\Users\Alex\AppData\Local\arduino15\packages\arduino\hardware\sam\1.6.11\variants\arduino_due_x/libsam_sam3x8e_gcc_rel.a(uotghs_device.o)
                0x000864f0                UDD_WaitOUT
 .text.UDD_ClearIN
                0x00086500       0x18 C:\Users\Alex\AppData\Local\arduino15\packages\arduino\hardware\sam\1.6.11\variants\arduino_due_x/libsam_sam3x8e_gcc_rel.a(uotghs_device.o)
                0x00086500                UDD_ClearIN
 .text.UDD_ClearOUT
                0x00086518       0x18 C:\Users\Alex\AppData\Local\arduino15\packages\arduino\hardware\sam\1.6.11\variants\arduino_due_x/libsam_sam3x8e_gcc_rel.a(uotghs_device.o)
                0x00086518                UDD_ClearOUT
 .text.UDD_ReceivedSetupInt
                0x00086530       0x10 C:\Users\Alex\AppData\Local\arduino15\packages\arduino\hardware\sam\1.6.11\variants\arduino_due_x/libsam_sam3x8e_gcc_rel.a(uotghs_device.o)
                0x00086530                UDD_ReceivedSetupInt
 .text.UDD_ClearSetupInt
                0x00086540       0x10 C:\Users\Alex\AppData\Local\arduino15\packages\arduino\hardware\sam\1.6.11\variants\arduino_due_x/libsam_sam3x8e_gcc_rel.a(uotghs_device.o)
                0x00086540                UDD_ClearSetupInt
 .text.UDD_Send
                0x00086550       0x88 C:\Users\Alex\AppData\Local\arduino15\packages\arduino\hardware\sam\1.6.11\variants\arduino_due_x/libsam_sam3x8e_gcc_rel.a(uotghs_device.o)
                0x00086550                UDD_Send
 .text.UDD_Send8
                0x000865d8       0x24 C:\Users\Alex\AppData\Local\arduino15\packages\arduino\hardware\sam\1.6.11\variants\arduino_due_x/libsam_sam3x8e_gcc_rel.a(uotghs_device.o)
                0x000865d8                UDD_Send8
 .text.UDD_Recv8
                0x000865fc       0x28 C:\Users\Alex\AppData\Local\arduino15\packages\arduino\hardware\sam\1.6.11\variants\arduino_due_x/libsam_sam3x8e_gcc_rel.a(uotghs_device.o)
                0x000865fc                UDD_Recv8
 .text.UDD_Recv
                0x00086624       0x34 C:\Users\Alex\AppData\Local\arduino15\packages\arduino\hardware\sam\1.6.11\variants\arduino_due_x/libsam_sam3x8e_gcc_rel.a(uotghs_device.o)
                0x00086624                UDD_Recv
 .text.UDD_Stall
                0x00086658       0x14 C:\Users\Alex\AppData\Local\arduino15\packages\arduino\hardware\sam\1.6.11\variants\arduino_due_x/libsam_sam3x8e_gcc_rel.a(uotghs_device.o)
                0x00086658                UDD_Stall
 .text.UDD_FifoByteCount
                0x0008666c       0x14 C:\Users\Alex\AppData\Local\arduino15\packages\arduino\hardware\sam\1.6.11\variants\arduino_due_x/libsam_sam3x8e_gcc_rel.a(uotghs_device.o)
                0x0008666c                UDD_FifoByteCount
 .text.UDD_ReleaseRX
                0x00086680       0x28 C:\Users\Alex\AppData\Local\arduino15\packages\arduino\hardware\sam\1.6.11\variants\arduino_due_x/libsam_sam3x8e_gcc_rel.a(uotghs_device.o)
                0x00086680                UDD_ReleaseRX
 .text.UDD_ReleaseTX
                0x000866a8       0x28 C:\Users\Alex\AppData\Local\arduino15\packages\arduino\hardware\sam\1.6.11\variants\arduino_due_x/libsam_sam3x8e_gcc_rel.a(uotghs_device.o)
                0x000866a8                UDD_ReleaseTX
 .text.UDD_SetAddress
                0x000866d0       0x20 C:\Users\Alex\AppData\Local\arduino15\packages\arduino\hardware\sam\1.6.11\variants\arduino_due_x/libsam_sam3x8e_gcc_rel.a(uotghs_device.o)
                0x000866d0                UDD_SetAddress
 .text.cos      0x000866f0       0x8c c:/users/alex/appdata/local/arduino15/packages/arduino/tools/arm-none-eabi-gcc/4.8.3-2014q1/bin/../lib/gcc/arm-none-eabi/4.8.3/../../../../arm-none-eabi/lib/armv7-m\libm.a(lib_a-s_cos.o)
                0x000866f0                cos
 .text.__fpclassifyd
                0x0008677c       0x50 c:/users/alex/appdata/local/arduino15/packages/arduino/tools/arm-none-eabi-gcc/4.8.3-2014q1/bin/../lib/gcc/arm-none-eabi/4.8.3/../../../../arm-none-eabi/lib/armv7-m\libm.a(lib_a-s_fpclassify.o)
                0x0008677c                __fpclassifyd
 .text.sin      0x000867cc       0x94 c:/users/alex/appdata/local/arduino15/packages/arduino/tools/arm-none-eabi-gcc/4.8.3-2014q1/bin/../lib/gcc/arm-none-eabi/4.8.3/../../../../arm-none-eabi/lib/armv7-m\libm.a(lib_a-s_sin.o)
                0x000867cc                sin
 .text.__ieee754_rem_pio2
                0x00086860      0x440 c:/users/alex/appdata/local/arduino15/packages/arduino/tools/arm-none-eabi-gcc/4.8.3-2014q1/bin/../lib/gcc/arm-none-eabi/4.8.3/../../../../arm-none-eabi/lib/armv7-m\libm.a(lib_a-e_rem_pio2.o)
                0x00086860                __ieee754_rem_pio2
 .text.__kernel_cos
                0x00086ca0      0x248 c:/users/alex/appdata/local/arduino15/packages/arduino/tools/arm-none-eabi-gcc/4.8.3-2014q1/bin/../lib/gcc/arm-none-eabi/4.8.3/../../../../arm-none-eabi/lib/armv7-m\libm.a(lib_a-k_cos.o)
                0x00086ca0                __kernel_cos
 .text.__kernel_rem_pio2
                0x00086ee8      0x7bc c:/users/alex/appdata/local/arduino15/packages/arduino/tools/arm-none-eabi-gcc/4.8.3-2014q1/bin/../lib/gcc/arm-none-eabi/4.8.3/../../../../arm-none-eabi/lib/armv7-m\libm.a(lib_a-k_rem_pio2.o)
                0x00086ee8                __kernel_rem_pio2
 *fill*         0x000876a4        0x4 
 .text.__kernel_sin
                0x000876a8      0x170 c:/users/alex/appdata/local/arduino15/packages/arduino/tools/arm-none-eabi-gcc/4.8.3-2014q1/bin/../lib/gcc/arm-none-eabi/4.8.3/../../../../arm-none-eabi/lib/armv7-m\libm.a(lib_a-k_sin.o)
                0x000876a8                __kernel_sin
 .text.fabs     0x00087818        0x8 c:/users/alex/appdata/local/arduino15/packages/arduino/tools/arm-none-eabi-gcc/4.8.3-2014q1/bin/../lib/gcc/arm-none-eabi/4.8.3/../../../../arm-none-eabi/lib/armv7-m\libm.a(lib_a-s_fabs.o)
                0x00087818                fabs
 .text.floor    0x00087820      0x120 c:/users/alex/appdata/local/arduino15/packages/arduino/tools/arm-none-eabi-gcc/4.8.3-2014q1/bin/../lib/gcc/arm-none-eabi/4.8.3/../../../../arm-none-eabi/lib/armv7-m\libm.a(lib_a-s_floor.o)
                0x00087820                floor
 .text.scalbn   0x00087940      0x100 c:/users/alex/appdata/local/arduino15/packages/arduino/tools/arm-none-eabi-gcc/4.8.3-2014q1/bin/../lib/gcc/arm-none-eabi/4.8.3/../../../../arm-none-eabi/lib/armv7-m\libm.a(lib_a-s_scalbn.o)
                0x00087940                scalbn
 .text.copysign
                0x00087a40       0x14 c:/users/alex/appdata/local/arduino15/packages/arduino/tools/arm-none-eabi-gcc/4.8.3-2014q1/bin/../lib/gcc/arm-none-eabi/4.8.3/../../../../arm-none-eabi/lib/armv7-m\libm.a(lib_a-s_copysign.o)
                0x00087a40                copysign
 .text          0x00087a54      0x370 c:/users/alex/appdata/local/arduino15/packages/arduino/tools/arm-none-eabi-gcc/4.8.3-2014q1/bin/../lib/gcc/arm-none-eabi/4.8.3/armv7-m\libgcc.a(_arm_addsubdf3.o)
                0x00087a54                __aeabi_drsub
                0x00087a5c                __aeabi_dsub
                0x00087a5c                __subdf3
                0x00087a60                __aeabi_dadd
                0x00087a60                __adddf3
                0x00087cd8                __floatunsidf
                0x00087cd8                __aeabi_ui2d
                0x00087cf8                __floatsidf
                0x00087cf8                __aeabi_i2d
                0x00087d1c                __aeabi_f2d
                0x00087d1c                __extendsfdf2
                0x00087d58                __floatundidf
                0x00087d58                __aeabi_ul2d
                0x00087d68                __floatdidf
                0x00087d68                __aeabi_l2d
 .text          0x00087dc4      0x424 c:/users/alex/appdata/local/arduino15/packages/arduino/tools/arm-none-eabi-gcc/4.8.3-2014q1/bin/../lib/gcc/arm-none-eabi/4.8.3/armv7-m\libgcc.a(_arm_muldivdf3.o)
                0x00087dc4                __aeabi_dmul
                0x00087dc4                __muldf3
                0x00088018                __divdf3
                0x00088018                __aeabi_ddiv
 .text          0x000881e8      0x110 c:/users/alex/appdata/local/arduino15/packages/arduino/tools/arm-none-eabi-gcc/4.8.3-2014q1/bin/../lib/gcc/arm-none-eabi/4.8.3/armv7-m\libgcc.a(_arm_cmpdf2.o)
                0x000881e8                __gtdf2
                0x000881e8                __gedf2
                0x000881f0                __ltdf2
                0x000881f0                __ledf2
                0x000881f8                __nedf2
                0x000881f8                __eqdf2
                0x000881f8                __cmpdf2
                0x00088274                __aeabi_cdrcmple
                0x00088284                __aeabi_cdcmpeq
                0x00088284                __aeabi_cdcmple
                0x00088294                __aeabi_dcmpeq
                0x000882a8                __aeabi_dcmplt
                0x000882bc                __aeabi_dcmple
                0x000882d0                __aeabi_dcmpge
                0x000882e4                __aeabi_dcmpgt
 .text          0x000882f8       0x50 c:/users/alex/appdata/local/arduino15/packages/arduino/tools/arm-none-eabi-gcc/4.8.3-2014q1/bin/../lib/gcc/arm-none-eabi/4.8.3/armv7-m\libgcc.a(_arm_fixdfsi.o)
                0x000882f8                __aeabi_d2iz
                0x000882f8                __fixdfsi
 .text          0x00088348       0xa0 c:/users/alex/appdata/local/arduino15/packages/arduino/tools/arm-none-eabi-gcc/4.8.3-2014q1/bin/../lib/gcc/arm-none-eabi/4.8.3/armv7-m\libgcc.a(_arm_truncdfsf2.o)
                0x00088348                __truncdfsf2
                0x00088348                __aeabi_d2f
 .text          0x000883e8      0x21c c:/users/alex/appdata/local/arduino15/packages/arduino/tools/arm-none-eabi-gcc/4.8.3-2014q1/bin/../lib/gcc/arm-none-eabi/4.8.3/armv7-m\libgcc.a(_arm_addsubsf3.o)
                0x000883e8                __aeabi_frsub
                0x000883f0                __subsf3
                0x000883f0                __aeabi_fsub
                0x000883f4                __aeabi_fadd
                0x000883f4                __addsf3
                0x00088554                __aeabi_ui2f
                0x00088554                __floatunsisf
                0x0008855c                __aeabi_i2f
                0x0008855c                __floatsisf
                0x00088578                __aeabi_ul2f
                0x00088578                __floatundisf
                0x00088588                __aeabi_l2f
                0x00088588                __floatdisf
 .text          0x00088604      0x2a0 c:/users/alex/appdata/local/arduino15/packages/arduino/tools/arm-none-eabi-gcc/4.8.3-2014q1/bin/../lib/gcc/arm-none-eabi/4.8.3/armv7-m\libgcc.a(_arm_muldivsf3.o)
                0x00088604                __mulsf3
                0x00088604                __aeabi_fmul
                0x0008876c                __aeabi_fdiv
                0x0008876c                __divsf3
 .text          0x000888a4       0x4c c:/users/alex/appdata/local/arduino15/packages/arduino/tools/arm-none-eabi-gcc/4.8.3-2014q1/bin/../lib/gcc/arm-none-eabi/4.8.3/armv7-m\libgcc.a(_arm_fixsfsi.o)
                0x000888a4                __aeabi_f2iz
                0x000888a4                __fixsfsi
 .text.__libc_init_array
                0x000888f0       0x50 c:/users/alex/appdata/local/arduino15/packages/arduino/tools/arm-none-eabi-gcc/4.8.3-2014q1/bin/../lib/gcc/arm-none-eabi/4.8.3/../../../../arm-none-eabi/lib/armv7-m\libg.a(lib_a-init.o)
                0x000888f0                __libc_init_array
 .text.iprintf  0x00088940       0x28 c:/users/alex/appdata/local/arduino15/packages/arduino/tools/arm-none-eabi-gcc/4.8.3-2014q1/bin/../lib/gcc/arm-none-eabi/4.8.3/../../../../arm-none-eabi/lib/armv7-m\libg.a(lib_a-iprintf.o)
                0x00088940                iprintf
 .text.malloc   0x00088968       0x10 c:/users/alex/appdata/local/arduino15/packages/arduino/tools/arm-none-eabi-gcc/4.8.3-2014q1/bin/../lib/gcc/arm-none-eabi/4.8.3/../../../../arm-none-eabi/lib/armv7-m\libg.a(lib_a-malloc.o)
                0x00088968                malloc
 .text._malloc_r
                0x00088978      0x538 c:/users/alex/appdata/local/arduino15/packages/arduino/tools/arm-none-eabi-gcc/4.8.3-2014q1/bin/../lib/gcc/arm-none-eabi/4.8.3/../../../../arm-none-eabi/lib/armv7-m\libg.a(lib_a-mallocr.o)
                0x00088978                _malloc_r
 .text          0x00088eb0       0xec c:/users/alex/appdata/local/arduino15/packages/arduino/tools/arm-none-eabi-gcc/4.8.3-2014q1/bin/../lib/gcc/arm-none-eabi/4.8.3/../../../../arm-none-eabi/lib/armv7-m\libg.a(lib_a-memcpy.o)
                0x00088eb0                memcpy
 .text.memmove  0x00088f9c       0xcc c:/users/alex/appdata/local/arduino15/packages/arduino/tools/arm-none-eabi-gcc/4.8.3-2014q1/bin/../lib/gcc/arm-none-eabi/4.8.3/../../../../arm-none-eabi/lib/armv7-m\libg.a(lib_a-memmove.o)
                0x00088f9c                memmove
 .text.memset   0x00089068       0x94 c:/users/alex/appdata/local/arduino15/packages/arduino/tools/arm-none-eabi-gcc/4.8.3-2014q1/bin/../lib/gcc/arm-none-eabi/4.8.3/../../../../arm-none-eabi/lib/armv7-m\libg.a(lib_a-memset.o)
                0x00089068                memset
 .text.__malloc_lock
                0x000890fc        0x4 c:/users/alex/appdata/local/arduino15/packages/arduino/tools/arm-none-eabi-gcc/4.8.3-2014q1/bin/../lib/gcc/arm-none-eabi/4.8.3/../../../../arm-none-eabi/lib/armv7-m\libg.a(lib_a-mlock.o)
                0x000890fc                __malloc_lock
 .text.__malloc_unlock
                0x00089100        0x4 c:/users/alex/appdata/local/arduino15/packages/arduino/tools/arm-none-eabi-gcc/4.8.3-2014q1/bin/../lib/gcc/arm-none-eabi/4.8.3/../../../../arm-none-eabi/lib/armv7-m\libg.a(lib_a-mlock.o)
                0x00089100                __malloc_unlock
 .text._realloc_r
                0x00089104      0x3c0 c:/users/alex/appdata/local/arduino15/packages/arduino/tools/arm-none-eabi-gcc/4.8.3-2014q1/bin/../lib/gcc/arm-none-eabi/4.8.3/../../../../arm-none-eabi/lib/armv7-m\libg.a(lib_a-reallocr.o)
                0x00089104                _realloc_r
 .text._sbrk_r  0x000894c4       0x24 c:/users/alex/appdata/local/arduino15/packages/arduino/tools/arm-none-eabi-gcc/4.8.3-2014q1/bin/../lib/gcc/arm-none-eabi/4.8.3/../../../../arm-none-eabi/lib/armv7-m\libg.a(lib_a-sbrkr.o)
                0x000894c4                _sbrk_r
 .text.sprintf  0x000894e8       0x4c c:/users/alex/appdata/local/arduino15/packages/arduino/tools/arm-none-eabi-gcc/4.8.3-2014q1/bin/../lib/gcc/arm-none-eabi/4.8.3/../../../../arm-none-eabi/lib/armv7-m\libg.a(lib_a-sprintf.o)
                0x000894e8                sprintf
 .text.strlen   0x00089534       0x60 c:/users/alex/appdata/local/arduino15/packages/arduino/tools/arm-none-eabi-gcc/4.8.3-2014q1/bin/../lib/gcc/arm-none-eabi/4.8.3/../../../../arm-none-eabi/lib/armv7-m\libg.a(lib_a-strlen.o)
                0x00089534                strlen
 .text._svfprintf_r
                0x00089594     0x14e0 c:/users/alex/appdata/local/arduino15/packages/arduino/tools/arm-none-eabi-gcc/4.8.3-2014q1/bin/../lib/gcc/arm-none-eabi/4.8.3/../../../../arm-none-eabi/lib/armv7-m\libg.a(lib_a-svfprintf.o)
                0x00089594                _svfprintf_r
 .text.kill     0x0008aa74       0x10 c:/users/alex/appdata/local/arduino15/packages/arduino/tools/arm-none-eabi-gcc/4.8.3-2014q1/bin/../lib/gcc/arm-none-eabi/4.8.3/../../../../arm-none-eabi/lib/armv7-m\libg.a(lib_a-syskill.o)
                0x0008aa74                kill
 .text.__sprint_r.part.0
                0x0008aa84       0x78 c:/users/alex/appdata/local/arduino15/packages/arduino/tools/arm-none-eabi-gcc/4.8.3-2014q1/bin/../lib/gcc/arm-none-eabi/4.8.3/../../../../arm-none-eabi/lib/armv7-m\libg.a(lib_a-vfiprintf.o)
 .text._vfiprintf_r
                0x0008aafc      0xc54 c:/users/alex/appdata/local/arduino15/packages/arduino/tools/arm-none-eabi-gcc/4.8.3-2014q1/bin/../lib/gcc/arm-none-eabi/4.8.3/../../../../arm-none-eabi/lib/armv7-m\libg.a(lib_a-vfiprintf.o)
                0x0008aafc                _vfiprintf_r
 .text.__sbprintf
                0x0008b750       0x7c c:/users/alex/appdata/local/arduino15/packages/arduino/tools/arm-none-eabi-gcc/4.8.3-2014q1/bin/../lib/gcc/arm-none-eabi/4.8.3/../../../../arm-none-eabi/lib/armv7-m\libg.a(lib_a-vfiprintf.o)
 .text.__swsetup_r
                0x0008b7cc       0xc4 c:/users/alex/appdata/local/arduino15/packages/arduino/tools/arm-none-eabi-gcc/4.8.3-2014q1/bin/../lib/gcc/arm-none-eabi/4.8.3/../../../../arm-none-eabi/lib/armv7-m\libg.a(lib_a-wsetup.o)
                0x0008b7cc                __swsetup_r
 .text.startup.register_fini
                0x0008b890       0x14 c:/users/alex/appdata/local/arduino15/packages/arduino/tools/arm-none-eabi-gcc/4.8.3-2014q1/bin/../lib/gcc/arm-none-eabi/4.8.3/../../../../arm-none-eabi/lib/armv7-m\libg.a(lib_a-__call_atexit.o)
 .text.atexit   0x0008b8a4        0xc c:/users/alex/appdata/local/arduino15/packages/arduino/tools/arm-none-eabi-gcc/4.8.3-2014q1/bin/../lib/gcc/arm-none-eabi/4.8.3/../../../../arm-none-eabi/lib/armv7-m\libg.a(lib_a-atexit.o)
                0x0008b8a4                atexit
 .text.quorem   0x0008b8b0      0x134 c:/users/alex/appdata/local/arduino15/packages/arduino/tools/arm-none-eabi-gcc/4.8.3-2014q1/bin/../lib/gcc/arm-none-eabi/4.8.3/../../../../arm-none-eabi/lib/armv7-m\libg.a(lib_a-dtoa.o)
 *fill*         0x0008b9e4        0x4 
 .text._dtoa_r  0x0008b9e8      0xe38 c:/users/alex/appdata/local/arduino15/packages/arduino/tools/arm-none-eabi-gcc/4.8.3-2014q1/bin/../lib/gcc/arm-none-eabi/4.8.3/../../../../arm-none-eabi/lib/armv7-m\libg.a(lib_a-dtoa.o)
                0x0008b9e8                _dtoa_r
 .text.__sflush_r
                0x0008c820      0x148 c:/users/alex/appdata/local/arduino15/packages/arduino/tools/arm-none-eabi-gcc/4.8.3-2014q1/bin/../lib/gcc/arm-none-eabi/4.8.3/../../../../arm-none-eabi/lib/armv7-m\libg.a(lib_a-fflush.o)
                0x0008c820                __sflush_r
 .text._fflush_r
                0x0008c968       0x2c c:/users/alex/appdata/local/arduino15/packages/arduino/tools/arm-none-eabi-gcc/4.8.3-2014q1/bin/../lib/gcc/arm-none-eabi/4.8.3/../../../../arm-none-eabi/lib/armv7-m\libg.a(lib_a-fflush.o)
                0x0008c968                _fflush_r
 .text._cleanup_r
                0x0008c994        0xc c:/users/alex/appdata/local/arduino15/packages/arduino/tools/arm-none-eabi-gcc/4.8.3-2014q1/bin/../lib/gcc/arm-none-eabi/4.8.3/../../../../arm-none-eabi/lib/armv7-m\libg.a(lib_a-findfp.o)
                0x0008c994                _cleanup_r
 .text.__sinit  0x0008c9a0       0xf4 c:/users/alex/appdata/local/arduino15/packages/arduino/tools/arm-none-eabi-gcc/4.8.3-2014q1/bin/../lib/gcc/arm-none-eabi/4.8.3/../../../../arm-none-eabi/lib/armv7-m\libg.a(lib_a-findfp.o)
                0x0008c9a0                __sinit
 .text.__sfp_lock_acquire
                0x0008ca94        0x4 c:/users/alex/appdata/local/arduino15/packages/arduino/tools/arm-none-eabi-gcc/4.8.3-2014q1/bin/../lib/gcc/arm-none-eabi/4.8.3/../../../../arm-none-eabi/lib/armv7-m\libg.a(lib_a-findfp.o)
                0x0008ca94                __sfp_lock_acquire
 .text.__sfp_lock_release
                0x0008ca98        0x4 c:/users/alex/appdata/local/arduino15/packages/arduino/tools/arm-none-eabi-gcc/4.8.3-2014q1/bin/../lib/gcc/arm-none-eabi/4.8.3/../../../../arm-none-eabi/lib/armv7-m\libg.a(lib_a-findfp.o)
                0x0008ca98                __sfp_lock_release
 .text.__libc_fini_array
                0x0008ca9c       0x30 c:/users/alex/appdata/local/arduino15/packages/arduino/tools/arm-none-eabi-gcc/4.8.3-2014q1/bin/../lib/gcc/arm-none-eabi/4.8.3/../../../../arm-none-eabi/lib/armv7-m\libg.a(lib_a-fini.o)
                0x0008ca9c                __libc_fini_array
 .text._fputwc_r
                0x0008cacc       0xc0 c:/users/alex/appdata/local/arduino15/packages/arduino/tools/arm-none-eabi-gcc/4.8.3-2014q1/bin/../lib/gcc/arm-none-eabi/4.8.3/../../../../arm-none-eabi/lib/armv7-m\libg.a(lib_a-fputwc.o)
                0x0008cacc                _fputwc_r
 .text._malloc_trim_r
                0x0008cb8c       0x9c c:/users/alex/appdata/local/arduino15/packages/arduino/tools/arm-none-eabi-gcc/4.8.3-2014q1/bin/../lib/gcc/arm-none-eabi/4.8.3/../../../../arm-none-eabi/lib/armv7-m\libg.a(lib_a-freer.o)
                0x0008cb8c                _malloc_trim_r
 .text._free_r  0x0008cc28      0x198 c:/users/alex/appdata/local/arduino15/packages/arduino/tools/arm-none-eabi-gcc/4.8.3-2014q1/bin/../lib/gcc/arm-none-eabi/4.8.3/../../../../arm-none-eabi/lib/armv7-m\libg.a(lib_a-freer.o)
                0x0008cc28                _free_r
 .text.__sfvwrite_r
                0x0008cdc0      0x314 c:/users/alex/appdata/local/arduino15/packages/arduino/tools/arm-none-eabi-gcc/4.8.3-2014q1/bin/../lib/gcc/arm-none-eabi/4.8.3/../../../../arm-none-eabi/lib/armv7-m\libg.a(lib_a-fvwrite.o)
                0x0008cdc0                __sfvwrite_r
 .text._fwalk   0x0008d0d4       0x48 c:/users/alex/appdata/local/arduino15/packages/arduino/tools/arm-none-eabi-gcc/4.8.3-2014q1/bin/../lib/gcc/arm-none-eabi/4.8.3/../../../../arm-none-eabi/lib/armv7-m\libg.a(lib_a-fwalk.o)
                0x0008d0d4                _fwalk
 .text.__locale_charset
                0x0008d11c        0x8 c:/users/alex/appdata/local/arduino15/packages/arduino/tools/arm-none-eabi-gcc/4.8.3-2014q1/bin/../lib/gcc/arm-none-eabi/4.8.3/../../../../arm-none-eabi/lib/armv7-m\libg.a(lib_a-locale.o)
                0x0008d11c                __locale_charset
 .text.__locale_mb_cur_max
                0x0008d124        0xc c:/users/alex/appdata/local/arduino15/packages/arduino/tools/arm-none-eabi-gcc/4.8.3-2014q1/bin/../lib/gcc/arm-none-eabi/4.8.3/../../../../arm-none-eabi/lib/armv7-m\libg.a(lib_a-locale.o)
                0x0008d124                __locale_mb_cur_max
 .text._localeconv_r
                0x0008d130        0x8 c:/users/alex/appdata/local/arduino15/packages/arduino/tools/arm-none-eabi-gcc/4.8.3-2014q1/bin/../lib/gcc/arm-none-eabi/4.8.3/../../../../arm-none-eabi/lib/armv7-m\libg.a(lib_a-locale.o)
                0x0008d130                _localeconv_r
 .text.__smakebuf_r
                0x0008d138       0xe0 c:/users/alex/appdata/local/arduino15/packages/arduino/tools/arm-none-eabi-gcc/4.8.3-2014q1/bin/../lib/gcc/arm-none-eabi/4.8.3/../../../../arm-none-eabi/lib/armv7-m\libg.a(lib_a-makebuf.o)
                0x0008d138                __smakebuf_r
 .text.memchr   0x0008d218       0x94 c:/users/alex/appdata/local/arduino15/packages/arduino/tools/arm-none-eabi-gcc/4.8.3-2014q1/bin/../lib/gcc/arm-none-eabi/4.8.3/../../../../arm-none-eabi/lib/armv7-m\libg.a(lib_a-memchr-stub.o)
                0x0008d218                memchr
 .text._Balloc  0x0008d2ac       0x4c c:/users/alex/appdata/local/arduino15/packages/arduino/tools/arm-none-eabi-gcc/4.8.3-2014q1/bin/../lib/gcc/arm-none-eabi/4.8.3/../../../../arm-none-eabi/lib/armv7-m\libg.a(lib_a-mprec.o)
                0x0008d2ac                _Balloc
 .text._Bfree   0x0008d2f8       0x14 c:/users/alex/appdata/local/arduino15/packages/arduino/tools/arm-none-eabi-gcc/4.8.3-2014q1/bin/../lib/gcc/arm-none-eabi/4.8.3/../../../../arm-none-eabi/lib/armv7-m\libg.a(lib_a-mprec.o)
                0x0008d2f8                _Bfree
 .text.__multadd
                0x0008d30c       0x94 c:/users/alex/appdata/local/arduino15/packages/arduino/tools/arm-none-eabi-gcc/4.8.3-2014q1/bin/../lib/gcc/arm-none-eabi/4.8.3/../../../../arm-none-eabi/lib/armv7-m\libg.a(lib_a-mprec.o)
                0x0008d30c                __multadd
 .text.__hi0bits
                0x0008d3a0       0x40 c:/users/alex/appdata/local/arduino15/packages/arduino/tools/arm-none-eabi-gcc/4.8.3-2014q1/bin/../lib/gcc/arm-none-eabi/4.8.3/../../../../arm-none-eabi/lib/armv7-m\libg.a(lib_a-mprec.o)
                0x0008d3a0                __hi0bits
 .text.__lo0bits
                0x0008d3e0       0x5c c:/users/alex/appdata/local/arduino15/packages/arduino/tools/arm-none-eabi-gcc/4.8.3-2014q1/bin/../lib/gcc/arm-none-eabi/4.8.3/../../../../arm-none-eabi/lib/armv7-m\libg.a(lib_a-mprec.o)
                0x0008d3e0                __lo0bits
 .text.__i2b    0x0008d43c       0x14 c:/users/alex/appdata/local/arduino15/packages/arduino/tools/arm-none-eabi-gcc/4.8.3-2014q1/bin/../lib/gcc/arm-none-eabi/4.8.3/../../../../arm-none-eabi/lib/armv7-m\libg.a(lib_a-mprec.o)
                0x0008d43c                __i2b
 .text.__multiply
                0x0008d450      0x13c c:/users/alex/appdata/local/arduino15/packages/arduino/tools/arm-none-eabi-gcc/4.8.3-2014q1/bin/../lib/gcc/arm-none-eabi/4.8.3/../../../../arm-none-eabi/lib/armv7-m\libg.a(lib_a-mprec.o)
                0x0008d450                __multiply
 .text.__pow5mult
                0x0008d58c       0x9c c:/users/alex/appdata/local/arduino15/packages/arduino/tools/arm-none-eabi-gcc/4.8.3-2014q1/bin/../lib/gcc/arm-none-eabi/4.8.3/../../../../arm-none-eabi/lib/armv7-m\libg.a(lib_a-mprec.o)
                0x0008d58c                __pow5mult
 .text.__lshift
                0x0008d628       0xbc c:/users/alex/appdata/local/arduino15/packages/arduino/tools/arm-none-eabi-gcc/4.8.3-2014q1/bin/../lib/gcc/arm-none-eabi/4.8.3/../../../../arm-none-eabi/lib/armv7-m\libg.a(lib_a-mprec.o)
                0x0008d628                __lshift
 .text.__mcmp   0x0008d6e4       0x48 c:/users/alex/appdata/local/arduino15/packages/arduino/tools/arm-none-eabi-gcc/4.8.3-2014q1/bin/../lib/gcc/arm-none-eabi/4.8.3/../../../../arm-none-eabi/lib/armv7-m\libg.a(lib_a-mprec.o)
                0x0008d6e4                __mcmp
 .text.__mdiff  0x0008d72c       0xd8 c:/users/alex/appdata/local/arduino15/packages/arduino/tools/arm-none-eabi-gcc/4.8.3-2014q1/bin/../lib/gcc/arm-none-eabi/4.8.3/../../../../arm-none-eabi/lib/armv7-m\libg.a(lib_a-mprec.o)
                0x0008d72c                __mdiff
 .text.__d2b    0x0008d804       0xbc c:/users/alex/appdata/local/arduino15/packages/arduino/tools/arm-none-eabi-gcc/4.8.3-2014q1/bin/../lib/gcc/arm-none-eabi/4.8.3/../../../../arm-none-eabi/lib/armv7-m\libg.a(lib_a-mprec.o)
                0x0008d804                __d2b
 .text._kill_r  0x0008d8c0       0x28 c:/users/alex/appdata/local/arduino15/packages/arduino/tools/arm-none-eabi-gcc/4.8.3-2014q1/bin/../lib/gcc/arm-none-eabi/4.8.3/../../../../arm-none-eabi/lib/armv7-m\libg.a(lib_a-signalr.o)
                0x0008d8c0                _kill_r
 .text.__sread  0x0008d8e8       0x24 c:/users/alex/appdata/local/arduino15/packages/arduino/tools/arm-none-eabi-gcc/4.8.3-2014q1/bin/../lib/gcc/arm-none-eabi/4.8.3/../../../../arm-none-eabi/lib/armv7-m\libg.a(lib_a-stdio.o)
                0x0008d8e8                __sread
 .text.__swrite
                0x0008d90c       0x38 c:/users/alex/appdata/local/arduino15/packages/arduino/tools/arm-none-eabi-gcc/4.8.3-2014q1/bin/../lib/gcc/arm-none-eabi/4.8.3/../../../../arm-none-eabi/lib/armv7-m\libg.a(lib_a-stdio.o)
                0x0008d90c                __swrite