Archive member included because of file (symbol)

C:\Users\Alex\AppData\Local\arduino15\packages\arduino\hardware\sam\1.6.11\variants\arduino_due_x/libsam_sam3x8e_gcc_rel.a(pio.o)
                              C:\Users\Alex\AppData\Local\Temp\VMBuilds\UTFT_Analog_ClockTempDS3231\arduino_due_x_dbg\Debug\SPI\SPI.cpp.o (PIO_Configure)
C:\Users\Alex\AppData\Local\arduino15\packages\arduino\hardware\sam\1.6.11\variants\arduino_due_x/libsam_sam3x8e_gcc_rel.a(pmc.o)
                              C:\Users\Alex\AppData\Local\Temp\VMBuilds\UTFT_Analog_ClockTempDS3231\arduino_due_x_dbg\Debug\DS3231\DS3231.cpp.o (pmc_enable_periph_clk)
C:\Users\Alex\AppData\Local\arduino15\packages\arduino\hardware\sam\1.6.11\variants\arduino_due_x/libsam_sam3x8e_gcc_rel.a(spi.o)
                              C:\Users\Alex\AppData\Local\Temp\VMBuilds\UTFT_Analog_ClockTempDS3231\arduino_due_x_dbg\Debug\SPI\SPI.cpp.o (SPI_Enable)
C:\Users\Alex\AppData\Local\arduino15\packages\arduino\hardware\sam\1.6.11\variants\arduino_due_x/libsam_sam3x8e_gcc_rel.a(system_sam3xa.o)
                              C:\Users\Alex\AppData\Local\Temp\VMBuilds\UTFT_Analog_ClockTempDS3231\arduino_due_x_dbg\Debug\variant\variant.cpp.o (SystemInit)
C:\Users\Alex\AppData\Local\arduino15\packages\arduino\hardware\sam\1.6.11\variants\arduino_due_x/libsam_sam3x8e_gcc_rel.a(startup_sam3xa.o)
                              (Reset_Handler)
C:\Users\Alex\AppData\Local\arduino15\packages\arduino\hardware\sam\1.6.11\variants\arduino_due_x/libsam_sam3x8e_gcc_rel.a(adc.o)
                              C:\Users\Alex\AppData\Local\Temp\VMBuilds\UTFT_Analog_ClockTempDS3231\arduino_due_x_dbg\Debug\variant\variant.cpp.o (adc_init)
C:\Users\Alex\AppData\Local\arduino15\packages\arduino\hardware\sam\1.6.11\variants\arduino_due_x/libsam_sam3x8e_gcc_rel.a(uotghs.o)
                              C:\Users\Alex\AppData\Local\arduino15\packages\arduino\hardware\sam\1.6.11\variants\arduino_due_x/libsam_sam3x8e_gcc_rel.a(startup_sam3xa.o) (UOTGHS_Handler)
C:\Users\Alex\AppData\Local\Temp\VMBuilds\UTFT_Analog_ClockTempDS3231\arduino_due_x_dbg\Debug/core.a(cortex_handlers.c.o)
                              C:\Users\Alex\AppData\Local\arduino15\packages\arduino\hardware\sam\1.6.11\variants\arduino_due_x/libsam_sam3x8e_gcc_rel.a(startup_sam3xa.o) (NMI_Handler)
C:\Users\Alex\AppData\Local\Temp\VMBuilds\UTFT_Analog_ClockTempDS3231\arduino_due_x_dbg\Debug/core.a(hooks.c.o)
                              C:\Users\Alex\AppData\Local\Temp\VMBuilds\UTFT_Analog_ClockTempDS3231\arduino_due_x_dbg\Debug\UTFT\UTFT.cpp.o (yield)
C:\Users\Alex\AppData\Local\Temp\VMBuilds\UTFT_Analog_ClockTempDS3231\arduino_due_x_dbg\Debug/core.a(syscalls_sam3.c.o)
                              (_sbrk)
C:\Users\Alex\AppData\Local\Temp\VMBuilds\UTFT_Analog_ClockTempDS3231\arduino_due_x_dbg\Debug/core.a(wiring.c.o)
                              C:\Users\Alex\AppData\Local\Temp\VMBuilds\UTFT_Analog_ClockTempDS3231\arduino_due_x_dbg\Debug\DHT\DHT.cpp.o (millis)
C:\Users\Alex\AppData\Local\Temp\VMBuilds\UTFT_Analog_ClockTempDS3231\arduino_due_x_dbg\Debug/core.a(wiring_analog.c.o)
                              C:\Users\Alex\AppData\Local\Temp\VMBuilds\UTFT_Analog_ClockTempDS3231\arduino_due_x_dbg\Debug\variant\variant.cpp.o (analogOutputInit)
C:\Users\Alex\AppData\Local\Temp\VMBuilds\UTFT_Analog_ClockTempDS3231\arduino_due_x_dbg\Debug/core.a(wiring_digital.c.o)
                              C:\Users\Alex\AppData\Local\Temp\VMBuilds\UTFT_Analog_ClockTempDS3231\arduino_due_x_dbg\Debug\UTFT_Analog_ClockTempDS3231.cpp.o (pinMode)
C:\Users\Alex\AppData\Local\Temp\VMBuilds\UTFT_Analog_ClockTempDS3231\arduino_due_x_dbg\Debug/core.a(wiring_shift.c.o)
                              C:\Users\Alex\AppData\Local\Temp\VMBuilds\UTFT_Analog_ClockTempDS3231\arduino_due_x_dbg\Debug\DS3231\DS3231.cpp.o (shiftOut)
C:\Users\Alex\AppData\Local\Temp\VMBuilds\UTFT_Analog_ClockTempDS3231\arduino_due_x_dbg\Debug/core.a(main.cpp.o)
                              c:/users/alex/appdata/local/arduino15/packages/arduino/tools/arm-none-eabi-gcc/4.8.3-2014q1/bin/../lib/gcc/arm-none-eabi/4.8.3/../../../../arm-none-eabi/lib/armv7-m/crt0.o (main)
C:\Users\Alex\AppData\Local\Temp\VMBuilds\UTFT_Analog_ClockTempDS3231\arduino_due_x_dbg\Debug/core.a(Print.cpp.o)
                              C:\Users\Alex\AppData\Local\Temp\VMBuilds\UTFT_Analog_ClockTempDS3231\arduino_due_x_dbg\Debug\UTFT_Analog_ClockTempDS3231.cpp.o (Print::print(char const*))
C:\Users\Alex\AppData\Local\Temp\VMBuilds\UTFT_Analog_ClockTempDS3231\arduino_due_x_dbg\Debug/core.a(Reset.cpp.o)
                              C:\Users\Alex\AppData\Local\Temp\VMBuilds\UTFT_Analog_ClockTempDS3231\arduino_due_x_dbg\Debug/core.a(cortex_handlers.c.o) (tickReset)
C:\Users\Alex\AppData\Local\Temp\VMBuilds\UTFT_Analog_ClockTempDS3231\arduino_due_x_dbg\Debug/core.a(RingBuffer.cpp.o)
[...]
Memory Configuration

Name             Origin             Length             Attributes
rom              0x00080000         0x00080000         xr
sram0            0x20000000         0x00010000         xrw
sram1            0x20080000         0x00008000         xrw
ram              0x20070000         0x00018000         xrw
*default*        0x00000000         0xffffffff

Linker script and memory map

LOAD c:/users/alex/appdata/local/arduino15/packages/arduino/tools/arm-none-eabi-gcc/4.8.3-2014q1/bin/../lib/gcc/arm-none-eabi/4.8.3/armv7-m/crti.o
LOAD c:/users/alex/appdata/local/arduino15/packages/arduino/tools/arm-none-eabi-gcc/4.8.3-2014q1/bin/../lib/gcc/arm-none-eabi/4.8.3/armv7-m/crtbegin.o
LOAD c:/users/alex/appdata/local/arduino15/packages/arduino/tools/arm-none-eabi-gcc/4.8.3-2014q1/bin/../lib/gcc/arm-none-eabi/4.8.3/../../../../arm-none-eabi/lib/armv7-m/crt0.o
START GROUP
LOAD C:\Users\Alex\AppData\Local\Temp\VMBuilds\UTFT_Analog_ClockTempDS3231\arduino_due_x_dbg\Debug\UTFT_Analog_ClockTempDS3231.cpp.o
LOAD C:\Users\Alex\AppData\Local\Temp\VMBuilds\UTFT_Analog_ClockTempDS3231\arduino_due_x_dbg\Debug\SPI\SPI.cpp.o
LOAD C:\Users\Alex\AppData\Local\Temp\VMBuilds\UTFT_Analog_ClockTempDS3231\arduino_due_x_dbg\Debug\DHT\DHT.cpp.o
LOAD C:\Users\Alex\AppData\Local\Temp\VMBuilds\UTFT_Analog_ClockTempDS3231\arduino_due_x_dbg\Debug\DS3231\DS3231.cpp.o
LOAD C:\Users\Alex\AppData\Local\Temp\VMBuilds\UTFT_Analog_ClockTempDS3231\arduino_due_x_dbg\Debug\MCP23S17\MCP23S17.cpp.o
LOAD C:\Users\Alex\AppData\Local\Temp\VMBuilds\UTFT_Analog_ClockTempDS3231\arduino_due_x_dbg\Debug\OneWire\OneWire.cpp.o
LOAD C:\Users\Alex\AppData\Local\Temp\VMBuilds\UTFT_Analog_ClockTempDS3231\arduino_due_x_dbg\Debug\UTFT\DefaultFonts.c.o
LOAD C:\Users\Alex\AppData\Local\Temp\VMBuilds\UTFT_Analog_ClockTempDS3231\arduino_due_x_dbg\Debug\UTFT\UTFT.cpp.o
LOAD C:\Users\Alex\AppData\Local\Temp\VMBuilds\UTFT_Analog_ClockTempDS3231\arduino_due_x_dbg\Debug\UTouch\UTouch.cpp.o
LOAD C:\Users\Alex\AppData\Local\Temp\VMBuilds\UTFT_Analog_ClockTempDS3231\arduino_due_x_dbg\Debug\variant\variant.cpp.o
LOAD C:\Users\Alex\AppData\Local\arduino15\packages\arduino\hardware\sam\1.6.11\variants\arduino_due_x/libsam_sam3x8e_gcc_rel.a
LOAD C:\Users\Alex\AppData\Local\Temp\VMBuilds\UTFT_Analog_ClockTempDS3231\arduino_due_x_dbg\Debug/core.a
END GROUP
LOAD c:/users/alex/appdata/local/arduino15/packages/arduino/tools/arm-none-eabi-gcc/4.8.3-2014q1/bin/../lib/gcc/arm-none-eabi/4.8.3/../../../../arm-none-eabi/lib/armv7-m\libm.a
START GROUP
LOAD c:/users/alex/appdata/local/arduino15/packages/arduino/tools/arm-none-eabi-gcc/4.8.3-2014q1/bin/../lib/gcc/arm-none-eabi/4.8.3/armv7-m\libgcc.a
LOAD c:/users/alex/appdata/local/arduino15/packages/arduino/tools/arm-none-eabi-gcc/4.8.3-2014q1/bin/../lib/gcc/arm-none-eabi/4.8.3/../../../../arm-none-eabi/lib/armv7-m\libg.a
LOAD c:/users/alex/appdata/local/arduino15/packages/arduino/tools/arm-none-eabi-gcc/4.8.3-2014q1/bin/../lib/gcc/arm-none-eabi/4.8.3/../../../../arm-none-eabi/lib/armv7-m\libc.a
END GROUP
LOAD c:/users/alex/appdata/local/arduino15/packages/arduino/tools/arm-none-eabi-gcc/4.8.3-2014q1/bin/../lib/gcc/arm-none-eabi/4.8.3/armv7-m/crtend.o
LOAD c:/users/alex/appdata/local/arduino15/packages/arduino/tools/arm-none-eabi-gcc/4.8.3-2014q1/bin/../lib/gcc/arm-none-eabi/4.8.3/armv7-m/crtn.o

.text           0x00080000    0x10de4
                0x00080000                . = ALIGN (0x4)
                0x00080000                _sfixed = .
 *(.vectors .vectors.*)
 .vectors       0x00080000       0xf4 C:\Users\Alex\AppData\Local\arduino15\packages\arduino\hardware\sam\1.6.11\variants\arduino_due_x/libsam_sam3x8e_gcc_rel.a(startup_sam3xa.o)
                0x00080000                exception_table
 *(.text .text.* .gnu.linkonce.t.*)
 .text          0x000800f4       0x54 c:/users/alex/appdata/local/arduino15/packages/arduino/tools/arm-none-eabi-gcc/4.8.3-2014q1/bin/../lib/gcc/arm-none-eabi/4.8.3/armv7-m/crtbegin.o
 .text._Z8drawMarki
                0x00080148       0xe8 C:\Users\Alex\AppData\Local\Temp\VMBuilds\UTFT_Analog_ClockTempDS3231\arduino_due_x_dbg\Debug\UTFT_Analog_ClockTempDS3231.cpp.o
                0x00080148                drawMark(int)
 .text._Z7drawSeci
                0x00080230      0x1e0 C:\Users\Alex\AppData\Local\Temp\VMBuilds\UTFT_Analog_ClockTempDS3231\arduino_due_x_dbg\Debug\UTFT_Analog_ClockTempDS3231.cpp.o
                0x00080230                drawSec(int)
 .text._Z7drawMini
                0x00080410      0x528 C:\Users\Alex\AppData\Local\Temp\VMBuilds\UTFT_Analog_ClockTempDS3231\arduino_due_x_dbg\Debug\UTFT_Analog_ClockTempDS3231.cpp.o
                0x00080410                drawMin(int)
 .text._Z8drawHourii
                0x00080938      0x530 C:\Users\Alex\AppData\Local\Temp\VMBuilds\UTFT_Analog_ClockTempDS3231\arduino_due_x_dbg\Debug\UTFT_Analog_ClockTempDS3231.cpp.o
                0x00080938                drawHour(int, int)
 .text._Z11drawDisplayv
                0x00080e68      0x1f4 C:\Users\Alex\AppData\Local\Temp\VMBuilds\UTFT_Analog_ClockTempDS3231\arduino_due_x_dbg\Debug\UTFT_Analog_ClockTempDS3231.cpp.o
                0x00080e68                drawDisplay()
 .text._Z9printDatev
                0x0008105c       0xb4 C:\Users\Alex\AppData\Local\Temp\VMBuilds\UTFT_Analog_ClockTempDS3231\arduino_due_x_dbg\Debug\UTFT_Analog_ClockTempDS3231.cpp.o
                0x0008105c                printDate()
 .text._Z9clearDatev
                0x00081110       0x2c C:\Users\Alex\AppData\Local\Temp\VMBuilds\UTFT_Analog_ClockTempDS3231\arduino_due_x_dbg\Debug\UTFT_Analog_ClockTempDS3231.cpp.o
                0x00081110                clearDate()
 *fill*         0x0008113c        0x4 
 .text._Z7ds18s20v
                0x00081140      0x178 C:\Users\Alex\AppData\Local\Temp\VMBuilds\UTFT_Analog_ClockTempDS3231\arduino_due_x_dbg\Debug\UTFT_Analog_ClockTempDS3231.cpp.o
                0x00081140                ds18s20()
 .text._Z12drawUpButtonii
                0x000812b8       0xb8 C:\Users\Alex\AppData\Local\Temp\VMBuilds\UTFT_Analog_ClockTempDS3231\arduino_due_x_dbg\Debug\UTFT_Analog_ClockTempDS3231.cpp.o
                0x000812b8                drawUpButton(int, int)
 .text._Z14drawDownButtonii
                0x00081370       0xb8 C:\Users\Alex\AppData\Local\Temp\VMBuilds\UTFT_Analog_ClockTempDS3231\arduino_due_x_dbg\Debug\UTFT_Analog_ClockTempDS3231.cpp.o
                0x00081370                drawDownButton(int, int)
 .text._Z7showDOWh
                0x00081428       0x54 C:\Users\Alex\AppData\Local\Temp\VMBuilds\UTFT_Analog_ClockTempDS3231\arduino_due_x_dbg\Debug\UTFT_Analog_ClockTempDS3231.cpp.o
                0x00081428                showDOW(unsigned char)
 .text._Z12validateDatehhj
                0x0008147c       0x5c C:\Users\Alex\AppData\Local\Temp\VMBuilds\UTFT_Analog_ClockTempDS3231\arduino_due_x_dbg\Debug\UTFT_Analog_ClockTempDS3231.cpp.o
                0x0008147c                validateDate(unsigned char, unsigned char, unsigned int)
 .text._Z20validateDateForMonthhhj
                0x000814d8       0x88 C:\Users\Alex\AppData\Local\Temp\VMBuilds\UTFT_Analog_ClockTempDS3231\arduino_due_x_dbg\Debug\UTFT_Analog_ClockTempDS3231.cpp.o
                0x000814d8                validateDateForMonth(unsigned char, unsigned char, unsigned int)
 .text._Z7calcDOWhhi
                0x00081560       0x5c C:\Users\Alex\AppData\Local\Temp\VMBuilds\UTFT_Analog_ClockTempDS3231\arduino_due_x_dbg\Debug\UTFT_Analog_ClockTempDS3231.cpp.o
                0x00081560                calcDOW(unsigned char, unsigned char, int)
 .text._Z19waitForTouchReleasev
                0x000815bc       0x18 C:\Users\Alex\AppData\Local\Temp\VMBuilds\UTFT_Analog_ClockTempDS3231\arduino_due_x_dbg\Debug\UTFT_Analog_ClockTempDS3231.cpp.o
                0x000815bc                waitForTouchRelease()
 .text._Z10buttonWaitii
                0x000815d4       0x58 C:\Users\Alex\AppData\Local\Temp\VMBuilds\UTFT_Analog_ClockTempDS3231\arduino_due_x_dbg\Debug\UTFT_Analog_ClockTempDS3231.cpp.o
                0x000815d4                buttonWait(int, int)
 .text._Z8setClockv
                0x0008162c      0x79c C:\Users\Alex\AppData\Local\Temp\VMBuilds\UTFT_Analog_ClockTempDS3231\arduino_due_x_dbg\Debug\UTFT_Analog_ClockTempDS3231.cpp.o
                0x0008162c                setClock()
 .text.loop     0x00081dc8      0x188 C:\Users\Alex\AppData\Local\Temp\VMBuilds\UTFT_Analog_ClockTempDS3231\arduino_due_x_dbg\Debug\UTFT_Analog_ClockTempDS3231.cpp.o
                0x00081dc8                loop
 .text.startup._GLOBAL__sub_I_rtc
                0x00081f50       0x84 C:\Users\Alex\AppData\Local\Temp\VMBuilds\UTFT_Analog_ClockTempDS3231\arduino_due_x_dbg\Debug\UTFT_Analog_ClockTempDS3231.cpp.o
 .text._Z13setup_ds18s20v
                0x00081fd4       0xc0 C:\Users\Alex\AppData\Local\Temp\VMBuilds\UTFT_Analog_ClockTempDS3231\arduino_due_x_dbg\Debug\UTFT_Analog_ClockTempDS3231.cpp.o
                0x00081fd4                setup_ds18s20()
 .text.setup    0x00082094       0xa0 C:\Users\Alex\AppData\Local\Temp\VMBuilds\UTFT_Analog_ClockTempDS3231\arduino_due_x_dbg\Debug\UTFT_Analog_ClockTempDS3231.cpp.o
                0x00082094                setup
 .text._ZL10SPI_0_Initv
                0x00082134       0x48 C:\Users\Alex\AppData\Local\Temp\VMBuilds\UTFT_Analog_ClockTempDS3231\arduino_due_x_dbg\Debug\SPI\SPI.cpp.o
 .text._ZN8SPIClass4initEv
                0x0008217c       0x36 C:\Users\Alex\AppData\Local\Temp\VMBuilds\UTFT_Analog_ClockTempDS3231\arduino_due_x_dbg\Debug\SPI\SPI.cpp.o
                0x0008217c                SPIClass::init()
 .text._ZN8SPIClass11setDataModeEhh
                0x000821b2       0x34 C:\Users\Alex\AppData\Local\Temp\VMBuilds\UTFT_Analog_ClockTempDS3231\arduino_due_x_dbg\Debug\SPI\SPI.cpp.o
                0x000821b2                SPIClass::setDataMode(unsigned char, unsigned char)
 .text._ZN8SPIClass15setClockDividerEhh
                0x000821e6       0x2e C:\Users\Alex\AppData\Local\Temp\VMBuilds\UTFT_Analog_ClockTempDS3231\arduino_due_x_dbg\Debug\SPI\SPI.cpp.o
                0x000821e6                SPIClass::setClockDivider(unsigned char, unsigned char)
 .text._ZN8SPIClass5beginEv
                0x00082214       0x22 C:\Users\Alex\AppData\Local\Temp\VMBuilds\UTFT_Analog_ClockTempDS3231\arduino_due_x_dbg\Debug\SPI\SPI.cpp.o
                0x00082214                SPIClass::begin()
 .text._ZN8SPIClass8transferEhh15SPITransferMode
                0x00082236       0x5e C:\Users\Alex\AppData\Local\Temp\VMBuilds\UTFT_Analog_ClockTempDS3231\arduino_due_x_dbg\Debug\SPI\SPI.cpp.o
                0x00082236                SPIClass::transfer(unsigned char, unsigned char, SPITransferMode)
 .text.startup._GLOBAL__sub_I__ZN8SPIClassC2EP3SpimPFvvE
                0x00082294       0x24 C:\Users\Alex\AppData\Local\Temp\VMBuilds\UTFT_Analog_ClockTempDS3231\arduino_due_x_dbg\Debug\SPI\SPI.cpp.o
 .text._ZN3DHTC2Ehhh
                0x000822b8       0x20 C:\Users\Alex\AppData\Local\Temp\VMBuilds\UTFT_Analog_ClockTempDS3231\arduino_due_x_dbg\Debug\DHT\DHT.cpp.o
                0x000822b8                DHT::DHT(unsigned char, unsigned char, unsigned char)
                0x000822b8                DHT::DHT(unsigned char, unsigned char, unsigned char)
 .text._ZN3DHT5beginEv
                0x000822d8       0x18 C:\Users\Alex\AppData\Local\Temp\VMBuilds\UTFT_Analog_ClockTempDS3231\arduino_due_x_dbg\Debug\DHT\DHT.cpp.o
                0x000822d8                DHT::begin()
 .text._ZN3DHT11expectPulseEb
                0x000822f0       0x26 C:\Users\Alex\AppData\Local\Temp\VMBuilds\UTFT_Analog_ClockTempDS3231\arduino_due_x_dbg\Debug\DHT\DHT.cpp.o
                0x000822f0                DHT::expectPulse(bool)
 .text._ZN3DHT4readEb
                0x00082316      0x106 C:\Users\Alex\AppData\Local\Temp\VMBuilds\UTFT_Analog_ClockTempDS3231\arduino_due_x_dbg\Debug\DHT\DHT.cpp.o
                0x00082316                DHT::read(bool)
 *fill*         0x0008241c        0x4 
 .text._ZN3DHT15readTemperatureEbb
                0x00082420       0xb0 C:\Users\Alex\AppData\Local\Temp\VMBuilds\UTFT_Analog_ClockTempDS3231\arduino_due_x_dbg\Debug\DHT\DHT.cpp.o
                0x00082420                DHT::readTemperature(bool, bool)
 .text._ZN3DHT12readHumidityEb
                0x000824d0       0x68 C:\Users\Alex\AppData\Local\Temp\VMBuilds\UTFT_Analog_ClockTempDS3231\arduino_due_x_dbg\Debug\DHT\DHT.cpp.o
                0x000824d0                DHT::readHumidity(bool)
 .text._ZN6DS32315beginEv
                0x00082538       0xfc C:\Users\Alex\AppData\Local\Temp\VMBuilds\UTFT_Analog_ClockTempDS3231\arduino_due_x_dbg\Debug\DS3231\DS3231.cpp.o
                0x00082538                DS3231::begin()
 .text._ZN4TimeC2Ev
                0x00082634       0x1a C:\Users\Alex\AppData\Local\Temp\VMBuilds\UTFT_Analog_ClockTempDS3231\arduino_due_x_dbg\Debug\DS3231\DS3231.cpp.o
                0x00082634                Time::Time()
                0x00082634                Time::Time()
 .text._ZN6DS3231C2Ehh
                0x0008264e        0x6 C:\Users\Alex\AppData\Local\Temp\VMBuilds\UTFT_Analog_ClockTempDS3231\arduino_due_x_dbg\Debug\DS3231\DS3231.cpp.o
                0x0008264e                DS3231::DS3231(unsigned char, unsigned char)
                0x0008264e                DS3231::DS3231(unsigned char, unsigned char)
 .text._ZN6DS323110_sendStartEh
                0x00082654       0x3e C:\Users\Alex\AppData\Local\Temp\VMBuilds\UTFT_Analog_ClockTempDS3231\arduino_due_x_dbg\Debug\DS3231\DS3231.cpp.o
                0x00082654                DS3231::_sendStart(unsigned char)
 .text._ZN6DS32319_sendStopEv
                0x00082692       0x30 C:\Users\Alex\AppData\Local\Temp\VMBuilds\UTFT_Analog_ClockTempDS3231\arduino_due_x_dbg\Debug\DS3231\DS3231.cpp.o
                0x00082692                DS3231::_sendStop()
 .text._ZN6DS32319_sendNackEv
                0x000826c2       0x38 C:\Users\Alex\AppData\Local\Temp\VMBuilds\UTFT_Analog_ClockTempDS3231\arduino_due_x_dbg\Debug\DS3231\DS3231.cpp.o
                0x000826c2                DS3231::_sendNack()
 .text._ZN6DS32318_sendAckEv
                0x000826fa       0x38 C:\Users\Alex\AppData\Local\Temp\VMBuilds\UTFT_Analog_ClockTempDS3231\arduino_due_x_dbg\Debug\DS3231\DS3231.cpp.o
                0x000826fa                DS3231::_sendAck()
 .text._ZN6DS323111_waitForAckEv
                0x00082732       0x2a C:\Users\Alex\AppData\Local\Temp\VMBuilds\UTFT_Analog_ClockTempDS3231\arduino_due_x_dbg\Debug\DS3231\DS3231.cpp.o
                0x00082732                DS3231::_waitForAck()
 .text._ZN6DS32319_readByteEv
                0x0008275c       0x40 C:\Users\Alex\AppData\Local\Temp\VMBuilds\UTFT_Analog_ClockTempDS3231\arduino_due_x_dbg\Debug\DS3231\DS3231.cpp.o
                0x0008275c                DS3231::_readByte()
 .text._ZN6DS323110_writeByteEh
                0x0008279c       0x1e C:\Users\Alex\AppData\Local\Temp\VMBuilds\UTFT_Analog_ClockTempDS3231\arduino_due_x_dbg\Debug\DS3231\DS3231.cpp.o
                0x0008279c                DS3231::_writeByte(unsigned char)
 *fill*         0x000827ba        0x2 
 .text._ZN6DS323110_burstReadEv
                0x000827bc       0x94 C:\Users\Alex\AppData\Local\Temp\VMBuilds\UTFT_Analog_ClockTempDS3231\arduino_due_x_dbg\Debug\DS3231\DS3231.cpp.o
                0x000827bc                DS3231::_burstRead()
 .text._ZN6DS323114_writeRegisterEhh
                0x00082850       0x60 C:\Users\Alex\AppData\Local\Temp\VMBuilds\UTFT_Analog_ClockTempDS3231\arduino_due_x_dbg\Debug\DS3231\DS3231.cpp.o
                0x00082850                DS3231::_writeRegister(unsigned char, unsigned char)
 .text._ZN6DS32316setDOWEh
                0x000828b0       0x10 C:\Users\Alex\AppData\Local\Temp\VMBuilds\UTFT_Analog_ClockTempDS3231\arduino_due_x_dbg\Debug\DS3231\DS3231.cpp.o
                0x000828b0                DS3231::setDOW(unsigned char)
 .text._ZN6DS32317setTimeEhhh
                0x000828c0       0x5c C:\Users\Alex\AppData\Local\Temp\VMBuilds\UTFT_Analog_ClockTempDS3231\arduino_due_x_dbg\Debug\DS3231\DS3231.cpp.o
                0x000828c0                DS3231::setTime(unsigned char, unsigned char, unsigned char)
 .text._ZN6DS32317setDateEhht
                0x0008291c       0x6a C:\Users\Alex\AppData\Local\Temp\VMBuilds\UTFT_Analog_ClockTempDS3231\arduino_due_x_dbg\Debug\DS3231\DS3231.cpp.o
                0x0008291c                DS3231::setDate(unsigned char, unsigned char, unsigned short)
 .text._ZN6DS32317_decodeEh
                0x00082986       0x12 C:\Users\Alex\AppData\Local\Temp\VMBuilds\UTFT_Analog_ClockTempDS3231\arduino_due_x_dbg\Debug\DS3231\DS3231.cpp.o
                0x00082986                DS3231::_decode(unsigned char)
 .text._ZN6DS32318_decodeHEh
                0x00082998       0x26 C:\Users\Alex\AppData\Local\Temp\VMBuilds\UTFT_Analog_ClockTempDS3231\arduino_due_x_dbg\Debug\DS3231\DS3231.cpp.o
                0x00082998                DS3231::_decodeH(unsigned char)
 .text._ZN6DS32317getTimeEv
                0x000829be       0x62 C:\Users\Alex\AppData\Local\Temp\VMBuilds\UTFT_Analog_ClockTempDS3231\arduino_due_x_dbg\Debug\DS3231\DS3231.cpp.o
                0x000829be                DS3231::getTime()
 .text._ZN6DS32319getDOWStrEh
                0x00082a20       0x60 C:\Users\Alex\AppData\Local\Temp\VMBuilds\UTFT_Analog_ClockTempDS3231\arduino_due_x_dbg\Debug\DS3231\DS3231.cpp.o
                0x00082a20                DS3231::getDOWStr(unsigned char)
 .text._ZN6DS323111getMonthStrEh
                0x00082a80       0x68 C:\Users\Alex\AppData\Local\Temp\VMBuilds\UTFT_Analog_ClockTempDS3231\arduino_due_x_dbg\Debug\DS3231\DS3231.cpp.o
                0x00082a80                DS3231::getMonthStr(unsigned char)
 .text._ZN8SPIClass8transferEh15SPITransferMode
                0x00082ae8       0x12 C:\Users\Alex\AppData\Local\Temp\VMBuilds\UTFT_Analog_ClockTempDS3231\arduino_due_x_dbg\Debug\MCP23S17\MCP23S17.cpp.o
                0x00082ae8                SPIClass::transfer(unsigned char, SPITransferMode)
 .text._ZN8MCP23S1713writeRegisterEh.part.1
                0x00082afa       0x46 C:\Users\Alex\AppData\Local\Temp\VMBuilds\UTFT_Analog_ClockTempDS3231\arduino_due_x_dbg\Debug\MCP23S17\MCP23S17.cpp.o
 .text._ZN8MCP23S17C2EP8SPIClasshh
                0x00082b40       0x3c C:\Users\Alex\AppData\Local\Temp\VMBuilds\UTFT_Analog_ClockTempDS3231\arduino_due_x_dbg\Debug\MCP23S17\MCP23S17.cpp.o
                0x00082b40                MCP23S17::MCP23S17(SPIClass*, unsigned char, unsigned char)
                0x00082b40                MCP23S17::MCP23S17(SPIClass*, unsigned char, unsigned char)
 .text._ZN8MCP23S1713writeRegisterEh
                0x00082b7c        0xa C:\Users\Alex\AppData\Local\Temp\VMBuilds\UTFT_Analog_ClockTempDS3231\arduino_due_x_dbg\Debug\MCP23S17\MCP23S17.cpp.o
                0x00082b7c                MCP23S17::writeRegister(unsigned char)
 .text._ZN8MCP23S178writeAllEv
                0x00082b86       0x4c C:\Users\Alex\AppData\Local\Temp\VMBuilds\UTFT_Analog_ClockTempDS3231\arduino_due_x_dbg\Debug\MCP23S17\MCP23S17.cpp.o
                0x00082b86                MCP23S17::writeAll()
 .text._ZN8MCP23S175beginEv
                0x00082bd2       0x52 C:\Users\Alex\AppData\Local\Temp\VMBuilds\UTFT_Analog_ClockTempDS3231\arduino_due_x_dbg\Debug\MCP23S17\MCP23S17.cpp.o
                0x00082bd2                MCP23S17::begin()
 .text._ZN8MCP23S177pinModeEhh
                0x00082c24       0x7e C:\Users\Alex\AppData\Local\Temp\VMBuilds\UTFT_Analog_ClockTempDS3231\arduino_due_x_dbg\Debug\MCP23S17\MCP23S17.cpp.o
                0x00082c24                MCP23S17::pinMode(unsigned char, unsigned char)
 .text._ZN8MCP23S1712digitalWriteEhh
                0x00082ca2       0x72 C:\Users\Alex\AppData\Local\Temp\VMBuilds\UTFT_Analog_ClockTempDS3231\arduino_due_x_dbg\Debug\MCP23S17\MCP23S17.cpp.o
                0x00082ca2                MCP23S17::digitalWrite(unsigned char, unsigned char)
 .text._ZN7OneWire5resetEv
                0x00082d14       0x5a C:\Users\Alex\AppData\Local\Temp\VMBuilds\UTFT_Analog_ClockTempDS3231\arduino_due_x_dbg\Debug\OneWire\OneWire.cpp.o
                0x00082d14                OneWire::reset()
 .text._ZN7OneWire9write_bitEh
                0x00082d6e       0x40 C:\Users\Alex\AppData\Local\Temp\VMBuilds\UTFT_Analog_ClockTempDS3231\arduino_due_x_dbg\Debug\OneWire\OneWire.cpp.o
                0x00082d6e                OneWire::write_bit(unsigned char)
 .text._ZN7OneWire8read_bitEv
                0x00082dae       0x36 C:\Users\Alex\AppData\Local\Temp\VMBuilds\UTFT_Analog_ClockTempDS3231\arduino_due_x_dbg\Debug\OneWire\OneWire.cpp.o
                0x00082dae                OneWire::read_bit()
 .text._ZN7OneWire5writeEhh
                0x00082de4       0x3a C:\Users\Alex\AppData\Local\Temp\VMBuilds\UTFT_Analog_ClockTempDS3231\arduino_due_x_dbg\Debug\OneWire\OneWire.cpp.o
                0x00082de4                OneWire::write(unsigned char, unsigned char)
 .text._ZN7OneWire4readEv
                0x00082e1e       0x20 C:\Users\Alex\AppData\Local\Temp\VMBuilds\UTFT_Analog_ClockTempDS3231\arduino_due_x_dbg\Debug\OneWire\OneWire.cpp.o
                0x00082e1e                OneWire::read()
 .text._ZN7OneWire6selectEPKh
                0x00082e3e       0x22 C:\Users\Alex\AppData\Local\Temp\VMBuilds\UTFT_Analog_ClockTempDS3231\arduino_due_x_dbg\Debug\OneWire\OneWire.cpp.o
                0x00082e3e                OneWire::select(unsigned char const*)
 .text._ZN7OneWire12reset_searchEv
                0x00082e60       0x18 C:\Users\Alex\AppData\Local\Temp\VMBuilds\UTFT_Analog_ClockTempDS3231\arduino_due_x_dbg\Debug\OneWire\OneWire.cpp.o
                0x00082e60                OneWire::reset_search()
 .text._ZN7OneWireC2Eh
                0x00082e78       0x2c C:\Users\Alex\AppData\Local\Temp\VMBuilds\UTFT_Analog_ClockTempDS3231\arduino_due_x_dbg\Debug\OneWire\OneWire.cpp.o
                0x00082e78                OneWire::OneWire(unsigned char)
                0x00082e78                OneWire::OneWire(unsigned char)
 .text._ZN7OneWire6searchEPh
                0x00082ea4       0xe8 C:\Users\Alex\AppData\Local\Temp\VMBuilds\UTFT_Analog_ClockTempDS3231\arduino_due_x_dbg\Debug\OneWire\OneWire.cpp.o
                0x00082ea4                OneWire::search(unsigned char*)
 .text._ZN7OneWire4crc8EPKhh
                0x00082f8c       0x20 C:\Users\Alex\AppData\Local\Temp\VMBuilds\UTFT_Analog_ClockTempDS3231\arduino_due_x_dbg\Debug\OneWire\OneWire.cpp.o
                0x00082f8c                OneWire::crc8(unsigned char const*, unsigned char)
 .text._ZN4UTFT14_convert_floatEPcdih
                0x00082fac       0x2c C:\Users\Alex\AppData\Local\Temp\VMBuilds\UTFT_Analog_ClockTempDS3231\arduino_due_x_dbg\Debug\UTFT\UTFT.cpp.o
                0x00082fac                UTFT::_convert_float(char*, double, int, unsigned char)
 .text._ZN4UTFT12LCD_Writ_BusEcch
                0x00082fd8      0x2dc C:\Users\Alex\AppData\Local\Temp\VMBuilds\UTFT_Analog_ClockTempDS3231\arduino_due_x_dbg\Debug\UTFT\UTFT.cpp.o
                0x00082fd8                UTFT::LCD_Writ_Bus(char, char, unsigned char)
 .text._ZN4UTFT24_set_direction_registersEh
                0x000832b4       0x38 C:\Users\Alex\AppData\Local\Temp\VMBuilds\UTFT_Analog_ClockTempDS3231\arduino_due_x_dbg\Debug\UTFT\UTFT.cpp.o
                0x000832b4                UTFT::_set_direction_registers(unsigned char)
 .text._ZN4UTFT13_fast_fill_16Eiil
                0x000832ec      0x220 C:\Users\Alex\AppData\Local\Temp\VMBuilds\UTFT_Analog_ClockTempDS3231\arduino_due_x_dbg\Debug\UTFT\UTFT.cpp.o
                0x000832ec                UTFT::_fast_fill_16(int, int, long)
 .text._ZN4UTFT12_fast_fill_8Eil
                0x0008350c      0x304 C:\Users\Alex\AppData\Local\Temp\VMBuilds\UTFT_Analog_ClockTempDS3231\arduino_due_x_dbg\Debug\UTFT\UTFT.cpp.o
                0x0008350c                UTFT::_fast_fill_8(int, long)
 .text._ZN4UTFTC2Ehiiiii
                0x00083810      0x198 C:\Users\Alex\AppData\Local\Temp\VMBuilds\UTFT_Analog_ClockTempDS3231\arduino_due_x_dbg\Debug\UTFT\UTFT.cpp.o
                0x00083810                UTFT::UTFT(unsigned char, int, int, int, int, int)
                0x00083810                UTFT::UTFT(unsigned char, int, int, int, int, int)
 .text._ZN4UTFT13LCD_Write_COMEc
                0x000839a8       0x26 C:\Users\Alex\AppData\Local\Temp\VMBuilds\UTFT_Analog_ClockTempDS3231\arduino_due_x_dbg\Debug\UTFT\UTFT.cpp.o
                0x000839a8                UTFT::LCD_Write_COM(char)
 .text._ZN4UTFT14LCD_Write_DATAEcc
                0x000839ce       0x36 C:\Users\Alex\AppData\Local\Temp\VMBuilds\UTFT_Analog_ClockTempDS3231\arduino_due_x_dbg\Debug\UTFT\UTFT.cpp.o
                0x000839ce                UTFT::LCD_Write_DATA(char, char)
 .text._ZN4UTFT14LCD_Write_DATAEc
                0x00083a04       0x24 C:\Users\Alex\AppData\Local\Temp\VMBuilds\UTFT_Analog_ClockTempDS3231\arduino_due_x_dbg\Debug\UTFT\UTFT.cpp.o
                0x00083a04                UTFT::LCD_Write_DATA(char)
 .text._ZN4UTFT5setXYEjjjj
                0x00083a28       0x94 C:\Users\Alex\AppData\Local\Temp\VMBuilds\UTFT_Analog_ClockTempDS3231\arduino_due_x_dbg\Debug\UTFT\UTFT.cpp.o
                0x00083a28                UTFT::setXY(unsigned int, unsigned int, unsigned int, unsigned int)
 .text._ZN4UTFT7InitLCDEh
                0x00083abc      0x4bc C:\Users\Alex\AppData\Local\Temp\VMBuilds\UTFT_Analog_ClockTempDS3231\arduino_due_x_dbg\Debug\UTFT\UTFT.cpp.o
                0x00083abc                UTFT::InitLCD(unsigned char)
 .text._ZN4UTFT5clrXYEv
                0x00083f78       0x24 C:\Users\Alex\AppData\Local\Temp\VMBuilds\UTFT_Analog_ClockTempDS3231\arduino_due_x_dbg\Debug\UTFT\UTFT.cpp.o
                0x00083f78                UTFT::clrXY()
 .text._ZN4UTFT10drawCircleEiii
                0x00083f9c      0x1d0 C:\Users\Alex\AppData\Local\Temp\VMBuilds\UTFT_Analog_ClockTempDS3231\arduino_due_x_dbg\Debug\UTFT\UTFT.cpp.o
                0x00083f9c                UTFT::drawCircle(int, int, int)
 .text._ZN4UTFT6clrScrEv
                0x0008416c       0x9c C:\Users\Alex\AppData\Local\Temp\VMBuilds\UTFT_Analog_ClockTempDS3231\arduino_due_x_dbg\Debug\UTFT\UTFT.cpp.o
                0x0008416c                UTFT::clrScr()
 .text._ZN4UTFT8setColorEhhh
                0x00084208       0x18 C:\Users\Alex\AppData\Local\Temp\VMBuilds\UTFT_Analog_ClockTempDS3231\arduino_due_x_dbg\Debug\UTFT\UTFT.cpp.o
                0x00084208                UTFT::setColor(unsigned char, unsigned char, unsigned char)
 .text._ZN4UTFT12setBackColorEhhh
                0x00084220       0x1e C:\Users\Alex\AppData\Local\Temp\VMBuilds\UTFT_Analog_ClockTempDS3231\arduino_due_x_dbg\Debug\UTFT\UTFT.cpp.o
                0x00084220                UTFT::setBackColor(unsigned char, unsigned char, unsigned char)
 .text._ZN4UTFT8setPixelEj
                0x0008423e        0xc C:\Users\Alex\AppData\Local\Temp\VMBuilds\UTFT_Analog_ClockTempDS3231\arduino_due_x_dbg\Debug\UTFT\UTFT.cpp.o
                0x0008423e                UTFT::setPixel(unsigned int)
 .text._ZN4UTFT9drawPixelEii
                0x0008424a       0x3c C:\Users\Alex\AppData\Local\Temp\VMBuilds\UTFT_Analog_ClockTempDS3231\arduino_due_x_dbg\Debug\UTFT\UTFT.cpp.o
                0x0008424a                UTFT::drawPixel(int, int)
 .text._ZN4UTFT9drawHLineEiii
                0x00084286       0x92 C:\Users\Alex\AppData\Local\Temp\VMBuilds\UTFT_Analog_ClockTempDS3231\arduino_due_x_dbg\Debug\UTFT\UTFT.cpp.o
                0x00084286                UTFT::drawHLine(int, int, int)
 .text._ZN4UTFT13fillRoundRectEiiii
                0x00084318       0xb0 C:\Users\Alex\AppData\Local\Temp\VMBuilds\UTFT_Analog_ClockTempDS3231\arduino_due_x_dbg\Debug\UTFT\UTFT.cpp.o
                0x00084318                UTFT::fillRoundRect(int, int, int, int)
 .text._ZN4UTFT9drawVLineEiii
                0x000843c8       0x94 C:\Users\Alex\AppData\Local\Temp\VMBuilds\UTFT_Analog_ClockTempDS3231\arduino_due_x_dbg\Debug\UTFT\UTFT.cpp.o
                0x000843c8                UTFT::drawVLine(int, int, int)
 .text._ZN4UTFT13drawRoundRectEiiii
                0x0008445c       0xce C:\Users\Alex\AppData\Local\Temp\VMBuilds\UTFT_Analog_ClockTempDS3231\arduino_due_x_dbg\Debug\UTFT\UTFT.cpp.o
                0x0008445c                UTFT::drawRoundRect(int, int, int, int)
 .text._ZN4UTFT8fillRectEiiii
                0x0008452a      0x132 C:\Users\Alex\AppData\Local\Temp\VMBuilds\UTFT_Analog_ClockTempDS3231\arduino_due_x_dbg\Debug\UTFT\UTFT.cpp.o
                0x0008452a                UTFT::fillRect(int, int, int, int)
 .text._ZN4UTFT8drawLineEiiii
                0x0008465c      0x106 C:\Users\Alex\AppData\Local\Temp\VMBuilds\UTFT_Analog_ClockTempDS3231\arduino_due_x_dbg\Debug\UTFT\UTFT.cpp.o
                0x0008465c                UTFT::drawLine(int, int, int, int)
 .text._ZN4UTFT9printCharEhii
                0x00084762      0x1d0 C:\Users\Alex\AppData\Local\Temp\VMBuilds\UTFT_Analog_ClockTempDS3231\arduino_due_x_dbg\Debug\UTFT\UTFT.cpp.o
                0x00084762                UTFT::printChar(unsigned char, int, int)
 *fill*         0x00084932        0x6 
 .text._ZN4UTFT10rotateCharEhiiii
                0x00084938      0x1b0 C:\Users\Alex\AppData\Local\Temp\VMBuilds\UTFT_Analog_ClockTempDS3231\arduino_due_x_dbg\Debug\UTFT\UTFT.cpp.o
                0x00084938                UTFT::rotateChar(unsigned char, int, int, int, int)
 .text._ZN4UTFT5printEPciii
                0x00084ae8       0xac C:\Users\Alex\AppData\Local\Temp\VMBuilds\UTFT_Analog_ClockTempDS3231\arduino_due_x_dbg\Debug\UTFT\UTFT.cpp.o
                0x00084ae8                UTFT::print(char*, int, int, int)
 .text._ZN4UTFT9printNumIEliiic
                0x00084b94       0xe8 C:\Users\Alex\AppData\Local\Temp\VMBuilds\UTFT_Analog_ClockTempDS3231\arduino_due_x_dbg\Debug\UTFT\UTFT.cpp.o
                0x00084b94                UTFT::printNumI(long, int, int, int, char)
 .text._ZN4UTFT9printNumFEdhiicic
                0x00084c7c       0xaa C:\Users\Alex\AppData\Local\Temp\VMBuilds\UTFT_Analog_ClockTempDS3231\arduino_due_x_dbg\Debug\UTFT\UTFT.cpp.o
                0x00084c7c                UTFT::printNumF(double, unsigned char, int, int, char, int, char)
 .text._ZN4UTFT7setFontEPh
                0x00084d26       0x1c C:\Users\Alex\AppData\Local\Temp\VMBuilds\UTFT_Analog_ClockTempDS3231\arduino_due_x_dbg\Debug\UTFT\UTFT.cpp.o
                0x00084d26                UTFT::setFont(unsigned char*)
 .text._ZN6UTouchC2Ehhhhh
                0x00084d42       0x16 C:\Users\Alex\AppData\Local\Temp\VMBuilds\UTFT_Analog_ClockTempDS3231\arduino_due_x_dbg\Debug\UTouch\UTouch.cpp.o
                0x00084d42                UTouch::UTouch(unsigned char, unsigned char, unsigned char, unsigned char, unsigned char)
                0x00084d42                UTouch::UTouch(unsigned char, unsigned char, unsigned char, unsigned char, unsigned char)
 .text._ZN6UTouch9InitTouchEh
                0x00084d58       0x7a C:\Users\Alex\AppData\Local\Temp\VMBuilds\UTFT_Analog_ClockTempDS3231\arduino_due_x_dbg\Debug\UTouch\UTouch.cpp.o
                0x00084d58                UTouch::InitTouch(unsigned char)
 .text._ZN6UTouch15touch_WriteDataEh
                0x00084dd2       0x3e C:\Users\Alex\AppData\Local\Temp\VMBuilds\UTFT_Analog_ClockTempDS3231\arduino_due_x_dbg\Debug\UTouch\UTouch.cpp.o
                0x00084dd2                UTouch::touch_WriteData(unsigned char)
 .text._ZN6UTouch14touch_ReadDataEv
                0x00084e10       0x30 C:\Users\Alex\AppData\Local\Temp\VMBuilds\UTFT_Analog_ClockTempDS3231\arduino_due_x_dbg\Debug\UTouch\UTouch.cpp.o
                0x00084e10                UTouch::touch_ReadData()
 .text._ZN6UTouch4readEv
                0x00084e40       0xba C:\Users\Alex\AppData\Local\Temp\VMBuilds\UTFT_Analog_ClockTempDS3231\arduino_due_x_dbg\Debug\UTouch\UTouch.cpp.o
                0x00084e40                UTouch::read()
 .text._ZN6UTouch13dataAvailableEv
                0x00084efa       0x26 C:\Users\Alex\AppData\Local\Temp\VMBuilds\UTFT_Analog_ClockTempDS3231\arduino_due_x_dbg\Debug\UTouch\UTouch.cpp.o
                0x00084efa                UTouch::dataAvailable()
 .text._ZN6UTouch4getXEv
                0x00084f20       0x56 C:\Users\Alex\AppData\Local\Temp\VMBuilds\UTFT_Analog_ClockTempDS3231\arduino_due_x_dbg\Debug\UTouch\UTouch.cpp.o
                0x00084f20                UTouch::getX()
 .text._ZN6UTouch4getYEv
                0x00084f76       0x56 C:\Users\Alex\AppData\Local\Temp\VMBuilds\UTFT_Analog_ClockTempDS3231\arduino_due_x_dbg\Debug\UTouch\UTouch.cpp.o
                0x00084f76                UTouch::getY()
 .text._ZN6UTouch12setPrecisionEh
                0x00084fcc       0x20 C:\Users\Alex\AppData\Local\Temp\VMBuilds\UTFT_Analog_ClockTempDS3231\arduino_due_x_dbg\Debug\UTouch\UTouch.cpp.o
                0x00084fcc                UTouch::setPrecision(unsigned char)
 .text._Z11serialEventv
                0x00084fec        0x2 C:\Users\Alex\AppData\Local\Temp\VMBuilds\UTFT_Analog_ClockTempDS3231\arduino_due_x_dbg\Debug\variant\variant.cpp.o
                0x00084fec                serialEvent()
 *fill*         0x00084fee        0x2 
 .text.UART_Handler
                0x00084ff0        0xc C:\Users\Alex\AppData\Local\Temp\VMBuilds\UTFT_Analog_ClockTempDS3231\arduino_due_x_dbg\Debug\variant\variant.cpp.o
                0x00084ff0                UART_Handler
 .text._Z12serialEvent1v
                0x00084ffc        0x2 C:\Users\Alex\AppData\Local\Temp\VMBuilds\UTFT_Analog_ClockTempDS3231\arduino_due_x_dbg\Debug\variant\variant.cpp.o
                0x00084ffc                serialEvent1()
 .text._Z12serialEvent2v
                0x00084ffe        0x2 C:\Users\Alex\AppData\Local\Temp\VMBuilds\UTFT_Analog_ClockTempDS3231\arduino_due_x_dbg\Debug\variant\variant.cpp.o
                0x00084ffe                serialEvent2()
 .text._Z12serialEvent3v
                0x00085000        0x2 C:\Users\Alex\AppData\Local\Temp\VMBuilds\UTFT_Analog_ClockTempDS3231\arduino_due_x_dbg\Debug\variant\variant.cpp.o
                0x00085000                serialEvent3()
 *fill*         0x00085002        0x2 
 .text.USART0_Handler
                0x00085004        0xc C:\Users\Alex\AppData\Local\Temp\VMBuilds\UTFT_Analog_ClockTempDS3231\arduino_due_x_dbg\Debug\variant\variant.cpp.o
                0x00085004                USART0_Handler
 .text.USART1_Handler
                0x00085010        0xc C:\Users\Alex\AppData\Local\Temp\VMBuilds\UTFT_Analog_ClockTempDS3231\arduino_due_x_dbg\Debug\variant\variant.cpp.o
                0x00085010                USART1_Handler
 .text.USART3_Handler
                0x0008501c        0xc C:\Users\Alex\AppData\Local\Temp\VMBuilds\UTFT_Analog_ClockTempDS3231\arduino_due_x_dbg\Debug\variant\variant.cpp.o
                0x0008501c                USART3_Handler
 .text.init     0x00085028      0x128 C:\Users\Alex\AppData\Local\Temp\VMBuilds\UTFT_Analog_ClockTempDS3231\arduino_due_x_dbg\Debug\variant\variant.cpp.o
                0x00085028                init
 .text.startup._GLOBAL__sub_I_g_APinDescription
                0x00085150       0xd4 C:\Users\Alex\AppData\Local\Temp\VMBuilds\UTFT_Analog_ClockTempDS3231\arduino_due_x_dbg\Debug\variant\variant.cpp.o
 .text._Z14serialEventRunv
                0x00085224       0x44 C:\Users\Alex\AppData\Local\Temp\VMBuilds\UTFT_Analog_ClockTempDS3231\arduino_due_x_dbg\Debug\variant\variant.cpp.o
                0x00085224                serialEventRun()
 .text.PIO_PullUp
                0x00085268        0xa C:\Users\Alex\AppData\Local\arduino15\packages\arduino\hardware\sam\1.6.11\variants\arduino_due_x/libsam_sam3x8e_gcc_rel.a(pio.o)
                0x00085268                PIO_PullUp
 .text.PIO_Get  0x00085272       0x14 C:\Users\Alex\AppData\Local\arduino15\packages\arduino\hardware\sam\1.6.11\variants\arduino_due_x/libsam_sam3x8e_gcc_rel.a(pio.o)
                0x00085272                PIO_Get
 .text.PIO_SetPeripheral
                0x00085286       0x26 C:\Users\Alex\AppData\Local\arduino15\packages\arduino\hardware\sam\1.6.11\variants\arduino_due_x/libsam_sam3x8e_gcc_rel.a(pio.o)
                0x00085286                PIO_SetPeripheral
 .text.PIO_SetInput
                0x000852ac       0x26 C:\Users\Alex\AppData\Local\arduino15\packages\arduino\hardware\sam\1.6.11\variants\arduino_due_x/libsam_sam3x8e_gcc_rel.a(pio.o)
                0x000852ac                PIO_SetInput
 .text.PIO_SetOutput
                0x000852d2       0x24 C:\Users\Alex\AppData\Local\arduino15\packages\arduino\hardware\sam\1.6.11\variants\arduino_due_x/libsam_sam3x8e_gcc_rel.a(pio.o)
                0x000852d2                PIO_SetOutput
 *fill*         0x000852f6        0x2 
 .text.PIO_Configure
                0x000852f8       0x64 C:\Users\Alex\AppData\Local\arduino15\packages\arduino\hardware\sam\1.6.11\variants\arduino_due_x/libsam_sam3x8e_gcc_rel.a(pio.o)
                0x000852f8                PIO_Configure
 .text.PIO_GetOutputDataStatus
                0x0008535c       0x14 C:\Users\Alex\AppData\Local\arduino15\packages\arduino\hardware\sam\1.6.11\variants\arduino_due_x/libsam_sam3x8e_gcc_rel.a(pio.o)
                0x0008535c                PIO_GetOutputDataStatus
 .text.pmc_enable_upll_clock
                0x00085370       0x14 C:\Users\Alex\AppData\Local\arduino15\packages\arduino\hardware\sam\1.6.11\variants\arduino_due_x/libsam_sam3x8e_gcc_rel.a(pmc.o)
                0x00085370                pmc_enable_upll_clock
 .text.pmc_enable_periph_clk
                0x00085384       0x44 C:\Users\Alex\AppData\Local\arduino15\packages\arduino\hardware\sam\1.6.11\variants\arduino_due_x/libsam_sam3x8e_gcc_rel.a(pmc.o)
                0x00085384                pmc_enable_periph_clk
 .text.pmc_disable_periph_clk
                0x000853c8       0x40 C:\Users\Alex\AppData\Local\arduino15\packages\arduino\hardware\sam\1.6.11\variants\arduino_due_x/libsam_sam3x8e_gcc_rel.a(pmc.o)
                0x000853c8                pmc_disable_periph_clk
 .text.pmc_switch_udpck_to_upllck
                0x00085408       0x14 C:\Users\Alex\AppData\Local\arduino15\packages\arduino\hardware\sam\1.6.11\variants\arduino_due_x/libsam_sam3x8e_gcc_rel.a(pmc.o)
                0x00085408                pmc_switch_udpck_to_upllck
 .text.pmc_enable_udpck
                0x0008541c        0xc C:\Users\Alex\AppData\Local\arduino15\packages\arduino\hardware\sam\1.6.11\variants\arduino_due_x/libsam_sam3x8e_gcc_rel.a(pmc.o)
                0x0008541c                pmc_enable_udpck
 .text.SPI_Enable
                0x00085428        0x6 C:\Users\Alex\AppData\Local\arduino15\packages\arduino\hardware\sam\1.6.11\variants\arduino_due_x/libsam_sam3x8e_gcc_rel.a(spi.o)
                0x00085428                SPI_Enable
 *fill*         0x0008542e        0x2 
 .text.SPI_Configure
                0x00085430       0x20 C:\Users\Alex\AppData\Local\arduino15\packages\arduino\hardware\sam\1.6.11\variants\arduino_due_x/libsam_sam3x8e_gcc_rel.a(spi.o)
                0x00085430                SPI_Configure
 .text.SPI_ConfigureNPCS
                0x00085450        0x8 C:\Users\Alex\AppData\Local\arduino15\packages\arduino\hardware\sam\1.6.11\variants\arduino_due_x/libsam_sam3x8e_gcc_rel.a(spi.o)
                0x00085450                SPI_ConfigureNPCS
 .text.SystemInit
                0x00085458       0x88 C:\Users\Alex\AppData\Local\arduino15\packages\arduino\hardware\sam\1.6.11\variants\arduino_due_x/libsam_sam3x8e_gcc_rel.a(system_sam3xa.o)
                0x00085458                SystemInit
 .text.Reset_Handler
                0x000854e0       0x78 C:\Users\Alex\AppData\Local\arduino15\packages\arduino\hardware\sam\1.6.11\variants\arduino_due_x/libsam_sam3x8e_gcc_rel.a(startup_sam3xa.o)
                0x000854e0                Reset_Handler
 .text.adc_init
                0x00085558       0x98 C:\Users\Alex\AppData\Local\arduino15\packages\arduino\hardware\sam\1.6.11\variants\arduino_due_x/libsam_sam3x8e_gcc_rel.a(adc.o)
                0x00085558                adc_init
 .text.adc_configure_trigger
                0x000855f0        0xe C:\Users\Alex\AppData\Local\arduino15\packages\arduino\hardware\sam\1.6.11\variants\arduino_due_x/libsam_sam3x8e_gcc_rel.a(adc.o)
                0x000855f0                adc_configure_trigger
 .text.adc_configure_timing
                0x000855fe       0x1a C:\Users\Alex\AppData\Local\arduino15\packages\arduino\hardware\sam\1.6.11\variants\arduino_due_x/libsam_sam3x8e_gcc_rel.a(adc.o)
                0x000855fe                adc_configure_timing
 .text.adc_disable_channel
                0x00085618        0xa C:\Users\Alex\AppData\Local\arduino15\packages\arduino\hardware\sam\1.6.11\variants\arduino_due_x/libsam_sam3x8e_gcc_rel.a(adc.o)
                0x00085618                adc_disable_channel
 .text.adc_disable_all_channel
                0x00085622        0x8 C:\Users\Alex\AppData\Local\arduino15\packages\arduino\hardware\sam\1.6.11\variants\arduino_due_x/libsam_sam3x8e_gcc_rel.a(adc.o)
                0x00085622                adc_disable_all_channel
 .text.adc_disable_interrupt
                0x0008562a        0x4 C:\Users\Alex\AppData\Local\arduino15\packages\arduino\hardware\sam\1.6.11\variants\arduino_due_x/libsam_sam3x8e_gcc_rel.a(adc.o)
                0x0008562a                adc_disable_interrupt
 *fill*         0x0008562e        0x2 
 .text.UOTGHS_Handler
                0x00085630       0x10 C:\Users\Alex\AppData\Local\arduino15\packages\arduino\hardware\sam\1.6.11\variants\arduino_due_x/libsam_sam3x8e_gcc_rel.a(uotghs.o)
                0x00085630                UOTGHS_Handler
 .text.__halt   0x00085640        0x2 C:\Users\Alex\AppData\Local\Temp\VMBuilds\UTFT_Analog_ClockTempDS3231\arduino_due_x_dbg\Debug/core.a(cortex_handlers.c.o)
                0x00085640                DACC_Handler
                0x00085640                DebugMon_Handler
                0x00085640                DMAC_Handler
                0x00085640                TRNG_Handler
                0x00085640                HardFault_Handler
                0x00085640                TC2_Handler
                0x00085640                TWI1_Handler
                0x00085640                NMI_Handler
                0x00085640                TC7_Handler
                0x00085640                ADC_Handler
                0x00085640                SMC_Handler
                0x00085640                RTT_Handler
                0x00085640                EFC1_Handler
                0x00085640                PIOB_Handler
                0x00085640                RTC_Handler
                0x00085640                UsageFault_Handler
                0x00085640                TC6_Handler
                0x00085640                WDT_Handler
                0x00085640                CAN0_Handler
                0x00085640                TC4_Handler
                0x00085640                TC1_Handler
                0x00085640                HSMCI_Handler
                0x00085640                TC3_Handler
                0x00085640                TWI0_Handler
                0x00085640                PIOA_Handler
                0x00085640                SSC_Handler
                0x00085640                EFC0_Handler
                0x00085640                PMC_Handler
                0x00085640                PWM_Handler
                0x00085640                CAN1_Handler
                0x00085640                MemManage_Handler
                0x00085640                SUPC_Handler
                0x00085640                TC8_Handler
                0x00085640                USART2_Handler
                0x00085640                PIOD_Handler
                0x00085640                EMAC_Handler
                0x00085640                PIOC_Handler
                0x00085640                BusFault_Handler
                0x00085640                RSTC_Handler
                0x00085640                TC0_Handler
                0x00085640                TC5_Handler
                0x00085640                SPI0_Handler
 .text.SVC_Handler
                0x00085642        0x4 C:\Users\Alex\AppData\Local\Temp\VMBuilds\UTFT_Analog_ClockTempDS3231\arduino_due_x_dbg\Debug/core.a(cortex_handlers.c.o)
                0x00085642                SVC_Handler
 .text.PendSV_Handler
                0x00085646        0x4 C:\Users\Alex\AppData\Local\Temp\VMBuilds\UTFT_Analog_ClockTempDS3231\arduino_due_x_dbg\Debug/core.a(cortex_handlers.c.o)
                0x00085646                PendSV_Handler
 .text.SysTick_Handler
                0x0008564a       0x16 C:\Users\Alex\AppData\Local\Temp\VMBuilds\UTFT_Analog_ClockTempDS3231\arduino_due_x_dbg\Debug/core.a(cortex_handlers.c.o)
                0x0008564a                SysTick_Handler
 .text.__empty  0x00085660        0x2 C:\Users\Alex\AppData\Local\Temp\VMBuilds\UTFT_Analog_ClockTempDS3231\arduino_due_x_dbg\Debug/core.a(hooks.c.o)
                0x00085660                yield
 .text.__false  0x00085662        0x4 C:\Users\Alex\AppData\Local\Temp\VMBuilds\UTFT_Analog_ClockTempDS3231\arduino_due_x_dbg\Debug/core.a(hooks.c.o)
                0x00085662                sysTickHook
 .text.__halt   0x00085666        0x2 C:\Users\Alex\AppData\Local\Temp\VMBuilds\UTFT_Analog_ClockTempDS3231\arduino_due_x_dbg\Debug/core.a(hooks.c.o)
                0x00085666                svcHook
                0x00085666                pendSVHook
 .text._sbrk    0x00085668       0x1c C:\Users\Alex\AppData\Local\Temp\VMBuilds\UTFT_Analog_ClockTempDS3231\arduino_due_x_dbg\Debug/core.a(syscalls_sam3.c.o)
                0x00085668                _sbrk
 .text.link     0x00085684        0x6 C:\Users\Alex\AppData\Local\Temp\VMBuilds\UTFT_Analog_ClockTempDS3231\arduino_due_x_dbg\Debug/core.a(syscalls_sam3.c.o)
                0x00085684                link
 .text._close   0x0008568a        0x6 C:\Users\Alex\AppData\Local\Temp\VMBuilds\UTFT_Analog_ClockTempDS3231\arduino_due_x_dbg\Debug/core.a(syscalls_sam3.c.o)
                0x0008568a                _close
 .text._fstat   0x00085690        0xa C:\Users\Alex\AppData\Local\Temp\VMBuilds\UTFT_Analog_ClockTempDS3231\arduino_due_x_dbg\Debug/core.a(syscalls_sam3.c.o)
                0x00085690                _fstat
 .text._isatty  0x0008569a        0x4 C:\Users\Alex\AppData\Local\Temp\VMBuilds\UTFT_Analog_ClockTempDS3231\arduino_due_x_dbg\Debug/core.a(syscalls_sam3.c.o)
                0x0008569a                _isatty
 .text._lseek   0x0008569e        0x4 C:\Users\Alex\AppData\Local\Temp\VMBuilds\UTFT_Analog_ClockTempDS3231\arduino_due_x_dbg\Debug/core.a(syscalls_sam3.c.o)
                0x0008569e                _lseek
 .text._read    0x000856a2        0x4 C:\Users\Alex\AppData\Local\Temp\VMBuilds\UTFT_Analog_ClockTempDS3231\arduino_due_x_dbg\Debug/core.a(syscalls_sam3.c.o)
                0x000856a2                _read
 *fill*         0x000856a6        0x2 
 .text._write   0x000856a8       0x24 C:\Users\Alex\AppData\Local\Temp\VMBuilds\UTFT_Analog_ClockTempDS3231\arduino_due_x_dbg\Debug/core.a(syscalls_sam3.c.o)
                0x000856a8                _write
 .text._exit    0x000856cc       0x10 C:\Users\Alex\AppData\Local\Temp\VMBuilds\UTFT_Analog_ClockTempDS3231\arduino_due_x_dbg\Debug/core.a(syscalls_sam3.c.o)
                0x000856cc                _exit
 .text._kill    0x000856dc        0x2 C:\Users\Alex\AppData\Local\Temp\VMBuilds\UTFT_Analog_ClockTempDS3231\arduino_due_x_dbg\Debug/core.a(syscalls_sam3.c.o)
                0x000856dc                _kill
 .text._getpid  0x000856de        0x6 C:\Users\Alex\AppData\Local\Temp\VMBuilds\UTFT_Analog_ClockTempDS3231\arduino_due_x_dbg\Debug/core.a(syscalls_sam3.c.o)
                0x000856de                _getpid
 .text.millis   0x000856e4        0x4 C:\Users\Alex\AppData\Local\Temp\VMBuilds\UTFT_Analog_ClockTempDS3231\arduino_due_x_dbg\Debug/core.a(wiring.c.o)
                0x000856e4                millis
 .text.delay    0x000856e8       0x1c C:\Users\Alex\AppData\Local\Temp\VMBuilds\UTFT_Analog_ClockTempDS3231\arduino_due_x_dbg\Debug/core.a(wiring.c.o)
                0x000856e8                delay
 .text.analogOutputInit
                0x00085704        0x2 C:\Users\Alex\AppData\Local\Temp\VMBuilds\UTFT_Analog_ClockTempDS3231\arduino_due_x_dbg\Debug/core.a(wiring_analog.c.o)
                0x00085704                analogOutputInit
 *fill*         0x00085706        0x2 
 .text.pinMode  0x00085708      0x108 C:\Users\Alex\AppData\Local\Temp\VMBuilds\UTFT_Analog_ClockTempDS3231\arduino_due_x_dbg\Debug/core.a(wiring_digital.c.o)
                0x00085708                pinMode
 .text.digitalWrite
                0x00085810       0x70 C:\Users\Alex\AppData\Local\Temp\VMBuilds\UTFT_Analog_ClockTempDS3231\arduino_due_x_dbg\Debug/core.a(wiring_digital.c.o)
                0x00085810                digitalWrite
 .text.digitalRead
                0x00085880       0x44 C:\Users\Alex\AppData\Local\Temp\VMBuilds\UTFT_Analog_ClockTempDS3231\arduino_due_x_dbg\Debug/core.a(wiring_digital.c.o)
                0x00085880                digitalRead
 .text.shiftOut
                0x000858c4       0x48 C:\Users\Alex\AppData\Local\Temp\VMBuilds\UTFT_Analog_ClockTempDS3231\arduino_due_x_dbg\Debug/core.a(wiring_shift.c.o)
                0x000858c4                shiftOut
 .text.initVariant
                0x0008590c        0x2 C:\Users\Alex\AppData\Local\Temp\VMBuilds\UTFT_Analog_ClockTempDS3231\arduino_due_x_dbg\Debug/core.a(main.cpp.o)
                0x0008590c                initVariant
 *fill*         0x0008590e        0x2 
 .text.startup.main
                0x00085910       0x38 C:\Users\Alex\AppData\Local\Temp\VMBuilds\UTFT_Analog_ClockTempDS3231\arduino_due_x_dbg\Debug/core.a(main.cpp.o)
                0x00085910                main
 .text._ZN5Print5writeEPKhj
                0x00085948       0x22 C:\Users\Alex\AppData\Local\Temp\VMBuilds\UTFT_Analog_ClockTempDS3231\arduino_due_x_dbg\Debug/core.a(Print.cpp.o)
                0x00085948                Print::write(unsigned char const*, unsigned int)
 .text._ZN5Print5printEmi.part.3
                0x0008596a        0xc C:\Users\Alex\AppData\Local\Temp\VMBuilds\UTFT_Analog_ClockTempDS3231\arduino_due_x_dbg\Debug/core.a(Print.cpp.o)
 .text._ZN5Print5writeEPKc
                0x00085976       0x1e C:\Users\Alex\AppData\Local\Temp\VMBuilds\UTFT_Analog_ClockTempDS3231\arduino_due_x_dbg\Debug/core.a(Print.cpp.o)
                0x00085976                Print::write(char const*)
 .text._ZN5Print5printEPKc
                0x00085994        0x8 C:\Users\Alex\AppData\Local\Temp\VMBuilds\UTFT_Analog_ClockTempDS3231\arduino_due_x_dbg\Debug/core.a(Print.cpp.o)
                0x00085994                Print::print(char const*)
 .text._ZN5Print7printlnEv
                0x0008599c       0x10 C:\Users\Alex\AppData\Local\Temp\VMBuilds\UTFT_Analog_ClockTempDS3231\arduino_due_x_dbg\Debug/core.a(Print.cpp.o)
                0x0008599c                Print::println()
 .text._ZN5Print7printlnEPKc
                0x000859ac       0x14 C:\Users\Alex\AppData\Local\Temp\VMBuilds\UTFT_Analog_ClockTempDS3231\arduino_due_x_dbg\Debug/core.a(Print.cpp.o)
                0x000859ac                Print::println(char const*)
 .text._ZN5Print11printNumberEmh
                0x000859c0       0x3e C:\Users\Alex\AppData\Local\Temp\VMBuilds\UTFT_Analog_ClockTempDS3231\arduino_due_x_dbg\Debug/core.a(Print.cpp.o)
                0x000859c0                Print::printNumber(unsigned long, unsigned char)
 .text._ZN5Print5printEmi
                0x000859fe        0xc C:\Users\Alex\AppData\Local\Temp\VMBuilds\UTFT_Analog_ClockTempDS3231\arduino_due_x_dbg\Debug/core.a(Print.cpp.o)
                0x000859fe                Print::print(unsigned long, int)
 .text._ZN5Print5printEhi
                0x00085a0a        0x4 C:\Users\Alex\AppData\Local\Temp\VMBuilds\UTFT_Analog_ClockTempDS3231\arduino_due_x_dbg\Debug/core.a(Print.cpp.o)
                0x00085a0a                Print::print(unsigned char, int)
 *fill*         0x00085a0e        0x2 
 .text.initiateReset
                0x00085a10        0xc C:\Users\Alex\AppData\Local\Temp\VMBuilds\UTFT_Analog_ClockTempDS3231\arduino_due_x_dbg\Debug/core.a(Reset.cpp.o)
                0x00085a10                initiateReset
 .text.cancelReset
                0x00085a1c       0x10 C:\Users\Alex\AppData\Local\Temp\VMBuilds\UTFT_Analog_ClockTempDS3231\arduino_due_x_dbg\Debug/core.a(Reset.cpp.o)
                0x00085a1c                cancelReset
 .text.tickReset
                0x00085a2c       0x20 C:\Users\Alex\AppData\Local\Temp\VMBuilds\UTFT_Analog_ClockTempDS3231\arduino_due_x_dbg\Debug/core.a(Reset.cpp.o)
                0x00085a2c                tickReset
 .text._ZN10RingBufferC2Ev
                0x00085a4c       0x1c C:\Users\Alex\AppData\Local\Temp\VMBuilds\UTFT_Analog_ClockTempDS3231\arduino_due_x_dbg\Debug/core.a(RingBuffer.cpp.o)
                0x00085a4c                RingBuffer::RingBuffer()
                0x00085a4c                RingBuffer::RingBuffer()
 .text._ZN10RingBuffer10store_charEh
                0x00085a68       0x1e C:\Users\Alex\AppData\Local\Temp\VMBuilds\UTFT_Analog_ClockTempDS3231\arduino_due_x_dbg\Debug/core.a(RingBuffer.cpp.o)
                0x00085a68                RingBuffer::store_char(unsigned char)
 .text._ZN9UARTClasscvbEv
                0x00085a86        0x4 C:\Users\Alex\AppData\Local\Temp\VMBuilds\UTFT_Analog_ClockTempDS3231\arduino_due_x_dbg\Debug/core.a(UARTClass.cpp.o)
                0x00085a86                UARTClass::operator bool()
 .text._ZN9UARTClass9availableEv
                0x00085a8a       0x12 C:\Users\Alex\AppData\Local\Temp\VMBuilds\UTFT_Analog_ClockTempDS3231\arduino_due_x_dbg\Debug/core.a(UARTClass.cpp.o)
                0x00085a8a                UARTClass::available()
 .text._ZN9UARTClass4peekEv
                0x00085a9c       0x1c C:\Users\Alex\AppData\Local\Temp\VMBuilds\UTFT_Analog_ClockTempDS3231\arduino_due_x_dbg\Debug/core.a(UARTClass.cpp.o)
                0x00085a9c                UARTClass::peek()
 .text._ZN9UARTClass4readEv
                0x00085ab8       0x2a C:\Users\Alex\AppData\Local\Temp\VMBuilds\UTFT_Analog_ClockTempDS3231\arduino_due_x_dbg\Debug/core.a(UARTClass.cpp.o)
                0x00085ab8                UARTClass::read()
 .text._ZN9UARTClass5flushEv
                0x00085ae2       0x18 C:\Users\Alex\AppData\Local\Temp\VMBuilds\UTFT_Analog_ClockTempDS3231\arduino_due_x_dbg\Debug/core.a(UARTClass.cpp.o)
                0x00085ae2                UARTClass::flush()
 *fill*         0x00085afa        0x2 
 .text._ZN9UARTClass5writeEh
                0x00085afc       0x58 C:\Users\Alex\AppData\Local\Temp\VMBuilds\UTFT_Analog_ClockTempDS3231\arduino_due_x_dbg\Debug/core.a(UARTClass.cpp.o)
                0x00085afc                UARTClass::write(unsigned char)
 .text._ZN9UARTClass3endEv
                0x00085b54       0x3c C:\Users\Alex\AppData\Local\Temp\VMBuilds\UTFT_Analog_ClockTempDS3231\arduino_due_x_dbg\Debug/core.a(UARTClass.cpp.o)
                0x00085b54                UARTClass::end()
 .text._ZN9UARTClassC2EP4Uart4IRQnmP10RingBufferS4_
                0x00085b90       0x24 C:\Users\Alex\AppData\Local\Temp\VMBuilds\UTFT_Analog_ClockTempDS3231\arduino_due_x_dbg\Debug/core.a(UARTClass.cpp.o)
                0x00085b90                UARTClass::UARTClass(Uart*, IRQn, unsigned long, RingBuffer*, RingBuffer*)
                0x00085b90                UARTClass::UARTClass(Uart*, IRQn, unsigned long, RingBuffer*, RingBuffer*)
 .text._ZN9UARTClass4initEmm
                0x00085bb4       0x70 C:\Users\Alex\AppData\Local\Temp\VMBuilds\UTFT_Analog_ClockTempDS3231\arduino_due_x_dbg\Debug/core.a(UARTClass.cpp.o)
                0x00085bb4                UARTClass::init(unsigned long, unsigned long)
 .text._ZN9UARTClass5beginEm
                0x00085c24        0x8 C:\Users\Alex\AppData\Local\Temp\VMBuilds\UTFT_Analog_ClockTempDS3231\arduino_due_x_dbg\Debug/core.a(UARTClass.cpp.o)
                0x00085c24                UARTClass::begin(unsigned long)
 .text._ZN9UARTClass10IrqHandlerEv
                0x00085c2c       0x5a C:\Users\Alex\AppData\Local\Temp\VMBuilds\UTFT_Analog_ClockTempDS3231\arduino_due_x_dbg\Debug/core.a(UARTClass.cpp.o)
                0x00085c2c                UARTClass::IrqHandler()
 .text._ZN10USARTClass5beginEm
                0x00085c86        0x8 C:\Users\Alex\AppData\Local\Temp\VMBuilds\UTFT_Analog_ClockTempDS3231\arduino_due_x_dbg\Debug/core.a(USARTClass.cpp.o)
                0x00085c86                USARTClass::begin(unsigned long)
 *fill*         0x00085c8e        0x2 
 .text._ZN10USARTClassC2EP5Usart4IRQnmP10RingBufferS4_
                0x00085c90       0x24 C:\Users\Alex\AppData\Local\Temp\VMBuilds\UTFT_Analog_ClockTempDS3231\arduino_due_x_dbg\Debug/core.a(USARTClass.cpp.o)
                0x00085c90                USARTClass::USARTClass(Usart*, IRQn, unsigned long, RingBuffer*, RingBuffer*)
                0x00085c90                USARTClass::USARTClass(Usart*, IRQn, unsigned long, RingBuffer*, RingBuffer*)
 .text._watchdogDefaultSetup
                0x00085cb4        0xc C:\Users\Alex\AppData\Local\Temp\VMBuilds\UTFT_Analog_ClockTempDS3231\arduino_due_x_dbg\Debug/core.a(watchdog.cpp.o)
                0x00085cb4                _watchdogDefaultSetup
                0x00085cb4                watchdogSetup()
 .text.unlikely._ZL11USB_SendZlpv
                0x00085cc0       0x20 C:\Users\Alex\AppData\Local\Temp\VMBuilds\UTFT_Analog_ClockTempDS3231\arduino_due_x_dbg\Debug/core.a(USBCore.cpp.o)
 .text._Z14USBD_Availablem
                0x00085ce0       0x2c C:\Users\Alex\AppData\Local\Temp\VMBuilds\UTFT_Analog_ClockTempDS3231\arduino_due_x_dbg\Debug/core.a(USBCore.cpp.o)
                0x00085ce0                USBD_Available(unsigned long)
 .text._Z9USBD_RecvmPvm
                0x00085d0c       0x7c C:\Users\Alex\AppData\Local\Temp\VMBuilds\UTFT_Analog_ClockTempDS3231\arduino_due_x_dbg\Debug/core.a(USBCore.cpp.o)
                0x00085d0c                USBD_Recv(unsigned long, void*, unsigned long)
 .text._Z9USBD_Recvm
                0x00085d88       0x22 C:\Users\Alex\AppData\Local\Temp\VMBuilds\UTFT_Analog_ClockTempDS3231\arduino_due_x_dbg\Debug/core.a(USBCore.cpp.o)
                0x00085d88                USBD_Recv(unsigned long)
 *fill*         0x00085daa        0x2 
 .text._Z9USBD_SendmPKvm
                0x00085dac       0x4c C:\Users\Alex\AppData\Local\Temp\VMBuilds\UTFT_Analog_ClockTempDS3231\arduino_due_x_dbg\Debug/core.a(USBCore.cpp.o)
                0x00085dac                USBD_Send(unsigned long, void const*, unsigned long)
 .text._Z16USBD_SendControlhPKvm
                0x00085df8       0x40 C:\Users\Alex\AppData\Local\Temp\VMBuilds\UTFT_Analog_ClockTempDS3231\arduino_due_x_dbg\Debug/core.a(USBCore.cpp.o)
                0x00085df8                USBD_SendControl(unsigned char, void const*, unsigned long)
 .text.unlikely._ZL24USB_SendStringDescriptorPKhi
                0x00085e38       0x64 C:\Users\Alex\AppData\Local\Temp\VMBuilds\UTFT_Analog_ClockTempDS3231\arduino_due_x_dbg\Debug/core.a(USBCore.cpp.o)
 .text._Z16USBD_RecvControlPvm
                0x00085e9c       0x1c C:\Users\Alex\AppData\Local\Temp\VMBuilds\UTFT_Analog_ClockTempDS3231\arduino_due_x_dbg\Debug/core.a(USBCore.cpp.o)
                0x00085e9c                USBD_RecvControl(void*, unsigned long)
 .text._Z26USBD_ClassInterfaceRequestR8USBSetup
                0x00085eb8       0x1e C:\Users\Alex\AppData\Local\Temp\VMBuilds\UTFT_Analog_ClockTempDS3231\arduino_due_x_dbg\Debug/core.a(USBCore.cpp.o)
                0x00085eb8                USBD_ClassInterfaceRequest(USBSetup&)
 .text._Z19USBD_SendInterfacesv
                0x00085ed6       0x22 C:\Users\Alex\AppData\Local\Temp\VMBuilds\UTFT_Analog_ClockTempDS3231\arduino_due_x_dbg\Debug/core.a(USBCore.cpp.o)
                0x00085ed6                USBD_SendInterfaces()
 .text._Z24USBD_SendOtherInterfacesv
                0x00085ef8       0x22 C:\Users\Alex\AppData\Local\Temp\VMBuilds\UTFT_Analog_ClockTempDS3231\arduino_due_x_dbg\Debug/core.a(USBCore.cpp.o)
                0x00085ef8                USBD_SendOtherInterfaces()
 .text._Z10USBD_Flushm
                0x00085f1a       0x16 C:\Users\Alex\AppData\Local\Temp\VMBuilds\UTFT_Analog_ClockTempDS3231\arduino_due_x_dbg\Debug/core.a(USBCore.cpp.o)
                0x00085f1a                USBD_Flush(unsigned long)
 .text._ZN10USBDevice_C2Ev
                0x00085f30       0x24 C:\Users\Alex\AppData\Local\Temp\VMBuilds\UTFT_Analog_ClockTempDS3231\arduino_due_x_dbg\Debug/core.a(USBCore.cpp.o)
                0x00085f30                USBDevice_::USBDevice_()
                0x00085f30                USBDevice_::USBDevice_()
 .text._ZN10USBDevice_6attachEv
                0x00085f54       0x20 C:\Users\Alex\AppData\Local\Temp\VMBuilds\UTFT_Analog_ClockTempDS3231\arduino_due_x_dbg\Debug/core.a(USBCore.cpp.o)
                0x00085f54                USBDevice_::attach()
 .text.startup._GLOBAL__sub_I_EndPoints
                0x00085f74        0xc C:\Users\Alex\AppData\Local\Temp\VMBuilds\UTFT_Analog_ClockTempDS3231\arduino_due_x_dbg\Debug/core.a(USBCore.cpp.o)
 .text._ZL7USB_ISRv
                0x00085f80      0x454 C:\Users\Alex\AppData\Local\Temp\VMBuilds\UTFT_Analog_ClockTempDS3231\arduino_due_x_dbg\Debug/core.a(USBCore.cpp.o)
 .text._ZN7Serial_9availableEv
                0x000863d4       0x18 C:\Users\Alex\AppData\Local\Temp\VMBuilds\UTFT_Analog_ClockTempDS3231\arduino_due_x_dbg\Debug/core.a(CDC.cpp.o)
                0x000863d4                Serial_::available()
 .text._ZN7Serial_17availableForWriteEv
                0x000863ec        0x6 C:\Users\Alex\AppData\Local\Temp\VMBuilds\UTFT_Analog_ClockTempDS3231\arduino_due_x_dbg\Debug/core.a(CDC.cpp.o)
                0x000863ec                Serial_::availableForWrite()
 *fill*         0x000863f2        0x2 
 .text._ZN7Serial_4peekEv
                0x000863f4       0x20 C:\Users\Alex\AppData\Local\Temp\VMBuilds\UTFT_Analog_ClockTempDS3231\arduino_due_x_dbg\Debug/core.a(CDC.cpp.o)
                0x000863f4                Serial_::peek()
 .text._ZN7Serial_5writeEh
                0x00086414       0x16 C:\Users\Alex\AppData\Local\Temp\VMBuilds\UTFT_Analog_ClockTempDS3231\arduino_due_x_dbg\Debug/core.a(CDC.cpp.o)
                0x00086414                Serial_::write(unsigned char)
 *fill*         0x0008642a        0x2 
 .text._ZN7Serial_4readEv
                0x0008642c       0x44 C:\Users\Alex\AppData\Local\Temp\VMBuilds\UTFT_Analog_ClockTempDS3231\arduino_due_x_dbg\Debug/core.a(CDC.cpp.o)
                0x0008642c                Serial_::read()
 .text._ZN7Serial_5flushEv
                0x00086470        0x6 C:\Users\Alex\AppData\Local\Temp\VMBuilds\UTFT_Analog_ClockTempDS3231\arduino_due_x_dbg\Debug/core.a(CDC.cpp.o)
                0x00086470                Serial_::flush()
 *fill*         0x00086476        0x2 
 .text._ZN7Serial_6acceptEv
                0x00086478       0x70 C:\Users\Alex\AppData\Local\Temp\VMBuilds\UTFT_Analog_ClockTempDS3231\arduino_due_x_dbg\Debug/core.a(CDC.cpp.o)
                0x00086478                Serial_::accept()
 .text._ZN7Serial_5writeEPKhj
                0x000864e8       0x2c C:\Users\Alex\AppData\Local\Temp\VMBuilds\UTFT_Analog_ClockTempDS3231\arduino_due_x_dbg\Debug/core.a(CDC.cpp.o)
                0x000864e8                Serial_::write(unsigned char const*, unsigned int)
 .text._Z16CDC_GetInterfacePh
                0x00086514       0x14 C:\Users\Alex\AppData\Local\Temp\VMBuilds\UTFT_Analog_ClockTempDS3231\arduino_due_x_dbg\Debug/core.a(CDC.cpp.o)
                0x00086514                CDC_GetInterface(unsigned char*)
 .text._Z21CDC_GetOtherInterfacePh
                0x00086528       0x14 C:\Users\Alex\AppData\Local\Temp\VMBuilds\UTFT_Analog_ClockTempDS3231\arduino_due_x_dbg\Debug/core.a(CDC.cpp.o)
                0x00086528                CDC_GetOtherInterface(unsigned char*)
 .text._Z9CDC_SetupR8USBSetup
                0x0008653c       0x78 C:\Users\Alex\AppData\Local\Temp\VMBuilds\UTFT_Analog_ClockTempDS3231\arduino_due_x_dbg\Debug/core.a(CDC.cpp.o)
                0x0008653c                CDC_Setup(USBSetup&)
 .text.startup._GLOBAL__sub_I_cdc_rx_buffer
                0x000865b4       0x1c C:\Users\Alex\AppData\Local\Temp\VMBuilds\UTFT_Analog_ClockTempDS3231\arduino_due_x_dbg\Debug/core.a(CDC.cpp.o)
 .text._ZN13PluggableUSB_12getInterfaceEPh
                0x000865d0       0x28 C:\Users\Alex\AppData\Local\Temp\VMBuilds\UTFT_Analog_ClockTempDS3231\arduino_due_x_dbg\Debug/core.a(PluggableUSB.cpp.o)
                0x000865d0                PluggableUSB_::getInterface(unsigned char*)
 .text._ZN13PluggableUSB_13getDescriptorER8USBSetup
                0x000865f8       0x1c C:\Users\Alex\AppData\Local\Temp\VMBuilds\UTFT_Analog_ClockTempDS3231\arduino_due_x_dbg\Debug/core.a(PluggableUSB.cpp.o)
                0x000865f8                PluggableUSB_::getDescriptor(USBSetup&)
 .text._ZN13PluggableUSB_12getShortNameEPc
                0x00086614       0x1c C:\Users\Alex\AppData\Local\Temp\VMBuilds\UTFT_Analog_ClockTempDS3231\arduino_due_x_dbg\Debug/core.a(PluggableUSB.cpp.o)
                0x00086614                PluggableUSB_::getShortName(char*)
 .text._ZN13PluggableUSB_5setupER8USBSetup
                0x00086630       0x20 C:\Users\Alex\AppData\Local\Temp\VMBuilds\UTFT_Analog_ClockTempDS3231\arduino_due_x_dbg\Debug/core.a(PluggableUSB.cpp.o)
                0x00086630                PluggableUSB_::setup(USBSetup&)
 .text._Z12PluggableUSBv
                0x00086650       0x28 C:\Users\Alex\AppData\Local\Temp\VMBuilds\UTFT_Analog_ClockTempDS3231\arduino_due_x_dbg\Debug/core.a(PluggableUSB.cpp.o)
                0x00086650                PluggableUSB()
 .text.TimeTick_Increment
                0x00086678       0x10 C:\Users\Alex\AppData\Local\arduino15\packages\arduino\hardware\sam\1.6.11\variants\arduino_due_x/libsam_sam3x8e_gcc_rel.a(timetick.o)
                0x00086678                TimeTick_Increment
 .text.GetTickCount
                0x00086688        0xc C:\Users\Alex\AppData\Local\arduino15\packages\arduino\hardware\sam\1.6.11\variants\arduino_due_x/libsam_sam3x8e_gcc_rel.a(timetick.o)
                0x00086688                GetTickCount
 .text.WDT_Disable
                0x00086694        0x8 C:\Users\Alex\AppData\Local\arduino15\packages\arduino\hardware\sam\1.6.11\variants\arduino_due_x/libsam_sam3x8e_gcc_rel.a(wdt.o)
                0x00086694                WDT_Disable
 .text.UDD_SetStack
                0x0008669c        0xc C:\Users\Alex\AppData\Local\arduino15\packages\arduino\hardware\sam\1.6.11\variants\arduino_due_x/libsam_sam3x8e_gcc_rel.a(uotghs_device.o)
                0x0008669c                UDD_SetStack
 .text.UDD_Init
                0x000866a8       0xd0 C:\Users\Alex\AppData\Local\arduino15\packages\arduino\hardware\sam\1.6.11\variants\arduino_due_x/libsam_sam3x8e_gcc_rel.a(uotghs_device.o)
                0x000866a8                UDD_Init
 .text.UDD_Attach
                0x00086778       0x50 C:\Users\Alex\AppData\Local\arduino15\packages\arduino\hardware\sam\1.6.11\variants\arduino_due_x/libsam_sam3x8e_gcc_rel.a(uotghs_device.o)
                0x00086778                UDD_Attach
 .text.UDD_InitEP
                0x000867c8       0x2c C:\Users\Alex\AppData\Local\arduino15\packages\arduino\hardware\sam\1.6.11\variants\arduino_due_x/libsam_sam3x8e_gcc_rel.a(uotghs_device.o)
                0x000867c8                UDD_InitEP
 .text.UDD_InitEndpoints
                0x000867f4       0x3c C:\Users\Alex\AppData\Local\arduino15\packages\arduino\hardware\sam\1.6.11\variants\arduino_due_x/libsam_sam3x8e_gcc_rel.a(uotghs_device.o)
                0x000867f4                UDD_InitEndpoints
 .text.UDD_WaitIN
                0x00086830       0x10 C:\Users\Alex\AppData\Local\arduino15\packages\arduino\hardware\sam\1.6.11\variants\arduino_due_x/libsam_sam3x8e_gcc_rel.a(uotghs_device.o)
                0x00086830                UDD_WaitIN
 .text.UDD_WaitOUT
                0x00086840       0x10 C:\Users\Alex\AppData\Local\arduino15\packages\arduino\hardware\sam\1.6.11\variants\arduino_due_x/libsam_sam3x8e_gcc_rel.a(uotghs_device.o)
                0x00086840                UDD_WaitOUT
 .text.UDD_ClearIN
                0x00086850       0x18 C:\Users\Alex\AppData\Local\arduino15\packages\arduino\hardware\sam\1.6.11\variants\arduino_due_x/libsam_sam3x8e_gcc_rel.a(uotghs_device.o)
                0x00086850                UDD_ClearIN
 .text.UDD_ClearOUT
                0x00086868       0x18 C:\Users\Alex\AppData\Local\arduino15\packages\arduino\hardware\sam\1.6.11\variants\arduino_due_x/libsam_sam3x8e_gcc_rel.a(uotghs_device.o)
                0x00086868                UDD_ClearOUT
 .text.UDD_ReceivedSetupInt
                0x00086880       0x10 C:\Users\Alex\AppData\Local\arduino15\packages\arduino\hardware\sam\1.6.11\variants\arduino_due_x/libsam_sam3x8e_gcc_rel.a(uotghs_device.o)
                0x00086880                UDD_ReceivedSetupInt
 .text.UDD_ClearSetupInt
                0x00086890       0x10 C:\Users\Alex\AppData\Local\arduino15\packages\arduino\hardware\sam\1.6.11\variants\arduino_due_x/libsam_sam3x8e_gcc_rel.a(uotghs_device.o)
                0x00086890                UDD_ClearSetupInt
 .text.UDD_Send
                0x000868a0       0x88 C:\Users\Alex\AppData\Local\arduino15\packages\arduino\hardware\sam\1.6.11\variants\arduino_due_x/libsam_sam3x8e_gcc_rel.a(uotghs_device.o)
                0x000868a0                UDD_Send
 .text.UDD_Send8
                0x00086928       0x24 C:\Users\Alex\AppData\Local\arduino15\packages\arduino\hardware\sam\1.6.11\variants\arduino_due_x/libsam_sam3x8e_gcc_rel.a(uotghs_device.o)
                0x00086928                UDD_Send8
 .text.UDD_Recv8
                0x0008694c       0x28 C:\Users\Alex\AppData\Local\arduino15\packages\arduino\hardware\sam\1.6.11\variants\arduino_due_x/libsam_sam3x8e_gcc_rel.a(uotghs_device.o)
                0x0008694c                UDD_Recv8
 .text.UDD_Recv
                0x00086974       0x34 C:\Users\Alex\AppData\Local\arduino15\packages\arduino\hardware\sam\1.6.11\variants\arduino_due_x/libsam_sam3x8e_gcc_rel.a(uotghs_device.o)
                0x00086974                UDD_Recv
 .text.UDD_Stall
                0x000869a8       0x14 C:\Users\Alex\AppData\Local\arduino15\packages\arduino\hardware\sam\1.6.11\variants\arduino_due_x/libsam_sam3x8e_gcc_rel.a(uotghs_device.o)
                0x000869a8                UDD_Stall
 .text.UDD_FifoByteCount
                0x000869bc       0x14 C:\Users\Alex\AppData\Local\arduino15\packages\arduino\hardware\sam\1.6.11\variants\arduino_due_x/libsam_sam3x8e_gcc_rel.a(uotghs_device.o)
                0x000869bc                UDD_FifoByteCount
 .text.UDD_ReleaseRX
                0x000869d0       0x28 C:\Users\Alex\AppData\Local\arduino15\packages\arduino\hardware\sam\1.6.11\variants\arduino_due_x/libsam_sam3x8e_gcc_rel.a(uotghs_device.o)
                0x000869d0                UDD_ReleaseRX
 .text.UDD_ReleaseTX
                0x000869f8       0x28 C:\Users\Alex\AppData\Local\arduino15\packages\arduino\hardware\sam\1.6.11\variants\arduino_due_x/libsam_sam3x8e_gcc_rel.a(uotghs_device.o)
                0x000869f8                UDD_ReleaseTX
 .text.UDD_SetAddress
                0x00086a20       0x20 C:\Users\Alex\AppData\Local\arduino15\packages\arduino\hardware\sam\1.6.11\variants\arduino_due_x/libsam_sam3x8e_gcc_rel.a(uotghs_device.o)
                0x00086a20                UDD_SetAddress
 .text.cos      0x00086a40       0x8c c:/users/alex/appdata/local/arduino15/packages/arduino/tools/arm-none-eabi-gcc/4.8.3-2014q1/bin/../lib/gcc/arm-none-eabi/4.8.3/../../../../arm-none-eabi/lib/armv7-m\libm.a(lib_a-s_cos.o)
                0x00086a40                cos
 .text.__fpclassifyd
                0x00086acc       0x50 c:/users/alex/appdata/local/arduino15/packages/arduino/tools/arm-none-eabi-gcc/4.8.3-2014q1/bin/../lib/gcc/arm-none-eabi/4.8.3/../../../../arm-none-eabi/lib/armv7-m\libm.a(lib_a-s_fpclassify.o)
                0x00086acc                __fpclassifyd
 .text.sin      0x00086b1c       0x94 c:/users/alex/appdata/local/arduino15/packages/arduino/tools/arm-none-eabi-gcc/4.8.3-2014q1/bin/../lib/gcc/arm-none-eabi/4.8.3/../../../../arm-none-eabi/lib/armv7-m\libm.a(lib_a-s_sin.o)
                0x00086b1c                sin
 .text.__ieee754_rem_pio2
                0x00086bb0      0x440 c:/users/alex/appdata/local/arduino15/packages/arduino/tools/arm-none-eabi-gcc/4.8.3-2014q1/bin/../lib/gcc/arm-none-eabi/4.8.3/../../../../arm-none-eabi/lib/armv7-m\libm.a(lib_a-e_rem_pio2.o)
                0x00086bb0                __ieee754_rem_pio2
 .text.__kernel_cos
                0x00086ff0      0x248 c:/users/alex/appdata/local/arduino15/packages/arduino/tools/arm-none-eabi-gcc/4.8.3-2014q1/bin/../lib/gcc/arm-none-eabi/4.8.3/../../../../arm-none-eabi/lib/armv7-m\libm.a(lib_a-k_cos.o)
                0x00086ff0                __kernel_cos
 .text.__kernel_rem_pio2
                0x00087238      0x7bc c:/users/alex/appdata/local/arduino15/packages/arduino/tools/arm-none-eabi-gcc/4.8.3-2014q1/bin/../lib/gcc/arm-none-eabi/4.8.3/../../../../arm-none-eabi/lib/armv7-m\libm.a(lib_a-k_rem_pio2.o)
                0x00087238                __kernel_rem_pio2
 *fill*         0x000879f4        0x4 
 .text.__kernel_sin
                0x000879f8      0x170 c:/users/alex/appdata/local/arduino15/packages/arduino/tools/arm-none-eabi-gcc/4.8.3-2014q1/bin/../lib/gcc/arm-none-eabi/4.8.3/../../../../arm-none-eabi/lib/armv7-m\libm.a(lib_a-k_sin.o)
                0x000879f8                __kernel_sin
 .text.fabs     0x00087b68        0x8 c:/users/alex/appdata/local/arduino15/packages/arduino/tools/arm-none-eabi-gcc/4.8.3-2014q1/bin/../lib/gcc/arm-none-eabi/4.8.3/../../../../arm-none-eabi/lib/armv7-m\libm.a(lib_a-s_fabs.o)
                0x00087b68                fabs
 .text.floor    0x00087b70      0x120 c:/users/alex/appdata/local/arduino15/packages/arduino/tools/arm-none-eabi-gcc/4.8.3-2014q1/bin/../lib/gcc/arm-none-eabi/4.8.3/../../../../arm-none-eabi/lib/armv7-m\libm.a(lib_a-s_floor.o)
                0x00087b70                floor
 .text.scalbn   0x00087c90      0x100 c:/users/alex/appdata/local/arduino15/packages/arduino/tools/arm-none-eabi-gcc/4.8.3-2014q1/bin/../lib/gcc/arm-none-eabi/4.8.3/../../../../arm-none-eabi/lib/armv7-m\libm.a(lib_a-s_scalbn.o)
                0x00087c90                scalbn
 .text.copysign
                0x00087d90       0x14 c:/users/alex/appdata/local/arduino15/packages/arduino/tools/arm-none-eabi-gcc/4.8.3-2014q1/bin/../lib/gcc/arm-none-eabi/4.8.3/../../../../arm-none-eabi/lib/armv7-m\libm.a(lib_a-s_copysign.o)
                0x00087d90                copysign
 .text          0x00087da4      0x370 c:/users/alex/appdata/local/arduino15/packages/arduino/tools/arm-none-eabi-gcc/4.8.3-2014q1/bin/../lib/gcc/arm-none-eabi/4.8.3/armv7-m\libgcc.a(_arm_addsubdf3.o)
                0x00087da4                __aeabi_drsub
                0x00087dac                __aeabi_dsub
                0x00087dac                __subdf3
                0x00087db0                __aeabi_dadd
                0x00087db0                __adddf3
                0x00088028                __floatunsidf
                0x00088028                __aeabi_ui2d
                0x00088048                __floatsidf
                0x00088048                __aeabi_i2d
                0x0008806c                __aeabi_f2d
                0x0008806c                __extendsfdf2
                0x000880a8                __floatundidf
                0x000880a8                __aeabi_ul2d
                0x000880b8                __floatdidf
                0x000880b8                __aeabi_l2d
 .text          0x00088114      0x424 c:/users/alex/appdata/local/arduino15/packages/arduino/tools/arm-none-eabi-gcc/4.8.3-2014q1/bin/../lib/gcc/arm-none-eabi/4.8.3/armv7-m\libgcc.a(_arm_muldivdf3.o)
                0x00088114                __aeabi_dmul
                0x00088114                __muldf3
                0x00088368                __divdf3
                0x00088368                __aeabi_ddiv
 .text          0x00088538      0x110 c:/users/alex/appdata/local/arduino15/packages/arduino/tools/arm-none-eabi-gcc/4.8.3-2014q1/bin/../lib/gcc/arm-none-eabi/4.8.3/armv7-m\libgcc.a(_arm_cmpdf2.o)
                0x00088538                __gtdf2
                0x00088538                __gedf2
                0x00088540                __ltdf2
                0x00088540                __ledf2
                0x00088548                __nedf2
                0x00088548                __eqdf2
                0x00088548                __cmpdf2
                0x000885c4                __aeabi_cdrcmple
                0x000885d4                __aeabi_cdcmpeq
                0x000885d4                __aeabi_cdcmple
                0x000885e4                __aeabi_dcmpeq
                0x000885f8                __aeabi_dcmplt
                0x0008860c                __aeabi_dcmple
                0x00088620                __aeabi_dcmpge
                0x00088634                __aeabi_dcmpgt
 .text          0x00088648       0x50 c:/users/alex/appdata/local/arduino15/packages/arduino/tools/arm-none-eabi-gcc/4.8.3-2014q1/bin/../lib/gcc/arm-none-eabi/4.8.3/armv7-m\libgcc.a(_arm_fixdfsi.o)
                0x00088648                __aeabi_d2iz
                0x00088648                __fixdfsi
 .text          0x00088698       0xa0 c:/users/alex/appdata/local/arduino15/packages/arduino/tools/arm-none-eabi-gcc/4.8.3-2014q1/bin/../lib/gcc/arm-none-eabi/4.8.3/armv7-m\libgcc.a(_arm_truncdfsf2.o)
                0x00088698                __truncdfsf2
                0x00088698                __aeabi_d2f
 .text          0x00088738      0x21c c:/users/alex/appdata/local/arduino15/packages/arduino/tools/arm-none-eabi-gcc/4.8.3-2014q1/bin/../lib/gcc/arm-none-eabi/4.8.3/armv7-m\libgcc.a(_arm_addsubsf3.o)
                0x00088738                __aeabi_frsub
                0x00088740                __subsf3
                0x00088740                __aeabi_fsub
                0x00088744                __aeabi_fadd
                0x00088744                __addsf3
                0x000888a4                __aeabi_ui2f
                0x000888a4                __floatunsisf
                0x000888ac                __aeabi_i2f
                0x000888ac                __floatsisf
                0x000888c8                __aeabi_ul2f
                0x000888c8                __floatundisf
                0x000888d8                __aeabi_l2f
                0x000888d8                __floatdisf
 .text          0x00088954      0x2a0 c:/users/alex/appdata/local/arduino15/packages/arduino/tools/arm-none-eabi-gcc/4.8.3-2014q1/bin/../lib/gcc/arm-none-eabi/4.8.3/armv7-m\libgcc.a(_arm_muldivsf3.o)
                0x00088954                __mulsf3
                0x00088954                __aeabi_fmul
                0x00088abc                __aeabi_fdiv
                0x00088abc                __divsf3
 .text          0x00088bf4       0x4c c:/users/alex/appdata/local/arduino15/packages/arduino/tools/arm-none-eabi-gcc/4.8.3-2014q1/bin/../lib/gcc/arm-none-eabi/4.8.3/armv7-m\libgcc.a(_arm_fixsfsi.o)
                0x00088bf4                __aeabi_f2iz
                0x00088bf4                __fixsfsi
 .text.__libc_init_array
                0x00088c40       0x50 c:/users/alex/appdata/local/arduino15/packages/arduino/tools/arm-none-eabi-gcc/4.8.3-2014q1/bin/../lib/gcc/arm-none-eabi/4.8.3/../../../../arm-none-eabi/lib/armv7-m\libg.a(lib_a-init.o)
                0x00088c40                __libc_init_array
 .text.iprintf  0x00088c90       0x28 c:/users/alex/appdata/local/arduino15/packages/arduino/tools/arm-none-eabi-gcc/4.8.3-2014q1/bin/../lib/gcc/arm-none-eabi/4.8.3/../../../../arm-none-eabi/lib/armv7-m\libg.a(lib_a-iprintf.o)
                0x00088c90                iprintf
 .text.malloc   0x00088cb8       0x10 c:/users/alex/appdata/local/arduino15/packages/arduino/tools/arm-none-eabi-gcc/4.8.3-2014q1/bin/../lib/gcc/arm-none-eabi/4.8.3/../../../../arm-none-eabi/lib/armv7-m\libg.a(lib_a-malloc.o)
                0x00088cb8                malloc
 .text._malloc_r
                0x00088cc8      0x538 c:/users/alex/appdata/local/arduino15/packages/arduino/tools/arm-none-eabi-gcc/4.8.3-2014q1/bin/../lib/gcc/arm-none-eabi/4.8.3/../../../../arm-none-eabi/lib/armv7-m\libg.a(lib_a-mallocr.o)
                0x00088cc8                _malloc_r
 .text          0x00089200       0xec c:/users/alex/appdata/local/arduino15/packages/arduino/tools/arm-none-eabi-gcc/4.8.3-2014q1/bin/../lib/gcc/arm-none-eabi/4.8.3/../../../../arm-none-eabi/lib/armv7-m\libg.a(lib_a-memcpy.o)
                0x00089200                memcpy
 .text.memmove  0x000892ec       0xcc c:/users/alex/appdata/local/arduino15/packages/arduino/tools/arm-none-eabi-gcc/4.8.3-2014q1/bin/../lib/gcc/arm-none-eabi/4.8.3/../../../../arm-none-eabi/lib/armv7-m\libg.a(lib_a-memmove.o)
                0x000892ec                memmove
 .text.memset   0x000893b8       0x94 c:/users/alex/appdata/local/arduino15/packages/arduino/tools/arm-none-eabi-gcc/4.8.3-2014q1/bin/../lib/gcc/arm-none-eabi/4.8.3/../../../../arm-none-eabi/lib/armv7-m\libg.a(lib_a-memset.o)
                0x000893b8                memset
 .text.__malloc_lock
                0x0008944c        0x4 c:/users/alex/appdata/local/arduino15/packages/arduino/tools/arm-none-eabi-gcc/4.8.3-2014q1/bin/../lib/gcc/arm-none-eabi/4.8.3/../../../../arm-none-eabi/lib/armv7-m\libg.a(lib_a-mlock.o)
                0x0008944c                __malloc_lock
 .text.__malloc_unlock
                0x00089450        0x4 c:/users/alex/appdata/local/arduino15/packages/arduino/tools/arm-none-eabi-gcc/4.8.3-2014q1/bin/../lib/gcc/arm-none-eabi/4.8.3/../../../../arm-none-eabi/lib/armv7-m\libg.a(lib_a-mlock.o)
                0x00089450                __malloc_unlock
 .text._realloc_r
                0x00089454      0x3c0 c:/users/alex/appdata/local/arduino15/packages/arduino/tools/arm-none-eabi-gcc/4.8.3-2014q1/bin/../lib/gcc/arm-none-eabi/4.8.3/../../../../arm-none-eabi/lib/armv7-m\libg.a(lib_a-reallocr.o)
                0x00089454                _realloc_r
 .text._sbrk_r  0x00089814       0x24 c:/users/alex/appdata/local/arduino15/packages/arduino/tools/arm-none-eabi-gcc/4.8.3-2014q1/bin/../lib/gcc/arm-none-eabi/4.8.3/../../../../arm-none-eabi/lib/armv7-m\libg.a(lib_a-sbrkr.o)
                0x00089814                _sbrk_r
 .text.sprintf  0x00089838       0x4c c:/users/alex/appdata/local/arduino15/packages/arduino/tools/arm-none-eabi-gcc/4.8.3-2014q1/bin/../lib/gcc/arm-none-eabi/4.8.3/../../../../arm-none-eabi/lib/armv7-m\libg.a(lib_a-sprintf.o)
                0x00089838                sprintf
 .text.strlen   0x00089884       0x60 c:/users/alex/appdata/local/arduino15/packages/arduino/tools/arm-none-eabi-gcc/4.8.3-2014q1/bin/../lib/gcc/arm-none-eabi/4.8.3/../../../../arm-none-eabi/lib/armv7-m\libg.a(lib_a-strlen.o)
                0x00089884                strlen
 .text._svfprintf_r
                0x000898e4     0x14e0 c:/users/alex/appdata/local/arduino15/packages/arduino/tools/arm-none-eabi-gcc/4.8.3-2014q1/bin/../lib/gcc/arm-none-eabi/4.8.3/../../../../arm-none-eabi/lib/armv7-m\libg.a(lib_a-svfprintf.o)
                0x000898e4                _svfprintf_r
 .text.kill     0x0008adc4       0x10 c:/users/alex/appdata/local/arduino15/packages/arduino/tools/arm-none-eabi-gcc/4.8.3-2014q1/bin/../lib/gcc/arm-none-eabi/4.8.3/../../../../arm-none-eabi/lib/armv7-m\libg.a(lib_a-syskill.o)
                0x0008adc4                kill
 .text.__sprint_r.part.0
                0x0008add4       0x78 c:/users/alex/appdata/local/arduino15/packages/arduino/tools/arm-none-eabi-gcc/4.8.3-2014q1/bin/../lib/gcc/arm-none-eabi/4.8.3/../../../../arm-none-eabi/lib/armv7-m\libg.a(lib_a-vfiprintf.o)
 .text._vfiprintf_r
                0x0008ae4c      0xc54 c:/users/alex/appdata/local/arduino15/packages/arduino/tools/arm-none-eabi-gcc/4.8.3-2014q1/bin/../lib/gcc/arm-none-eabi/4.8.3/../../../../arm-none-eabi/lib/armv7-m\libg.a(lib_a-vfiprintf.o)
                0x0008ae4c                _vfiprintf_r
 .text.__sbprintf
                0x0008baa0       0x7c c:/users/alex/appdata/local/arduino15/packages/arduino/tools/arm-none-eabi-gcc/4.8.3-2014q1/bin/../lib/gcc/arm-none-eabi/4.8.3/../../../../arm-none-eabi/lib/armv7-m\libg.a(lib_a-vfiprintf.o)
 .text.__swsetup_r
                0x0008bb1c       0xc4 c:/users/alex/appdata/local/arduino15/packages/arduino/tools/arm-none-eabi-gcc/4.8.3-2014q1/bin/../lib/gcc/arm-none-eabi/4.8.3/../../../../arm-none-eabi/lib/armv7-m\libg.a(lib_a-wsetup.o)
                0x0008bb1c                __swsetup_r
 .text.startup.register_fini
                0x0008bbe0       0x14 c:/users/alex/appdata/local/arduino15/packages/arduino/tools/arm-none-eabi-gcc/4.8.3-2014q1/bin/../lib/gcc/arm-none-eabi/4.8.3/../../../../arm-none-eabi/lib/armv7-m\libg.a(lib_a-__call_atexit.o)
 .text.atexit   0x0008bbf4        0xc c:/users/alex/appdata/local/arduino15/packages/arduino/tools/arm-none-eabi-gcc/4.8.3-2014q1/bin/../lib/gcc/arm-none-eabi/4.8.3/../../../../arm-none-eabi/lib/armv7-m\libg.a(lib_a-atexit.o)
                0x0008bbf4                atexit
 .text.quorem   0x0008bc00      0x134 c:/users/alex/appdata/local/arduino15/packages/arduino/tools/arm-none-eabi-gcc/4.8.3-2014q1/bin/../lib/gcc/arm-none-eabi/4.8.3/../../../../arm-none-eabi/lib/armv7-m\libg.a(lib_a-dtoa.o)
 *fill*         0x0008bd34        0x4 
 .text._dtoa_r  0x0008bd38      0xe38 c:/users/alex/appdata/local/arduino15/packages/arduino/tools/arm-none-eabi-gcc/4.8.3-2014q1/bin/../lib/gcc/arm-none-eabi/4.8.3/../../../../arm-none-eabi/lib/armv7-m\libg.a(lib_a-dtoa.o)
                0x0008bd38                _dtoa_r
 .text.__sflush_r
                0x0008cb70      0x148 c:/users/alex/appdata/local/arduino15/packages/arduino/tools/arm-none-eabi-gcc/4.8.3-2014q1/bin/../lib/gcc/arm-none-eabi/4.8.3/../../../../arm-none-eabi/lib/armv7-m\libg.a(lib_a-fflush.o)
                0x0008cb70                __sflush_r
 .text._fflush_r
                0x0008ccb8       0x2c c:/users/alex/appdata/local/arduino15/packages/arduino/tools/arm-none-eabi-gcc/4.8.3-2014q1/bin/../lib/gcc/arm-none-eabi/4.8.3/../../../../arm-none-eabi/lib/armv7-m\libg.a(lib_a-fflush.o)
                0x0008ccb8                _fflush_r
 .text._cleanup_r
                0x0008cce4        0xc c:/users/alex/appdata/local/arduino15/packages/arduino/tools/arm-none-eabi-gcc/4.8.3-2014q1/bin/../lib/gcc/arm-none-eabi/4.8.3/../../../../arm-none-eabi/lib/armv7-m\libg.a(lib_a-findfp.o)
                0x0008cce4                _cleanup_r
 .text.__sinit  0x0008ccf0       0xf4 c:/users/alex/appdata/local/arduino15/packages/arduino/tools/arm-none-eabi-gcc/4.8.3-2014q1/bin/../lib/gcc/arm-none-eabi/4.8.3/../../../../arm-none-eabi/lib/armv7-m\libg.a(lib_a-findfp.o)
                0x0008ccf0                __sinit
 .text.__sfp_lock_acquire
                0x0008cde4        0x4 c:/users/alex/appdata/local/arduino15/packages/arduino/tools/arm-none-eabi-gcc/4.8.3-2014q1/bin/../lib/gcc/arm-none-eabi/4.8.3/../../../../arm-none-eabi/lib/armv7-m\libg.a(lib_a-findfp.o)
                0x0008cde4                __sfp_lock_acquire
 .text.__sfp_lock_release
                0x0008cde8        0x4 c:/users/alex/appdata/local/arduino15/packages/arduino/tools/arm-none-eabi-gcc/4.8.3-2014q1/bin/../lib/gcc/arm-none-eabi/4.8.3/../../../../arm-none-eabi/lib/armv7-m\libg.a(lib_a-findfp.o)
                0x0008cde8                __sfp_lock_release
 .text.__libc_fini_array
                0x0008cdec       0x30 c:/users/alex/appdata/local/arduino15/packages/arduino/tools/arm-none-eabi-gcc/4.8.3-2014q1/bin/../lib/gcc/arm-none-eabi/4.8.3/../../../../arm-none-eabi/lib/armv7-m\libg.a(lib_a-fini.o)
                0x0008cdec                __libc_fini_array
 .text._fputwc_r
                0x0008ce1c       0xc0 c:/users/alex/appdata/local/arduino15/packages/arduino/tools/arm-none-eabi-gcc/4.8.3-2014q1/bin/../lib/gcc/arm-none-eabi/4.8.3/../../../../arm-none-eabi/lib/armv7-m\libg.a(lib_a-fputwc.o)
                0x0008ce1c                _fputwc_r
 .text._malloc_trim_r
                0x0008cedc       0x9c c:/users/alex/appdata/local/arduino15/packages/arduino/tools/arm-none-eabi-gcc/4.8.3-2014q1/bin/../lib/gcc/arm-none-eabi/4.8.3/../../../../arm-none-eabi/lib/armv7-m\libg.a(lib_a-freer.o)
                0x0008cedc                _malloc_trim_r
 .text._free_r  0x0008cf78      0x198 c:/users/alex/appdata/local/arduino15/packages/arduino/tools/arm-none-eabi-gcc/4.8.3-2014q1/bin/../lib/gcc/arm-none-eabi/4.8.3/../../../../arm-none-eabi/lib/armv7-m\libg.a(lib_a-freer.o)
                0x0008cf78                _free_r
 .text.__sfvwrite_r
                0x0008d110      0x314 c:/users/alex/appdata/local/arduino15/packages/arduino/tools/arm-none-eabi-gcc/4.8.3-2014q1/bin/../lib/gcc/arm-none-eabi/4.8.3/../../../../arm-none-eabi/lib/armv7-m\libg.a(lib_a-fvwrite.o)
                0x0008d110                __sfvwrite_r
 .text._fwalk   0x0008d424       0x48 c:/users/alex/appdata/local/arduino15/packages/arduino/tools/arm-none-eabi-gcc/4.8.3-2014q1/bin/../lib/gcc/arm-none-eabi/4.8.3/../../../../arm-none-eabi/lib/armv7-m\libg.a(lib_a-fwalk.o)
                0x0008d424                _fwalk
 .text.__locale_charset
                0x0008d46c        0x8 c:/users/alex/appdata/local/arduino15/packages/arduino/tools/arm-none-eabi-gcc/4.8.3-2014q1/bin/../lib/gcc/arm-none-eabi/4.8.3/../../../../arm-none-eabi/lib/armv7-m\libg.a(lib_a-locale.o)
                0x0008d46c                __locale_charset
 .text.__locale_mb_cur_max
                0x0008d474        0xc c:/users/alex/appdata/local/arduino15/packages/arduino/tools/arm-none-eabi-gcc/4.8.3-2014q1/bin/../lib/gcc/arm-none-eabi/4.8.3/../../../../arm-none-eabi/lib/armv7-m\libg.a(lib_a-locale.o)
                0x0008d474                __locale_mb_cur_max
 .text._localeconv_r
                0x0008d480        0x8 c:/users/alex/appdata/local/arduino15/packages/arduino/tools/arm-none-eabi-gcc/4.8.3-2014q1/bin/../lib/gcc/arm-none-eabi/4.8.3/../../../../arm-none-eabi/lib/armv7-m\libg.a(lib_a-locale.o)
                0x0008d480                _localeconv_r
 .text.__smakebuf_r
                0x0008d488       0xe0 c:/users/alex/appdata/local/arduino15/packages/arduino/tools/arm-none-eabi-gcc/4.8.3-2014q1/bin/../lib/gcc/arm-none-eabi/4.8.3/../../../../arm-none-eabi/lib/armv7-m\libg.a(lib_a-makebuf.o)
                0x0008d488                __smakebuf_r
 .text.memchr   0x0008d568       0x94 c:/users/alex/appdata/local/arduino15/packages/arduino/tools/arm-none-eabi-gcc/4.8.3-2014q1/bin/../lib/gcc/arm-none-eabi/4.8.3/../../../../arm-none-eabi/lib/armv7-m\libg.a(lib_a-memchr-stub.o)
                0x0008d568                memchr
 .text._Balloc  0x0008d5fc       0x4c c:/users/alex/appdata/local/arduino15/packages/arduino/tools/arm-none-eabi-gcc/4.8.3-2014q1/bin/../lib/gcc/arm-none-eabi/4.8.3/../../../../arm-none-eabi/lib/armv7-m\libg.a(lib_a-mprec.o)
                0x0008d5fc                _Balloc
 .text._Bfree   0x0008d648       0x14 c:/users/alex/appdata/local/arduino15/packages/arduino/tools/arm-none-eabi-gcc/4.8.3-2014q1/bin/../lib/gcc/arm-none-eabi/4.8.3/../../../../arm-none-eabi/lib/armv7-m\libg.a(lib_a-mprec.o)
                0x0008d648                _Bfree
 .text.__multadd
                0x0008d65c       0x94 c:/users/alex/appdata/local/arduino15/packages/arduino/tools/arm-none-eabi-gcc/4.8.3-2014q1/bin/../lib/gcc/arm-none-eabi/4.8.3/../../../../arm-none-eabi/lib/armv7-m\libg.a(lib_a-mprec.o)
                0x0008d65c                __multadd
 .text.__hi0bits
                0x0008d6f0       0x40 c:/users/alex/appdata/local/arduino15/packages/arduino/tools/arm-none-eabi-gcc/4.8.3-2014q1/bin/../lib/gcc/arm-none-eabi/4.8.3/../../../../arm-none-eabi/lib/armv7-m\libg.a(lib_a-mprec.o)
                0x0008d6f0                __hi0bits
 .text.__lo0bits
                0x0008d730       0x5c c:/users/alex/appdata/local/arduino15/packages/arduino/tools/arm-none-eabi-gcc/4.8.3-2014q1/bin/../lib/gcc/arm-none-eabi/4.8.3/../../../../arm-none-eabi/lib/armv7-m\libg.a(lib_a-mprec.o)
                0x0008d730                __lo0bits
 .text.__i2b    0x0008d78c       0x14 c:/users/alex/appdata/local/arduino15/packages/arduino/tools/arm-none-eabi-gcc/4.8.3-2014q1/bin/../lib/gcc/arm-none-eabi/4.8.3/../../../../arm-none-eabi/lib/armv7-m\libg.a(lib_a-mprec.o)
                0x0008d78c                __i2b
 .text.__multiply
                0x0008d7a0      0x13c c:/users/alex/appdata/local/arduino15/packages/arduino/tools/arm-none-eabi-gcc/4.8.3-2014q1/bin/../lib/gcc/arm-none-eabi/4.8.3/../../../../arm-none-eabi/lib/armv7-m\libg.a(lib_a-mprec.o)
                0x0008d7a0                __multiply
 .text.__pow5mult
                0x0008d8dc       0x9c c:/users/alex/appdata/local/arduino15/packages/arduino/tools/arm-none-eabi-gcc/4.8.3-2014q1/bin/../lib/gcc/arm-none-eabi/4.8.3/../../../../arm-none-eabi/lib/armv7-m\libg.a(lib_a-mprec.o)
                0x0008d8dc                __pow5mult
 .text.__lshift
                0x0008d978       0xbc c:/users/alex/appdata/local/arduino15/packages/arduino/tools/arm-none-eabi-gcc/4.8.3-2014q1/bin/../lib/gcc/arm-none-eabi/4.8.3/../../../../arm-none-eabi/lib/armv7-m\libg.a(lib_a-mprec.o)
                0x0008d978                __lshift
 .text.__mcmp   0x0008da34       0x48 c:/users/alex/appdata/local/arduino15/packages/arduino/tools/arm-none-eabi-gcc/4.8.3-2014q1/bin/../lib/gcc/arm-none-eabi/4.8.3/../../../../arm-none-eabi/lib/armv7-m\libg.a(lib_a-mprec.o)
                0x0008da34                __mcmp
 .text.__mdiff  0x0008da7c       0xd8 c:/users/alex/appdata/local/arduino15/packages/arduino/tools/arm-none-eabi-gcc/4.8.3-2014q1/bin/../lib/gcc/arm-none-eabi/4.8.3/../../../../arm-none-eabi/lib/armv7-m\libg.a(lib_a-mprec.o)
                0x0008da7c                __mdiff
 .text.__d2b    0x0008db54       0xbc c:/users/alex/appdata/local/arduino15/packages/arduino/tools/arm-none-eabi-gcc/4.8.3-2014q1/bin/../lib/gcc/arm-none-eabi/4.8.3/../../../../arm-none-eabi/lib/armv7-m\libg.a(lib_a-mprec.o)
                0x0008db54                __d2b
 .text._kill_r  0x0008dc10       0x28 c:/users/alex/appdata/local/arduino15/packages/arduino/tools/arm-none-eabi-gcc/4.8.3-2014q1/bin/../lib/gcc/arm-none-eabi/4.8.3/../../../../arm-none-eabi/lib/armv7-m\libg.a(lib_a-signalr.o)
                0x0008dc10                _kill_r